Microchip MPLAB XC8 Compiler V1.45 ()

Linker command line:

-W-3 --edf=C:\Program Files (x86)\Microchip\xc8\v1.45\dat\en_msgs.txt -cs \
  -h+dist/default/debug\DoorSensorV2.X.debug.sym \
  --cmf=dist/default/debug\DoorSensorV2.X.debug.cmf -z -Q16LF1829 \
  -oC:\Users\YAYRAA~1\AppData\Local\Temp\s69g.2 \
  -Mdist/default/debug/DoorSensorV2.X.debug.map -E1 -ver=XC8 \
  -ASTACK=0212Ch-023efh -pstack=STACK -ACODE=00h-07FFhx4 \
  -ASTRCODE=00h-01FFFh -ASTRING=00h-0FFhx32 -ACONST=00h-0FFhx32 \
  -AENTRY=00h-0FFhx32 -ACOMMON=070h-07Fh -ABANK0=020h-06Fh \
  -ABANK1=0A0h-0EFh -ABANK2=0120h-016Fh -ABANK3=01A0h-01EFh \
  -ABANK4=0220h-026Fh -ABANK5=02A0h-02EFh -ABANK6=0320h-036Fh \
  -ABANK7=03A0h-03EFh -ABANK8=0420h-046Fh -ABANK9=04A0h-04EFh \
  -ABANK10=0520h-056Fh -ABANK11=05A0h-05EFh -ABANK12=0620h-064Fh \
  -ABIGRAM=02000h-023EFh \
  -ARAM=020h-06Fh,0A0h-0EFh,0120h-016Fh,01A0h-01EFh,0220h-026Fh,02A0h-02EFh,0320h-036Fh,03A0h-03EFh,0420h-046Fh,04A0h-04EFh,0520h-056Fh,05A0h-05EFh,0620h-064Fh \
  -AABS1=020h-07Fh,0A0h-0EFh,0120h-016Fh,01A0h-01EFh,0220h-026Fh,02A0h-02EFh,0320h-036Fh,03A0h-03EFh,0420h-046Fh,04A0h-04EFh,0520h-056Fh,05A0h-05EFh,0620h-064Fh \
  -ASFR0=00h-01Fh -ASFR1=080h-09Fh -ASFR2=0100h-011Fh -ASFR3=0180h-019Fh \
  -ASFR4=0200h-021Fh -ASFR5=0280h-029Fh -ASFR6=0300h-031Fh \
  -ASFR7=0380h-039Fh -ASFR8=0400h-041Fh -ASFR9=0480h-049Fh \
  -ASFR10=0500h-051Fh -ASFR11=0580h-059Fh -ASFR12=0600h-061Fh \
  -ASFR13=0680h-06EFh -ASFR14=0700h-076Fh -ASFR15=0780h-07EFh \
  -ASFR16=0800h-086Fh -ASFR17=0880h-08EFh -ASFR18=0900h-096Fh \
  -ASFR19=0980h-09EFh -ASFR20=0A00h-0A6Fh -ASFR21=0A80h-0AEFh \
  -ASFR22=0B00h-0B6Fh -ASFR23=0B80h-0BEFh -ASFR24=0C00h-0C6Fh \
  -ASFR25=0C80h-0CEFh -ASFR26=0D00h-0D6Fh -ASFR27=0D80h-0DEFh \
  -ASFR28=0E00h-0E6Fh -ASFR29=0E80h-0EEFh -ASFR30=0F00h-0F6Fh \
  -ASFR31=0F80h-0FEFh -preset_vec=00h,intentry=04h,init,end_init \
  -ppowerup=CODE -pcinit=CODE -pfunctab=ENTRY -ACONFIG=08007h-08008h \
  -pconfig=CONFIG -DCONFIG=2 -AIDLOC=08000h-08003h -pidloc=IDLOC -DIDLOC=2 \
  -AEEDATA=00h-0FFh/0F000h -peeprom_data=EEDATA -DEEDATA=2 -DCODE=2 \
  -DSTRCODE=2 -DSTRING=2 -DCONST=2 -DENTRY=2 -k \
  C:\Users\YAYRAA~1\AppData\Local\Temp\s69g.obj \
  dist/default/debug\DoorSensorV2.X.debug.obj 

Object code version is 3.11

Machine type is 16LF1829



                Name                               Link     Load   Length Selector   Space Scale
C:\Users\YAYRAA~1\AppData\Local\Temp\s69g.obj
                end_init                             37       37        2        8       0
                reset_vec                             0        0        3        0       0
                config                             8007     8007        2    1000E       0
dist/default/debug\DoorSensorV2.X.debug.obj
                cinit                                39       39       3E        8       0
                intentry                              4        4       33        8       0
                text97                              801      801        1     1002       0
                text96                             138D     138D       11     271A       0
                text95                             153A     153A       1D     2A74       0
                swtext1                            1000     1000       18     2000       0
                text94                              544      544      149        8       0
                text93                                3        3        1        0       0
                text92                             1345     1345        D     268A       0
                text91                             12BD     12BD        6     257A       0
                text90                              7FF      7FF        1        8       0
                text89                             132F     132F        A     265E       0
                text88                             135F     135F        E     26BE       0
                text87                             1302     1302        9     2604       0
                text85                             12EA     12EA        8     25D4       0
                text84                             1735     1735       2C     2E6A       0
                text83                              99F      99F       55     133E       0
                text82                             16B8     16B8       28     2D70       0
                text81                             164C     164C       23     2C98       0
                text80                             16E0     16E0       2A     2DC0       0
                text79                              8FF      8FF       4D     11FE       0
                text78                             1481     1481       19     2902       0
                text77                              9F4      9F4       5E     13E8       0
                text76                             17C4     17C4       3C     2F88       0
                text75                              B15      B15       74     162A       0
                text74                             128B     128B        3     2516       0
                text73                             13AF     13AF       12     275E       0
                text72                              8B9      8B9       46     1172       0
                text71                              C03      C03       82     1806       0
                text70                              AB0      AB0       65     1560       0
                text69                              837      837       3D     106E       0
                text68                             162A     162A       22     2C54       0
                text67                              68D      68D       F6        8       0
                text66                              DC7      DC7       A9     1B8E       0
                text65                              E70      E70       B4     1CE0       0
                text64                             130B     130B        9     2616       0
                text63                              C85      C85       9F     190A       0
                text62                             13E6     13E6       15     27CC       0
                text61                               77       77      2CE        8       0
                text60                              7FE      7FE        1        8       0
                text59                             128E     128E        3     251C       0
                text58                             12F2     12F2        8     25E4       0
                text57                             129A     129A        4     2534       0
                text56                             14CE     14CE       1B     299C       0
                text55                             12D5     12D5        7     25AA       0
                text54                             1314     1314        9     2628       0
                text53                             170A     170A       2B     2E14       0
                text52                             12DC     12DC        7     25B8       0
                text51                             131D     131D        9     263A       0
                text50                             1452     1452       17     28A4       0
                text49                             12FA     12FA        8     25F4       0
                text48                             129E     129E        4     253C       0
                text47                             14E9     14E9       1B     29D2       0
                text46                             139E     139E       11     273C       0
                text45                             1557     1557       1D     2AAE       0
                text44                             1761     1761       30     2EC2       0
                text43                              A52      A52       5E     14A4       0
                text42                             12A2     12A2        4     2544       0
                text41                             1339     1339        C     2672       0
                text40                             12C3     12C3        6     2586       0
                text39                             1410     1410       16     2820       0
                text38                             15EA     15EA       20     2BD4       0
                text37                             1504     1504       1B     2A08       0
                text36                             1574     1574       1D     2AE8       0
                text35                              783      783       7B        8       0
                text34                             13C1     13C1       12     2782       0
                text33                             1326     1326        9     264C       0
                text32                             12E3     12E3        7     25C6       0
                text31                             136D     136D       10     26DA       0
                text30                             1291     1291        3     2522       0
                text29                             12C9     12C9        6     2592       0
                text28                             12AE     12AE        5     255C       0
                text27                             12B3     12B3        5     2566       0
                text26                              874      874       45     10E8       0
                text25                             1294     1294        3     2528       0
                text24                             166F     166F       23     2CDE       0
                text23                             149A     149A       1A     2934       0
                text22                             1426     1426       16     284C       0
                text21                             14B4     14B4       1A     2968       0
                text20                             1591     1591       1D     2B22       0
                text19                             160A     160A       20     2C14       0
                text18                             15AE     15AE       1D     2B5C       0
                text17                             13D3     13D3       13     27A6       0
                text16                              B89      B89       7A     1712       0
                text15                             1692     1692       26     2D24       0
                text14                             1791     1791       33     2F22       0
                text13                             143C     143C       16     2878       0
                text12                             12A6     12A6        4     254C       0
                text11                             1352     1352        D     26A4       0
                text10                             137D     137D       10     26FA       0
                text9                              151F     151F       1B     2A3E       0
                text8                              13FB     13FB       15     27F6       0
                text7                               D24      D24       A3     1A48       0
                text6                               F24      F24       DC     1E48       0
                text5                              1469     1469       18     28D2       0
                text4                              15CB     15CB       1F     2B96       0
                text3                               94C      94C       53     1298       0
                text2                               802      802       35     1004       0
                text1                              12B8     12B8        5     2570       0
                maintext                            345      345      1FF        8       0
                cstackBANK0                          20       20       4F       20       1
                cstackCOMMON                         70       70        7       70       1
                cstackBANK1                          A0       A0       2A       A0       1
                cstackBANK3                         1D0      1D0        C      1A0       1
                clrtext                            12CF     12CF        6     259E       0
                bssBANK3                            1A0      1A0       30      1A0       1
                dataBANK2                           16A      16A        4      120       1
                bssBANK2                            120      120       46      120       1
                dataBANK1                            E3       E3        3       A0       1
                bssBANK1                             CA       CA       19       A0       1
                bssCOMMON                            77       77        5       70       1
                nvBANK2                             166      166        4      120       1
                nvCOMMON                             7C       7C        2       70       1
                stringtext3                        1821     1821        5     3000       0
                stringtext2                        1812     1812        F     3000       0
                stringtext1                        1800     1800       12     3000       0
                idataBANK2                         12AA     12AA        4     2554       0
                idataBANK1                         1297     1297        3     252E       0

TOTAL           Name                               Link     Load   Length     Space
        CLASS   STACK          

        CLASS   CODE           
                end_init                             37       37        2         0
                cinit                                39       39       3E         0
                intentry                              4        4       33         0
                reset_vec                             0        0        3         0
                text97                              801      801        1         0
                text96                             138D     138D       11         0
                text95                             153A     153A       1D         0
                text94                              544      544      149         0
                text93                                3        3        1         0
                text92                             1345     1345        D         0
                text91                             12BD     12BD        6         0
                text90                              7FF      7FF        1         0
                text89                             132F     132F        A         0
                text88                             135F     135F        E         0
                text87                             1302     1302        9         0
                text85                             12EA     12EA        8         0
                text84                             1735     1735       2C         0
                text83                              99F      99F       55         0
                text82                             16B8     16B8       28         0
                text81                             164C     164C       23         0
                text80                             16E0     16E0       2A         0
                text79                              8FF      8FF       4D         0
                text78                             1481     1481       19         0
                text77                              9F4      9F4       5E         0
                text76                             17C4     17C4       3C         0
                text75                              B15      B15       74         0
                text74                             128B     128B        3         0
                text73                             13AF     13AF       12         0
                text72                              8B9      8B9       46         0
                text71                              C03      C03       82         0
                text70                              AB0      AB0       65         0
                text69                              837      837       3D         0
                text68                             162A     162A       22         0
                text67                              68D      68D       F6         0
                text66                              DC7      DC7       A9         0
                text65                              E70      E70       B4         0
                text64                             130B     130B        9         0
                text63                              C85      C85       9F         0
                text62                             13E6     13E6       15         0
                text61                               77       77      2CE         0
                text60                              7FE      7FE        1         0
                text59                             128E     128E        3         0
                text58                             12F2     12F2        8         0
                text57                             129A     129A        4         0
                text56                             14CE     14CE       1B         0
                text55                             12D5     12D5        7         0
                text54                             1314     1314        9         0
                text53                             170A     170A       2B         0
                text52                             12DC     12DC        7         0
                text51                             131D     131D        9         0
                text50                             1452     1452       17         0
                text49                             12FA     12FA        8         0
                text48                             129E     129E        4         0
                text47                             14E9     14E9       1B         0
                text46                             139E     139E       11         0
                text45                             1557     1557       1D         0
                text44                             1761     1761       30         0
                text43                              A52      A52       5E         0
                text42                             12A2     12A2        4         0
                text41                             1339     1339        C         0
                text40                             12C3     12C3        6         0
                text39                             1410     1410       16         0
                text38                             15EA     15EA       20         0
                text37                             1504     1504       1B         0
                text36                             1574     1574       1D         0
                text35                              783      783       7B         0
                text34                             13C1     13C1       12         0
                text33                             1326     1326        9         0
                text32                             12E3     12E3        7         0
                text31                             136D     136D       10         0
                text30                             1291     1291        3         0
                text29                             12C9     12C9        6         0
                text28                             12AE     12AE        5         0
                text27                             12B3     12B3        5         0
                text26                              874      874       45         0
                text25                             1294     1294        3         0
                text24                             166F     166F       23         0
                text23                             149A     149A       1A         0
                text22                             1426     1426       16         0
                text21                             14B4     14B4       1A         0
                text20                             1591     1591       1D         0
                text19                             160A     160A       20         0
                text18                             15AE     15AE       1D         0
                text17                             13D3     13D3       13         0
                text16                              B89      B89       7A         0
                text15                             1692     1692       26         0
                text14                             1791     1791       33         0
                text13                             143C     143C       16         0
                text12                             12A6     12A6        4         0
                text11                             1352     1352        D         0
                text10                             137D     137D       10         0
                text9                              151F     151F       1B         0
                text8                              13FB     13FB       15         0
                text7                               D24      D24       A3         0
                text6                               F24      F24       DC         0
                text5                              1469     1469       18         0
                text4                              15CB     15CB       1F         0
                text3                               94C      94C       53         0
                text2                               802      802       35         0
                text1                              12B8     12B8        5         0
                maintext                            345      345      1FF         0
                clrtext                            12CF     12CF        6         0
                idataBANK2                         12AA     12AA        4         0
                idataBANK1                         1297     1297        3         0

        CLASS   STRCODE        
                stringtext3                        1821     1821        5         0
                stringtext2                        1812     1812        F         0
                stringtext1                        1800     1800       12         0

        CLASS   STRING         

        CLASS   CONST          
                swtext1                            1000     1000       18         0

        CLASS   ENTRY          

        CLASS   COMMON         
                cstackCOMMON                         70       70        7         1
                bssCOMMON                            77       77        5         1
                nvCOMMON                             7C       7C        2         1

        CLASS   BANK0          
                cstackBANK0                          20       20       4F         1

        CLASS   BANK1          
                cstackBANK1                          A0       A0       2A         1
                dataBANK1                            E3       E3        3         1
                bssBANK1                             CA       CA       19         1

        CLASS   BANK2          
                dataBANK2                           16A      16A        4         1
                bssBANK2                            120      120       46         1
                nvBANK2                             166      166        4         1

        CLASS   BANK3          
                cstackBANK3                         1D0      1D0        C         1
                bssBANK3                            1A0      1A0       30         1

        CLASS   BANK4          

        CLASS   BANK5          

        CLASS   BANK6          

        CLASS   BANK7          

        CLASS   BANK8          

        CLASS   BANK9          

        CLASS   BANK10         

        CLASS   BANK11         

        CLASS   BANK12         

        CLASS   BIGRAM         

        CLASS   RAM            

        CLASS   ABS1           
                abs_s1                               7E       7E        2         1

        CLASS   SFR0           

        CLASS   SFR1           

        CLASS   SFR2           

        CLASS   SFR3           

        CLASS   SFR4           

        CLASS   SFR5           

        CLASS   SFR6           

        CLASS   SFR7           

        CLASS   SFR8           

        CLASS   SFR9           

        CLASS   SFR10          

        CLASS   SFR11          

        CLASS   SFR12          

        CLASS   SFR13          

        CLASS   SFR14          

        CLASS   SFR15          

        CLASS   SFR16          

        CLASS   SFR17          

        CLASS   SFR18          

        CLASS   SFR19          

        CLASS   SFR20          

        CLASS   SFR21          

        CLASS   SFR22          

        CLASS   SFR23          

        CLASS   SFR24          

        CLASS   SFR25          

        CLASS   SFR26          

        CLASS   SFR27          

        CLASS   SFR28          

        CLASS   SFR29          

        CLASS   SFR30          

        CLASS   SFR31          

        CLASS   CONFIG         
                config                             8007     8007        2         0

        CLASS   IDLOC          

        CLASS   EEDATA         

        CLASS   BANK31         

        CLASS   BANK30         

        CLASS   BANK29         

        CLASS   BANK28         

        CLASS   BANK27         

        CLASS   BANK26         

        CLASS   BANK25         

        CLASS   BANK24         

        CLASS   BANK23         

        CLASS   BANK22         

        CLASS   BANK21         

        CLASS   BANK20         

        CLASS   BANK19         

        CLASS   BANK18         

        CLASS   BANK17         

        CLASS   BANK16         

        CLASS   BANK15         

        CLASS   BANK14         

        CLASS   BANK13         



SEGMENTS        Name                           Load    Length   Top    Selector   Space  Class     Delta

                reset_vec                      000000  000004  000004         0       0  CODE        2
                intentry                       000004  0007FC  000800         8       0  CODE        2
                cstackBANK0                    000020  00004F  00006F        20       1  BANK0       1
                cstackCOMMON                   000070  00000E  00007E        70       1  COMMON      1
                cstackBANK1                    0000A0  000046  0000E6        A0       1  BANK1       1
                bssBANK2                       000120  00004E  00016E       120       1  BANK2       1
                bssBANK3                       0001A0  00003C  0001DC       1A0       1  BANK3       1
                text97                         000801  000001  000802      1002       0  CODE        2
                text2                          000802  000035  000837      1004       0  CODE        2
                text69                         000837  00003D  000874      106E       0  CODE        2
                text26                         000874  000045  0008B9      10E8       0  CODE        2
                text72                         0008B9  000046  0008FF      1172       0  CODE        2
                text79                         0008FF  00004D  00094C      11FE       0  CODE        2
                text3                          00094C  000053  00099F      1298       0  CODE        2
                text83                         00099F  000055  0009F4      133E       0  CODE        2
                text77                         0009F4  00005E  000A52      13E8       0  CODE        2
                text43                         000A52  00005E  000AB0      14A4       0  CODE        2
                text70                         000AB0  000065  000B15      1560       0  CODE        2
                text75                         000B15  000074  000B89      162A       0  CODE        2
                text16                         000B89  00007A  000C03      1712       0  CODE        2
                text71                         000C03  000082  000C85      1806       0  CODE        2
                text63                         000C85  00009F  000D24      190A       0  CODE        2
                text7                          000D24  0000A3  000DC7      1A48       0  CODE        2
                text66                         000DC7  0000A9  000E70      1B8E       0  CODE        2
                text65                         000E70  0000B4  000F24      1CE0       0  CODE        2
                text6                          000F24  0000DC  001000      1E48       0  CODE        2
                swtext1                        001000  000018  001018      2000       0  CONST       2
                text74                         00128B  000003  00128E      2516       0  CODE        2
                text59                         00128E  000003  001291      251C       0  CODE        2
                text30                         001291  000003  001294      2522       0  CODE        2
                text25                         001294  000003  001297      2528       0  CODE        2
                idataBANK1                     001297  000003  00129A      252E       0  CODE        2
                text57                         00129A  000004  00129E      2534       0  CODE        2
                text48                         00129E  000004  0012A2      253C       0  CODE        2
                text42                         0012A2  000004  0012A6      2544       0  CODE        2
                text12                         0012A6  000004  0012AA      254C       0  CODE        2
                idataBANK2                     0012AA  000004  0012AE      2554       0  CODE        2
                text28                         0012AE  000005  0012B3      255C       0  CODE        2
                text27                         0012B3  000005  0012B8      2566       0  CODE        2
                text1                          0012B8  000005  0012BD      2570       0  CODE        2
                text91                         0012BD  000006  0012C3      257A       0  CODE        2
                text40                         0012C3  000006  0012C9      2586       0  CODE        2
                text29                         0012C9  000006  0012CF      2592       0  CODE        2
                clrtext                        0012CF  000006  0012D5      259E       0  CODE        2
                text55                         0012D5  000007  0012DC      25AA       0  CODE        2
                text52                         0012DC  000007  0012E3      25B8       0  CODE        2
                text32                         0012E3  000007  0012EA      25C6       0  CODE        2
                text85                         0012EA  000008  0012F2      25D4       0  CODE        2
                text58                         0012F2  000008  0012FA      25E4       0  CODE        2
                text49                         0012FA  000008  001302      25F4       0  CODE        2
                text87                         001302  000009  00130B      2604       0  CODE        2
                text64                         00130B  000009  001314      2616       0  CODE        2
                text54                         001314  000009  00131D      2628       0  CODE        2
                text51                         00131D  000009  001326      263A       0  CODE        2
                text33                         001326  000009  00132F      264C       0  CODE        2
                text89                         00132F  00000A  001339      265E       0  CODE        2
                text41                         001339  00000C  001345      2672       0  CODE        2
                text92                         001345  00000D  001352      268A       0  CODE        2
                text11                         001352  00000D  00135F      26A4       0  CODE        2
                text88                         00135F  00000E  00136D      26BE       0  CODE        2
                text31                         00136D  000010  00137D      26DA       0  CODE        2
                text10                         00137D  000010  00138D      26FA       0  CODE        2
                text96                         00138D  000011  00139E      271A       0  CODE        2
                text46                         00139E  000011  0013AF      273C       0  CODE        2
                text73                         0013AF  000012  0013C1      275E       0  CODE        2
                text34                         0013C1  000012  0013D3      2782       0  CODE        2
                text17                         0013D3  000013  0013E6      27A6       0  CODE        2
                text62                         0013E6  000015  0013FB      27CC       0  CODE        2
                text8                          0013FB  000015  001410      27F6       0  CODE        2
                text39                         001410  000016  001426      2820       0  CODE        2
                text22                         001426  000016  00143C      284C       0  CODE        2
                text13                         00143C  000016  001452      2878       0  CODE        2
                text50                         001452  000017  001469      28A4       0  CODE        2
                text5                          001469  000018  001481      28D2       0  CODE        2
                text78                         001481  000019  00149A      2902       0  CODE        2
                text23                         00149A  00001A  0014B4      2934       0  CODE        2
                text21                         0014B4  00001A  0014CE      2968       0  CODE        2
                text56                         0014CE  00001B  0014E9      299C       0  CODE        2
                text47                         0014E9  00001B  001504      29D2       0  CODE        2
                text37                         001504  00001B  00151F      2A08       0  CODE        2
                text9                          00151F  00001B  00153A      2A3E       0  CODE        2
                text95                         00153A  00001D  001557      2A74       0  CODE        2
                text45                         001557  00001D  001574      2AAE       0  CODE        2
                text36                         001574  00001D  001591      2AE8       0  CODE        2
                text20                         001591  00001D  0015AE      2B22       0  CODE        2
                text18                         0015AE  00001D  0015CB      2B5C       0  CODE        2
                text4                          0015CB  00001F  0015EA      2B96       0  CODE        2
                text38                         0015EA  000020  00160A      2BD4       0  CODE        2
                text19                         00160A  000020  00162A      2C14       0  CODE        2
                text68                         00162A  000022  00164C      2C54       0  CODE        2
                text81                         00164C  000023  00166F      2C98       0  CODE        2
                text24                         00166F  000023  001692      2CDE       0  CODE        2
                text15                         001692  000026  0016B8      2D24       0  CODE        2
                text82                         0016B8  000028  0016E0      2D70       0  CODE        2
                text80                         0016E0  00002A  00170A      2DC0       0  CODE        2
                text53                         00170A  00002B  001735      2E14       0  CODE        2
                text84                         001735  00002C  001761      2E6A       0  CODE        2
                text44                         001761  000030  001791      2EC2       0  CODE        2
                text14                         001791  000033  0017C4      2F22       0  CODE        2
                text76                         0017C4  00003C  001800      2F88       0  CODE        2
                stringtext1                    001800  000026  001826      3000       0  STRCODE     2
                config                         008007  000002  008009     1000E       0  CONFIG      2


UNUSED ADDRESS RANGES

        Name                Unused          Largest block    Delta
        BANK0            0006F-0006F               1           1
        BANK1            000E6-000EF               A           1
        BANK10           00520-0056F              50           1
        BANK11           005A0-005EF              50           1
        BANK12           00620-0064F              30           1
        BANK2            0016E-0016F               2           1
        BANK3            001DC-001EF              14           1
        BANK4            00220-0026F              50           1
        BANK5            002A0-002EF              50           1
        BANK6            00320-0036F              50           1
        BANK7            003A0-003EF              50           1
        BANK8            00420-0046F              50           1
        BANK9            004A0-004EF              50           1
        BIGRAM           02000-023EF             3F0           1
        CODE             00800-00800               1           2
                         01018-0128A             273
                         01826-01FFF             7DA
        CONST            00800-00800               1           2
                         01018-0128A             100
                         01826-01FFF             100
        EEDATA           0F000-0F0FF             100           2
        ENTRY            00800-00800               1           2
                         01018-0128A             100
                         01826-01FFF             100
        IDLOC            08000-08003               4           2
        RAM              0006F-0006F               1           1
                         000E6-000EF               A
                         0016E-0016F               2
                         001DC-001EF              14
                         00220-0026F              50
                         002A0-002EF              50
                         00320-0036F              50
                         003A0-003EF              50
                         00420-0046F              50
                         004A0-004EF              50
                         00520-0056F              50
                         005A0-005EF              50
                         00620-0064F              30
        SFR0             00000-0001F              20           1
        SFR1             00080-0009F              20           1
        SFR10            00500-0051F              20           1
        SFR11            00580-0059F              20           1
        SFR12            00600-0061F              20           1
        SFR13            00680-006EF              70           1
        SFR14            00700-0076F              70           1
        SFR15            00780-007EF              70           1
        SFR16            00800-0086F              70           1
        SFR17            00880-008EF              70           1
        SFR18            00900-0096F              70           1
        SFR19            00980-009EF              70           1
        SFR2             00100-0011F              20           1
        SFR20            00A00-00A6F              70           1
        SFR21            00A80-00AEF              70           1
        SFR22            00B00-00B6F              70           1
        SFR23            00B80-00BEF              70           1
        SFR24            00C00-00C6F              70           1
        SFR25            00C80-00CEF              70           1
        SFR26            00D00-00D6F              70           1
        SFR27            00D80-00DEF              70           1
        SFR28            00E00-00E6F              70           1
        SFR29            00E80-00EEF              70           1
        SFR3             00180-0019F              20           1
        SFR30            00F00-00F6F              70           1
        SFR31            00F80-00FEF              70           1
        SFR4             00200-0021F              20           1
        SFR5             00280-0029F              20           1
        SFR6             00300-0031F              20           1
        SFR7             00380-0039F              20           1
        SFR8             00400-0041F              20           1
        SFR9             00480-0049F              20           1
        STACK            0212C-023EF             2C4           1
        STRCODE          00800-00800               1           2
                         01018-0128A             273
                         01826-01FFF             7DA
        STRING           00800-00800               1           2
                         01018-0128A             100
                         01826-01FFF             100

                                  Symbol Table

?_ADC_GetConversionResult                                cstackBANK0  00021
?_BMP_readTemperature                                    cstackBANK1  000A6
?_Sensor_getSupplyVoltage                                cstackBANK0  00041
?_TMR1_ReadTimer                                         cstackBANK0  00021
?_Timeout_getGlobalCounter                               cstackBANK0  00021
?___aldiv                                                cstackBANK0  00021
?___altoft                                               cstackBANK0  00029
?___awtoft                                               cstackBANK0  00029
?___ftadd                                                cstackBANK0  00049
?___ftdiv                                                cstackBANK0  00031
?___ftmul                                                cstackBANK0  00056
?___ftneg                                                cstackBANK0  00041
?___ftpack                                               cstackBANK0  00021
?___fttol                                                cstackBANK0  00066
?___lldiv                                                cstackBANK0  00021
?___lmul                                                 cstackBANK0  00021
?___lwdiv                                                cstackBANK0  00021
?___lwtoft                                               cstackBANK0  00029
?_limit                                                  cstackBANK0  00021
ADC_SelectChannel@channel                                cstackBANK0  00022
BMP_init@t                                               cstackBANK0  0003F
BMP_readTemperature@status                               cstackBANK1  000B8
BMP_readTemperature@tmp                                  cstackBANK1  000B9
DATAEE_WriteByte@GIEBitValue                             cstackBANK0  00023
DATAEE_WriteByte@bAdd                                    cstackBANK0  00022
DATAEE_WriteByte@bData                                   cstackBANK0  00021
DOOR_update@closedAngle                                  cstackBANK0  00027
DOOR_update@openAngle                                    cstackBANK0  00029
Diag_getSensorHealth@var                                 cstackBANK0  00022
Diag_setTempSensorHealth@health                          cstackBANK0  00022
HMC5883L_I2C_BufferRead@NumByteToRead                    cstackBANK0  0003F
HMC5883L_I2C_BufferRead@ReadAddr                         cstackBANK0  0003E
HMC5883L_I2C_BufferRead@pBuffer                          cstackBANK0  0003C
HMC5883L_I2C_BufferRead@slaveAddr                        cstackBANK0  00042
HMC5883L_ReadBits@bitStart                               cstackBANK0  00044
HMC5883L_ReadBits@data                                   cstackBANK0  00046
HMC5883L_ReadBits@length                                 cstackBANK0  00045
HMC5883L_ReadBits@mask                                   cstackBANK0  0004B
HMC5883L_ReadBits@regAddr                                cstackBANK0  00043
HMC5883L_ReadBits@slaveAddr                              cstackBANK0  0004A
HMC5883L_ReadBits@tmp                                    cstackBANK0  0004C
HMC5883L_TestConnection@F3572                            bssBANK2     00137
I2C2_ISR@i2c_10bit_address_restart                       bssBANK1     000E0
I2C2_ISR@i2c_address                                     bssCOMMON    0007A
I2C2_ISR@i2c_bytes_left                                  bssBANK1     000E1
I2C2_ISR@pi2c_buf_ptr                                    bssBANK1     000D5
I2C2_MasterRead@address                                  cstackBANK0  0002C
I2C2_MasterRead@length                                   cstackBANK0  0002B
I2C2_MasterRead@pdata                                    cstackBANK0  00029
I2C2_MasterRead@pflag                                    cstackBANK0  0002E
I2C2_MasterRead@trBlock                                  bssBANK2     00158
I2C2_MasterReadTRBBuild@address                          cstackBANK0  00024
I2C2_MasterReadTRBBuild@length                           cstackBANK0  00023
I2C2_MasterReadTRBBuild@pdata                            cstackBANK0  00021
I2C2_MasterReadTRBBuild@ptrb                             cstackBANK0  00028
I2C2_MasterTRBInsert@count                               cstackBANK0  00024
I2C2_MasterTRBInsert@pflag                               cstackBANK0  00022
I2C2_MasterTRBInsert@ptrb_list                           cstackBANK0  00021
I2C2_MasterWrite@address                                 cstackBANK0  00029
I2C2_MasterWrite@length                                  cstackBANK0  00028
I2C2_MasterWrite@pdata                                   cstackBANK0  0002E
I2C2_MasterWrite@pflag                                   cstackBANK0  0002B
I2C2_MasterWrite@trBlock                                 bssBANK2     0015D
I2C2_MasterWriteTRBBuild@address                         cstackBANK0  00023
I2C2_MasterWriteTRBBuild@length                          cstackBANK0  00022
I2C2_MasterWriteTRBBuild@pdata                           cstackBANK0  00021
I2C2_MasterWriteTRBBuild@ptrb                            cstackBANK0  00027
I2C2_Stop@completion_code                                cstackCOMMON 00072
I2C_BufferRead@NumByteToRead                             cstackBANK0  00034
I2C_BufferRead@ReadAddr                                  cstackBANK0  00033
I2C_BufferRead@pBuffer                                   cstackBANK0  00031
I2C_BufferRead@slaveAddr                                 cstackBANK0  0003A
I2C_BufferRead@status                                    cstackBANK0  0003B
I2C_ByteWrite@WriteAddr                                  cstackBANK0  00030
I2C_ByteWrite@data                                       cstackBANK0  00036
I2C_ByteWrite@pBuffer                                    cstackBANK0  0002F
I2C_ByteWrite@slaveAddr                                  cstackBANK0  00035
I2C_ByteWrite@status                                     cstackBANK0  00038
IOCAF2_SetInterruptHandler@InterruptHandler              cstackBANK0  00021
RF_DataIsReady@channel                                   cstackBANK0  00027
RF_DataIsReady@status                                    cstackBANK0  00028
RF_ReadRegister@reg                                      cstackBANK0  00024
RF_ReadRegister@val                                      cstackBANK0  00025
RF_ReadRegisterData@buf                                  cstackBANK0  0002A
RF_ReadRegisterData@bufSize                              cstackBANK0  0002B
RF_ReadRegisterData@reg                                  cstackBANK0  0002E
RF_ResetStatusIRQ@flags                                  cstackBANK0  00026
RF_RxPayload@payload                                     cstackBANK0  00032
RF_RxPayload@payloadSize                                 cstackBANK0  0002F
RF_TxPayload@payload                                     cstackBANK0  00030
RF_TxPayload@payloadSize                                 cstackBANK0  0002E
RF_Write@val                                             cstackBANK0  00023
RF_WriteRead@val                                         cstackBANK0  00024
RF_WriteRegister@reg                                     cstackBANK0  00024
RF_WriteRegister@val                                     cstackBANK0  00023
RF_WriteRegisterData@buf                                 cstackBANK0  00029
RF_WriteRegisterData@bufSize                             cstackBANK0  0002B
RF_WriteRegisterData@reg                                 cstackBANK0  0002D
SPI1_Exchange8bit@data                                   cstackBANK0  00021
SPI_WriteBuffer@bufOut                                   cstackBANK0  00023
SPI_WriteBuffer@bufSize                                  cstackBANK0  00025
SPI_WriteBuffer@i                                        cstackBANK0  00028
SPI_WriteRead@val                                        cstackBANK0  00022
SPI_WriteReadBuffer@bufIn                                cstackBANK0  00023
SPI_WriteReadBuffer@bufOut                               cstackBANK0  00028
SPI_WriteReadBuffer@bufSize                              cstackBANK0  00024
SPI_WriteReadBuffer@i                                    cstackBANK0  00029
Sensor_getSupplyVoltage@res                              cstackBANK0  00047
Sensor_getSupplyVoltage@voltage                          cstackBANK0  00044
Storage_save@closeAngle                                  cstackBANK0  00024
Storage_save@openAngle                                   cstackBANK0  00026
TMR1_ReadTimer@readVal                                   cstackBANK0  00028
TMR1_ReadTimer@readValHigh                               cstackBANK0  0002A
TMR1_ReadTimer@readValLow                                cstackBANK0  0002B
TMR1_SetInterruptHandler@InterruptHandler                cstackBANK0  00021
Timeout_setTimeout@val                                   cstackBANK0  00021
Timeout_updateCurrentTime@var                            cstackBANK0  00031
Wireless_changeTransmitPower@power                       cstackBANK0  00032
Wireless_changeTransmitPower@val                         cstackBANK0  00033
Wireless_checkDataReceived@channel                       cstackBANK0  0003B
Wireless_checkDataReceived@data                          cstackBANK0  00037
Wireless_determineTransmitPower@initialise               cstackBANK0  00038
Wireless_determineTransmitPower@latestResult             cstackBANK0  0003A
Wireless_determineTransmitPower@numOfSuccessfulTransmits bssBANK1     000DA
Wireless_determineTransmitPower@numOfTransmits           bssBANK1     000DB
Wireless_determineTransmitPower@testPayload              cstackBANK0  00039
Wireless_init@TADDR                                      stringtext3  01821
Wireless_isDataTransmitSuccessful@status                 cstackBANK0  00026
Wireless_packageData@data                                cstackBANK1  000BE
Wireless_packageData@openTime                            cstackBANK1  000BA
Wireless_packageData@status                              cstackBANK1  000C5
Wireless_packageData@t1                                  cstackBANK1  000C6
Wireless_packageData@tempC                               cstackBANK1  000BB
Wireless_packageData@var                                 cstackBANK1  000C4
Wireless_sendData@length                                 cstackBANK0  00031
Wireless_sendData@payload                                cstackBANK0  00034
Wireless_sendData@status                                 cstackBANK0  00033
Wireless_sleep@reg                                       cstackBANK0  00030
Wireless_wake@reg                                        cstackBANK0  00030
_ADCON0                                                  (abs)        0009D
_ADCON0bits                                              (abs)        0009D
_ADCON1                                                  (abs)        0009E
_ADC_GetConversionResult                                 text33       01326
_ADC_Initialize                                          text58       012F2
_ADC_IsConversionDone                                    text32       012E3
_ADC_SelectChannel                                       text31       0136D
_ADC_StartConversion                                     text30       01291
_ADRESH                                                  (abs)        0009C
_ADRESL                                                  (abs)        0009B
_ANSELA                                                  (abs)        0018C
_ANSELB                                                  (abs)        0018D
_ANSELC                                                  (abs)        0018E
_APFCON0                                                 (abs)        0011D
_APFCON1                                                 (abs)        0011E
_BMP_init                                                text75       00B15
_BMP_readTemperature                                     text61       00077
_BMP_readTemperature$2648                                cstackBANK1  000B5
_BORCON                                                  (abs)        00116
_DATAEE_WriteByte                                        text24       0166F
_DOOR_init                                               text60       007FE
_DOOR_resetPos                                           text25       01294
_DOOR_run                                                text59       0128E
_DOOR_update                                             text22       01426
_Diag_getSensorHealth                                    text34       013C1
_Diag_getTempSensorHealth                                text74       0128B
_Diag_setTempSensorHealth                                text85       012EA
_EEADRH                                                  (abs)        00192
_EEADRL                                                  (abs)        00191
_EECON1bits                                              (abs)        00195
_EECON2                                                  (abs)        00196
_EEDATH                                                  (abs)        00194
_EEDATL                                                  (abs)        00193
_FVRCON                                                  (abs)        00117
_FVRCONbits                                              (abs)        00117
_FVR_Initialize                                          text57       0129A
_FVR_IsOutputReady                                       text29       012C9
_HMC5883L_I2C_BufferRead                                 text73       013AF
_HMC5883L_ReadBits                                       text72       008B9
_HMC5883Lmode                                            bssBANK1     000DF
_I2C2_BusCollisionISR                                    text97       00801
_I2C2_FunctionComplete                                   text96       0138D
_I2C2_ISR                                                text94       00544
_I2C2_Initialize                                         text56       014CE
_I2C2_MasterRead                                         text82       016B8
_I2C2_MasterReadTRBBuild                                 text84       01735
_I2C2_MasterTRBInsert                                    text83       0099F
_I2C2_MasterWrite                                        text80       016E0
_I2C2_MasterWriteTRBBuild                                text81       0164C
_I2C2_Stop                                               text95       0153A
_I2C_BufferRead                                          text77       009F4
_I2C_ByteWrite                                           text76       017C4
_INTCONbits                                              (abs)        0000B
_INTERRUPT_InterruptManager                              intentry     00004
_IOCAF2_DefaultInterruptHandler                          text93       00003
_IOCAF2_ISR                                              text92       01345
_IOCAF2_InterruptHandler                                 nvBANK2      00168
_IOCAF2_SetInterruptHandler                              text54       01314
_IOCAFbits                                               (abs)        00393
_IOCANbits                                               (abs)        00392
_IOCAPbits                                               (abs)        00391
_LATA                                                    (abs)        0010C
_LATB                                                    (abs)        0010D
_LATC                                                    (abs)        0010E
_LATCbits                                                (abs)        0010E
_OPTION_REGbits                                          (abs)        00095
_OSCCON                                                  (abs)        00099
_OSCILLATOR_Initialize                                   text55       012D5
_OSCTUNE                                                 (abs)        00098
_PIE1bits                                                (abs)        00091
_PIE4bits                                                (abs)        00094
_PIN_MANAGER_IOC                                         text91       012BD
_PIN_MANAGER_Initialize                                  text53       0170A
_PIR1bits                                                (abs)        00011
_PIR4bits                                                (abs)        00014
_PORTCbits                                               (abs)        0000E
_PR2                                                     (abs)        0001B
_RF_DataIsReady                                          text20       01591
_RF_GetStatus                                            text12       012A6
_RF_Init                                                 text42       012A2
_RF_ReadRegister                                         text21       014B4
_RF_ReadRegisterData                                     text18       015AE
_RF_ResetStatusIRQ                                       text38       015EA
_RF_RxPayload                                            text17       013D3
_RF_TxPayload                                            text9        0151F
_RF_Write                                                text10       0137D
_RF_WriteRead                                            text13       0143C
_RF_WriteRegister                                        text39       01410
_RF_WriteRegisterData                                    text36       01574
_SPI1_Exchange8bit                                       text41       01339
_SPI1_Initialize                                         text52       012DC
_SPI_WriteBuffer                                         text37       01504
_SPI_WriteRead                                           text40       012C3
_SPI_WriteReadBuffer                                     text19       0160A
_SSP1ADD                                                 (abs)        00212
_SSP1BUF                                                 (abs)        00211
_SSP1CON1                                                (abs)        00215
_SSP1CON1bits                                            (abs)        00215
_SSP1STAT                                                (abs)        00214
_SSP1STATbits                                            (abs)        00214
_SSP2ADD                                                 (abs)        0021A
_SSP2BUF                                                 (abs)        00219
_SSP2CON1                                                (abs)        0021D
_SSP2CON1bits                                            (abs)        0021D
_SSP2CON2bits                                            (abs)        0021E
_SSP2CON3                                                (abs)        0021F
_SSP2STAT                                                (abs)        0021C
_SYSTEM_Initialize                                       text47       014E9
_Sensor_getSupplyVoltage                                 text26       00874
_Sensor_peripheralSleep                                  text28       012AE
_Sensor_peripheralWake                                   text27       012B3
_Storage_save                                            text23       0149A
_T1CON                                                   (abs)        00018
_T1CONbits                                               (abs)        00018
_T1GCON                                                  (abs)        00019
_T1GCONbits                                              (abs)        00019
_T2CON                                                   (abs)        0001C
_T2CONbits                                               (abs)        0001C
_TMR1H                                                   (abs)        00017
_TMR1L                                                   (abs)        00016
_TMR1_CallBack                                           text88       0135F
_TMR1_DefaultInterruptHandler                            text90       007FF
_TMR1_ISR                                                text87       01302
_TMR1_Initialize                                         text50       01452
_TMR1_InterruptHandler                                   nvBANK2      00166
_TMR1_ReadTimer                                          text45       01557
_TMR1_SetInterruptHandler                                text51       0131D
_TMR2                                                    (abs)        0001A
_TMR2_Initialize                                         text49       012FA
_TRISA                                                   (abs)        0008C
_TRISB                                                   (abs)        0008D
_TRISC                                                   (abs)        0008E
_Timeout_getGlobalCounter                                text46       0139E
_Timeout_hasExpired                                      text79       008FF
_Timeout_increment                                       text89       0132F
_Timeout_setTimeout                                      text78       01481
_Timeout_updateCurrentTime                               text43       00A52
_WDTCON                                                  (abs)        00097
_WDT_Initialize                                          text48       0129E
_WPUA                                                    (abs)        0020C
_WPUB                                                    (abs)        0020D
_WPUC                                                    (abs)        0020E
_WPUCbits                                                (abs)        0020E
_Wireless_changeTransmitPower                            text14       01791
_Wireless_checkDataReceived                              text16       00B89
_Wireless_determineTransmitPower                         text7        00D24
_Wireless_init                                           text35       00783
_Wireless_isDataTransmitSuccessful                       text11       01352
_Wireless_packageData                                    text6        00F24
_Wireless_sendData                                       text8        013FB
_Wireless_sleep                                          text5        01469
_Wireless_wake                                           text4        015CB
__CFG_BOREN$ON                                           (abs)        00000
__CFG_BORV$LO                                            (abs)        00000
__CFG_CLKOUTEN$OFF                                       (abs)        00000
__CFG_CP$OFF                                             (abs)        00000
__CFG_CPD$OFF                                            (abs)        00000
__CFG_FCMEN$ON                                           (abs)        00000
__CFG_FOSC$INTOSC                                        (abs)        00000
__CFG_IESO$ON                                            (abs)        00000
__CFG_LVP$ON                                             (abs)        00000
__CFG_MCLRE$ON                                           (abs)        00000
__CFG_PLLEN$OFF                                          (abs)        00000
__CFG_PWRTE$OFF                                          (abs)        00000
__CFG_STVREN$ON                                          (abs)        00000
__CFG_WDTE$NSLEEP                                        (abs)        00000
__CFG_WRT$OFF                                            (abs)        00000
__Habs1                                                  abs1         00000
__Hbank0                                                 bank0        00000
__Hbank1                                                 bank1        00000
__Hbank10                                                bank10       00000
__Hbank11                                                bank11       00000
__Hbank12                                                bank12       00000
__Hbank13                                                bank13       00000
__Hbank14                                                bank14       00000
__Hbank15                                                bank15       00000
__Hbank16                                                bank16       00000
__Hbank17                                                bank17       00000
__Hbank18                                                bank18       00000
__Hbank19                                                bank19       00000
__Hbank2                                                 bank2        00000
__Hbank20                                                bank20       00000
__Hbank21                                                bank21       00000
__Hbank22                                                bank22       00000
__Hbank23                                                bank23       00000
__Hbank24                                                bank24       00000
__Hbank25                                                bank25       00000
__Hbank26                                                bank26       00000
__Hbank27                                                bank27       00000
__Hbank28                                                bank28       00000
__Hbank29                                                bank29       00000
__Hbank3                                                 bank3        00000
__Hbank30                                                bank30       00000
__Hbank31                                                bank31       00000
__Hbank4                                                 bank4        00000
__Hbank5                                                 bank5        00000
__Hbank6                                                 bank6        00000
__Hbank7                                                 bank7        00000
__Hbank8                                                 bank8        00000
__Hbank9                                                 bank9        00000
__Hbigram                                                bigram       00000
__HbssBANK1                                              bssBANK1     00000
__HbssBANK2                                              bssBANK2     00000
__HbssBANK3                                              bssBANK3     00000
__HbssCOMMON                                             bssCOMMON    00000
__Hcinit                                                 cinit        00077
__Hclrtext                                               clrtext      00000
__Hcode                                                  code         00000
__Hcommon                                                common       00000
__Hconfig                                                config       08009
__HcstackBANK0                                           cstackBANK0  00000
__HcstackBANK1                                           cstackBANK1  00000
__HcstackBANK3                                           cstackBANK3  00000
__HcstackCOMMON                                          cstackCOMMON 00000
__HdataBANK1                                             dataBANK1    00000
__HdataBANK2                                             dataBANK2    00000
__Heeprom_data                                           eeprom_data  00000
__Hend_init                                              end_init     00039
__Hfunctab                                               functab      00000
__HidataBANK1                                            idataBANK1   00000
__HidataBANK2                                            idataBANK2   00000
__Hidloc                                                 idloc        00000
__Hinit                                                  init         00037
__Hintentry                                              intentry     00037
__Hmaintext                                              maintext     00000
__HnvBANK2                                               nvBANK2      00000
__HnvCOMMON                                              nvCOMMON     00000
__Hpowerup                                               powerup      00000
__Hram                                                   ram          00000
__Hreset_vec                                             reset_vec    00003
__Hsfr0                                                  sfr0         00000
__Hsfr1                                                  sfr1         00000
__Hsfr10                                                 sfr10        00000
__Hsfr11                                                 sfr11        00000
__Hsfr12                                                 sfr12        00000
__Hsfr13                                                 sfr13        00000
__Hsfr14                                                 sfr14        00000
__Hsfr15                                                 sfr15        00000
__Hsfr16                                                 sfr16        00000
__Hsfr17                                                 sfr17        00000
__Hsfr18                                                 sfr18        00000
__Hsfr19                                                 sfr19        00000
__Hsfr2                                                  sfr2         00000
__Hsfr20                                                 sfr20        00000
__Hsfr21                                                 sfr21        00000
__Hsfr22                                                 sfr22        00000
__Hsfr23                                                 sfr23        00000
__Hsfr24                                                 sfr24        00000
__Hsfr25                                                 sfr25        00000
__Hsfr26                                                 sfr26        00000
__Hsfr27                                                 sfr27        00000
__Hsfr28                                                 sfr28        00000
__Hsfr29                                                 sfr29        00000
__Hsfr3                                                  sfr3         00000
__Hsfr30                                                 sfr30        00000
__Hsfr31                                                 sfr31        00000
__Hsfr4                                                  sfr4         00000
__Hsfr5                                                  sfr5         00000
__Hsfr6                                                  sfr6         00000
__Hsfr7                                                  sfr7         00000
__Hsfr8                                                  sfr8         00000
__Hsfr9                                                  sfr9         00000
__Hspace_0                                               (abs)        08009
__Hspace_1                                               (abs)        001DC
__Hspace_2                                               (abs)        00000
__Hspace_3                                               (abs)        00000
__Hstack                                                 stack        00000
__Hstrings                                               strings      00000
__Hstringtext1                                           stringtext1  00000
__Hstringtext2                                           stringtext2  00000
__Hstringtext3                                           stringtext3  00000
__Htext                                                  text         00000
__Labs1                                                  abs1         00000
__Lbank0                                                 bank0        00000
__Lbank1                                                 bank1        00000
__Lbank10                                                bank10       00000
__Lbank11                                                bank11       00000
__Lbank12                                                bank12       00000
__Lbank13                                                bank13       00000
__Lbank14                                                bank14       00000
__Lbank15                                                bank15       00000
__Lbank16                                                bank16       00000
__Lbank17                                                bank17       00000
__Lbank18                                                bank18       00000
__Lbank19                                                bank19       00000
__Lbank2                                                 bank2        00000
__Lbank20                                                bank20       00000
__Lbank21                                                bank21       00000
__Lbank22                                                bank22       00000
__Lbank23                                                bank23       00000
__Lbank24                                                bank24       00000
__Lbank25                                                bank25       00000
__Lbank26                                                bank26       00000
__Lbank27                                                bank27       00000
__Lbank28                                                bank28       00000
__Lbank29                                                bank29       00000
__Lbank3                                                 bank3        00000
__Lbank30                                                bank30       00000
__Lbank31                                                bank31       00000
__Lbank4                                                 bank4        00000
__Lbank5                                                 bank5        00000
__Lbank6                                                 bank6        00000
__Lbank7                                                 bank7        00000
__Lbank8                                                 bank8        00000
__Lbank9                                                 bank9        00000
__Lbigram                                                bigram       00000
__LbssBANK1                                              bssBANK1     00000
__LbssBANK2                                              bssBANK2     00000
__LbssBANK3                                              bssBANK3     00000
__LbssCOMMON                                             bssCOMMON    00000
__Lcinit                                                 cinit        00039
__Lclrtext                                               clrtext      00000
__Lcode                                                  code         00000
__Lcommon                                                common       00000
__Lconfig                                                config       08007
__LcstackBANK0                                           cstackBANK0  00000
__LcstackBANK1                                           cstackBANK1  00000
__LcstackBANK3                                           cstackBANK3  00000
__LcstackCOMMON                                          cstackCOMMON 00000
__LdataBANK1                                             dataBANK1    00000
__LdataBANK2                                             dataBANK2    00000
__Leeprom_data                                           eeprom_data  00000
__Lend_init                                              end_init     00037
__Lfunctab                                               functab      00000
__LidataBANK1                                            idataBANK1   00000
__LidataBANK2                                            idataBANK2   00000
__Lidloc                                                 idloc        00000
__Linit                                                  init         00037
__Lintentry                                              intentry     00004
__Lmaintext                                              maintext     00000
__LnvBANK2                                               nvBANK2      00000
__LnvCOMMON                                              nvCOMMON     00000
__Lpowerup                                               powerup      00000
__Lram                                                   ram          00000
__Lreset_vec                                             reset_vec    00000
__Lsfr0                                                  sfr0         00000
__Lsfr1                                                  sfr1         00000
__Lsfr10                                                 sfr10        00000
__Lsfr11                                                 sfr11        00000
__Lsfr12                                                 sfr12        00000
__Lsfr13                                                 sfr13        00000
__Lsfr14                                                 sfr14        00000
__Lsfr15                                                 sfr15        00000
__Lsfr16                                                 sfr16        00000
__Lsfr17                                                 sfr17        00000
__Lsfr18                                                 sfr18        00000
__Lsfr19                                                 sfr19        00000
__Lsfr2                                                  sfr2         00000
__Lsfr20                                                 sfr20        00000
__Lsfr21                                                 sfr21        00000
__Lsfr22                                                 sfr22        00000
__Lsfr23                                                 sfr23        00000
__Lsfr24                                                 sfr24        00000
__Lsfr25                                                 sfr25        00000
__Lsfr26                                                 sfr26        00000
__Lsfr27                                                 sfr27        00000
__Lsfr28                                                 sfr28        00000
__Lsfr29                                                 sfr29        00000
__Lsfr3                                                  sfr3         00000
__Lsfr30                                                 sfr30        00000
__Lsfr31                                                 sfr31        00000
__Lsfr4                                                  sfr4         00000
[...]
 Parameters:    Size  Location     Type
		None
 Auto vars:     Size  Location     Type
		None
 Return value:  Size  Location     Type
                  1    wreg      void 
 Registers used:
		wreg
 Tracked objects:
		On entry : 
		On exit  : 
		Unchanged: 
 Data sizes:     COMMON   BANK0   BANK1   BANK2   BANK3   BANK4   BANK5   BANK6   BANK7   BANK8   BANK9  BANK10  BANK11  BANK12
      Params:         0       0       0       0       0       0       0       0       0       0       0       0       0       0
      Locals:         0       0       0       0       0       0       0       0       0       0       0       0       0       0
      Temps:          0       0       0       0       0       0       0       0       0       0       0       0       0       0
      Totals:         0       0       0       0       0       0       0       0       0       0       0       0       0       0
Total ram usage:        0 bytes
 Hardware stack levels used:    1
 This function calls:
		Nothing
 This function is called by:
		_TMR1_CallBack
 This function uses a non-reentrant model


 *************** function _TMR1_DefaultInterruptHandler *****************
 Defined at:
		line 185 in file "mcc_generated_files/tmr1.c"
 Parameters:    Size  Location     Type
		None
 Auto vars:     Size  Location     Type
		None
 Return value:  Size  Location     Type
                  1    wreg      void 
 Registers used:
		None
 Tracked objects:
		On entry : 
		On exit  : 
		Unchanged: 
 Data sizes:     COMMON   BANK0   BANK1   BANK2   BANK3   BANK4   BANK5   BANK6   BANK7   BANK8   BANK9  BANK10  BANK11  BANK12
      Params:         0       0       0       0       0       0       0       0       0       0       0       0       0       0
      Locals:         0       0       0       0       0       0       0       0       0       0       0       0       0       0
      Temps:          0       0       0       0       0       0       0       0       0       0       0       0       0       0
      Totals:         0       0       0       0       0       0       0       0       0       0       0       0       0       0
Total ram usage:        0 bytes
 Hardware stack levels used:    1
 This function calls:
		Nothing
 This function is called by:
		_TMR1_Initialize
		_TMR1_CallBack
 This function uses a non-reentrant model


 *************** function _PIN_MANAGER_IOC *****************
 Defined at:
		line 110 in file "mcc_generated_files/pin_manager.c"
 Parameters:    Size  Location     Type
		None
 Auto vars:     Size  Location     Type
		None
 Return value:  Size  Location     Type
                  1    wreg      void 
 Registers used:
		wreg, status,2, status,0, pclath, cstack
 Tracked objects:
		On entry : 
		On exit  : 
		Unchanged: 
 Data sizes:     COMMON   BANK0   BANK1   BANK2   BANK3   BANK4   BANK5   BANK6   BANK7   BANK8   BANK9  BANK10  BANK11  BANK12
      Params:         0       0       0       0       0       0       0       0       0       0       0       0       0       0
      Locals:         0       0       0       0       0       0       0       0       0       0       0       0       0       0
      Temps:          0       0       0       0       0       0       0       0       0       0       0       0       0       0
      Totals:         0       0       0       0       0       0       0       0       0       0       0       0       0       0
Total ram usage:        0 bytes
 Hardware stack levels used:    1
 Hardware stack levels required when called:    2
 This function calls:
		_IOCAF2_ISR
 This function is called by:
		_INTERRUPT_InterruptManager
 This function uses a non-reentrant model


 *************** function _IOCAF2_ISR *****************
 Defined at:
		line 124 in file "mcc_generated_files/pin_manager.c"
 Parameters:    Size  Location     Type
		None
 Auto vars:     Size  Location     Type
		None
 Return value:  Size  Location     Type
                  1    wreg      void 
 Registers used:
		wreg, status,2, status,0, pclath, cstack
 Tracked objects:
		On entry : 
		On exit  : 
		Unchanged: 
 Data sizes:     COMMON   BANK0   BANK1   BANK2   BANK3   BANK4   BANK5   BANK6   BANK7   BANK8   BANK9  BANK10  BANK11  BANK12
      Params:         0       0       0       0       0       0       0       0       0       0       0       0       0       0
      Locals:         0       0       0       0       0       0       0       0       0       0       0       0       0       0
      Temps:          0       0       0       0       0       0       0       0       0       0       0       0       0       0
      Totals:         0       0       0       0       0       0       0       0       0       0       0       0       0       0
Total ram usage:        0 bytes
 Hardware stack levels used:    1
 Hardware stack levels required when called:    1
 This function calls:
		Absolute function
		_IOCAF2_DefaultInterruptHandler
 This function is called by:
		_PIN_MANAGER_IOC
 This function uses a non-reentrant model


 *************** function _IOCAF2_DefaultInterruptHandler *****************
 Defined at:
		line 146 in file "mcc_generated_files/pin_manager.c"
 Parameters:    Size  Location     Type
		None
 Auto vars:     Size  Location     Type
		None
 Return value:  Size  Location     Type
                  1    wreg      void 
 Registers used:
		None
 Tracked objects:
		On entry : 
		On exit  : 
		Unchanged: 
 Data sizes:     COMMON   BANK0   BANK1   BANK2   BANK3   BANK4   BANK5   BANK6   BANK7   BANK8   BANK9  BANK10  BANK11  BANK12
      Params:         0       0       0       0       0       0       0       0       0       0       0       0       0       0
      Locals:         0       0       0       0       0       0       0       0       0       0       0       0       0       0
      Temps:          0       0       0       0       0       0       0       0       0       0       0       0       0       0
      Totals:         0       0       0       0       0       0       0       0       0       0       0       0       0       0
Total ram usage:        0 bytes
 Hardware stack levels used:    1
 This function calls:
		Nothing
 This function is called by:
		_PIN_MANAGER_Initialize
		_IOCAF2_ISR
 This function uses a non-reentrant model


 *************** function _I2C2_ISR *****************
 Defined at:
		line 233 in file "mcc_generated_files/i2c2.c"
 Parameters:    Size  Location     Type
		None
 Auto vars:     Size  Location     Type
		None
 Return value:  Size  Location     Type
                  1    wreg      void 
 Registers used:
		wreg, fsr0l, fsr0h, fsr1l, fsr1h, status,2, status,0, pclath, cstack
 Tracked objects:
		On entry : 
		On exit  : 
		Unchanged: 
 Data sizes:     COMMON   BANK0   BANK1   BANK2   BANK3   BANK4   BANK5   BANK6   BANK7   BANK8   BANK9  BANK10  BANK11  BANK12
      Params:         0       0       0       0       0       0       0       0       0       0       0       0       0       0
      Locals:         0       0       0       0       0       0       0       0       0       0       0       0       0       0
      Temps:          4       0       0       0       0       0       0       0       0       0       0       0       0       0
      Totals:         4       0       0       0       0       0       0       0       0       0       0       0       0       0
Total ram usage:        4 bytes
 Hardware stack levels used:    1
 Hardware stack levels required when called:    1
 This function calls:
		_I2C2_FunctionComplete
		_I2C2_Stop
 This function is called by:
		_INTERRUPT_InterruptManager
 This function uses a non-reentrant model


 *************** function _I2C2_Stop *****************
 Defined at:
		line 581 in file "mcc_generated_files/i2c2.c"
 Parameters:    Size  Location     Type
  completion_c    1    wreg     enum E2993
 Auto vars:     Size  Location     Type
  completion_c    1    2[COMMON] enum E2993
 Return value:  Size  Location     Type
                  1    wreg      void 
 Registers used:
		wreg, fsr1l, fsr1h, status,2, status,0
 Tracked objects:
		On entry : 
		On exit  : 
		Unchanged: 
 Data sizes:     COMMON   BANK0   BANK1   BANK2   BANK3   BANK4   BANK5   BANK6   BANK7   BANK8   BANK9  BANK10  BANK11  BANK12
      Params:         0       0       0       0       0       0       0       0       0       0       0       0       0       0
      Locals:         1       0       0       0       0       0       0       0       0       0       0       0       0       0
      Temps:          2       0       0       0       0       0       0       0       0       0       0       0       0       0
      Totals:         3       0       0       0       0       0       0       0       0       0       0       0       0       0
Total ram usage:        3 bytes
 Hardware stack levels used:    1
 This function calls:
		Nothing
 This function is called by:
		_I2C2_ISR
 This function uses a non-reentrant model


 *************** function _I2C2_FunctionComplete *****************
 Defined at:
		line 563 in file "mcc_generated_files/i2c2.c"
 Parameters:    Size  Location     Type
		None
 Auto vars:     Size  Location     Type
		None
 Return value:  Size  Location     Type
                  1    wreg      void 
 Registers used:
		wreg, status,2, status,0
 Tracked objects:
		On entry : 
		On exit  : 
		Unchanged: 
 Data sizes:     COMMON   BANK0   BANK1   BANK2   BANK3   BANK4   BANK5   BANK6   BANK7   BANK8   BANK9  BANK10  BANK11  BANK12
      Params:         0       0       0       0       0       0       0       0       0       0       0       0       0       0
      Locals:         0       0       0       0       0       0       0       0       0       0       0       0       0       0
      Temps:          1       0       0       0       0       0       0       0       0       0       0       0       0       0
      Totals:         1       0       0       0       0       0       0       0       0       0       0       0       0       0
Total ram usage:        1 bytes
 Hardware stack levels used:    1
 This function calls:
		Nothing
 This function is called by:
		_I2C2_ISR
 This function uses a non-reentrant model


 *************** function _I2C2_BusCollisionISR *****************
 Defined at:
		line 729 in file "mcc_generated_files/i2c2.c"
 Parameters:    Size  Location     Type
		None
 Auto vars:     Size  Location     Type
		None
 Return value:  Size  Location     Type
                  1    wreg      void 
 Registers used:
		None
 Tracked objects:
		On entry : 
		On exit  : 
		Unchanged: 
 Data sizes:     COMMON   BANK0   BANK1   BANK2   BANK3   BANK4   BANK5   BANK6   BANK7   BANK8   BANK9  BANK10  BANK11  BANK12
      Params:         0       0       0       0       0       0       0       0       0       0       0       0       0       0
      Locals:         0       0       0       0       0       0       0       0       0       0       0       0       0       0
      Temps:          0       0       0       0       0       0       0       0       0       0       0       0       0       0
      Totals:         0       0       0       0       0       0       0       0       0       0       0       0       0       0
Total ram usage:        0 bytes
 Hardware stack levels used:    1
 This function calls:
		Nothing
 This function is called by:
		_INTERRUPT_InterruptManager
 This function uses a non-reentrant model



MODULE INFORMATION

Module		Function		Class		Link	Load	Size
doorlogic.c
		_DOOR_init     		CODE           	07FE	0000	2
		_DOOR_resetPos 		CODE           	1294	0000	4
		_DOOR_update   		CODE           	1426	0000	23
		_DOOR_run      		CODE           	128E	0000	4

doorlogic.c estimated size: 33

C:\Program Files (x86)\Microchip\xc8\v1.45\sources\common\ftneg.c
		___ftneg       		CODE           	130B	0000	10

C:\Program Files (x86)\Microchip\xc8\v1.45\sources\common\ftneg.c estimated size: 10

nrf24.c
		_RF_GetStatus  		CODE           	12A6	0000	5
		_SPI_WriteRead 		CODE           	12C3	0000	7
		_RF_RxPayload  		CODE           	13D3	0000	20
		_RF_Write      		CODE           	137D	0000	17
		_RF_WriteRead  		CODE           	143C	0000	23
		_SPI_WriteReadBuffer		CODE           	160A	0000	33
		_RF_Init       		CODE           	12A2	0000	5
		_RF_ReadRegister		CODE           	14B4	0000	27
		_RF_TxPayload  		CODE           	151F	0000	28
		_RF_WriteRegister		CODE           	1410	0000	23
		_RF_ReadRegisterData		CODE           	15AE	0000	30
		_RF_ResetStatusIRQ		CODE           	15EA	0000	33
		_RF_WriteRegisterData		CODE           	1574	0000	30
		_SPI_WriteBuffer		CODE           	1504	0000	28
		_RF_DataIsReady		CODE           	1591	0000	30

nrf24.c estimated size: 339

C:\Program Files (x86)\Microchip\xc8\v1.45\sources\common\float.c
		___ftpack      		CODE           	0AB0	0000	102

C:\Program Files (x86)\Microchip\xc8\v1.45\sources\common\float.c estimated size: 102

mcc_generated_files/fvr.c
		_FVR_IsOutputReady		CODE           	12C9	0000	7
		_FVR_Initialize		CODE           	129A	0000	5

mcc_generated_files/fvr.c estimated size: 12

storage.c
		_Storage_save  		CODE           	149A	0000	27

storage.c estimated size: 27

mcc_generated_files/tmr2.c
		_TMR2_Initialize		CODE           	12FA	0000	9

mcc_generated_files/tmr2.c estimated size: 9

mcc_generated_files/interrupt_manager.c
		_INTERRUPT_InterruptManager		CODE           	0004	0000	52

mcc_generated_files/interrupt_manager.c estimated size: 52

i2c_wrapper.c
		_I2C_BufferRead		CODE           	09F4	0000	95
		_I2C_ByteWrite 		CODE           	17C4	0000	61

i2c_wrapper.c estimated size: 156

bmp280.c
		_BMP_init      		CODE           	0B15	0000	117
		_BMP_readTemperature		CODE           	0077	0000	719

bmp280.c estimated size: 836

sensors.c
		_Sensor_getSupplyVoltage		CODE           	0874	0000	70
		_Sensor_peripheralWake		CODE           	12B3	0000	6
		_Sensor_peripheralSleep		CODE           	12AE	0000	6

sensors.c estimated size: 82

mcc_generated_files/pin_manager.c
		_PIN_MANAGER_Initialize		CODE           	170A	0000	44
		_IOCAF2_DefaultInterruptHandler		CODE           	0003	0000	2
		_IOCAF2_ISR    		CODE           	1345	0000	14
		_PIN_MANAGER_IOC		CODE           	12BD	0000	7
		_IOCAF2_SetInterruptHandler		CODE           	1314	0000	10

mcc_generated_files/pin_manager.c estimated size: 77

mcc_generated_files/spi1.c
		_SPI1_Initialize		CODE           	12DC	0000	8
		_SPI1_Exchange8bit		CODE           	1339	0000	13

mcc_generated_files/spi1.c estimated size: 21

C:\Program Files (x86)\Microchip\xc8\v1.45\sources\common\ftmul.c
		___ftmul       		CODE           	0E70	0000	181

C:\Program Files (x86)\Microchip\xc8\v1.45\sources\common\ftmul.c estimated size: 181

mcc_generated_files/adc.c
		_ADC_Initialize		CODE           	12F2	0000	9
		_ADC_IsConversionDone		CODE           	12E3	0000	8
		_ADC_GetConversionResult		CODE           	1326	0000	10
		_ADC_StartConversion		CODE           	1291	0000	4
		_ADC_SelectChannel		CODE           	136D	0000	17

mcc_generated_files/adc.c estimated size: 48

C:\Program Files (x86)\Microchip\xc8\v1.45\sources\common\ftdiv.c
		___ftdiv       		CODE           	0DC7	0000	170

C:\Program Files (x86)\Microchip\xc8\v1.45\sources\common\ftdiv.c estimated size: 170

timeout.c
		_Timeout_increment		CODE           	132F	0000	11
		_Timeout_hasExpired		CODE           	08FF	0000	78
		_Timeout_updateCurrentTime		CODE           	0A52	0000	95
		_Timeout_getGlobalCounter		CODE           	139E	0000	18
		_Timeout_setTimeout		CODE           	1481	0000	26

timeout.c estimated size: 228

C:\Program Files (x86)\Microchip\xc8\v1.45\sources\common\Umul32.c
		___lmul        		CODE           	1761	0000	49

C:\Program Files (x86)\Microchip\xc8\v1.45\sources\common\Umul32.c estimated size: 49

hmc5883l.c
		_HMC5883L_ReadBits		CODE           	08B9	0000	71
		_HMC5883L_I2C_BufferRead		CODE           	13AF	0000	19

hmc5883l.c estimated size: 90

wireless.c
		_Wireless_isDataTransmitSuccessful		CODE           	1352	0000	14
		_Wireless_wake 		CODE           	15CB	0000	32
		_Wireless_init 		CODE           	0783	0000	124
		_Wireless_determineTransmitPower		CODE           	0D24	0000	164
		_Wireless_sendData		CODE           	13FB	0000	22
		_Wireless_packageData		CODE           	0F24	0000	221
		_Wireless_sleep		CODE           	1469	0000	25
		_Wireless_checkDataReceived		CODE           	0B89	0000	123
		_Wireless_changeTransmitPower		CODE           	1791	0000	52

wireless.c estimated size: 777

shared
		atan@coeff_a   		STRCODE        	0000	0000	0
		atan@coeff_b   		STRCODE        	0000	0000	0
		__initialization		CODE           	0039	0000	59
		Wireless_init@TADDR		STRCODE        	1821	0000	6

shared estimated size: 65

mcc_generated_files/mcc.c
		_WDT_Initialize		CODE           	129E	0000	5
		_OSCILLATOR_Initialize		CODE           	12D5	0000	8
		_SYSTEM_Initialize		CODE           	14E9	0000	28

mcc_generated_files/mcc.c estimated size: 41

C:\Program Files (x86)\Microchip\xc8\v1.45\sources\common\fttol.c
		___fttol       		CODE           	0C85	0000	160

C:\Program Files (x86)\Microchip\xc8\v1.45\sources\common\fttol.c estimated size: 160

C:\Program Files (x86)\Microchip\xc8\v1.45\sources\common\awtoft.c
		___awtoft      		CODE           	162A	0000	35

C:\Program Files (x86)\Microchip\xc8\v1.45\sources\common\awtoft.c estimated size: 35

mcc_generated_files/tmr1.c
		_TMR1_Initialize		CODE           	1452	0000	24
		_TMR1_SetInterruptHandler		CODE           	131D	0000	10
		_TMR1_DefaultInterruptHandler		CODE           	07FF	0000	2
		_TMR1_CallBack 		CODE           	135F	0000	15
		_TMR1_ReadTimer		CODE           	1557	0000	30
		_TMR1_ISR      		CODE           	1302	0000	10

mcc_generated_files/tmr1.c estimated size: 91

mcc_generated_files/i2c2.c
		_I2C2_BusCollisionISR		CODE           	0801	0000	2
		_I2C2_MasterRead		CODE           	16B8	0000	41
		_I2C2_FunctionComplete		CODE           	138D	0000	18
		_I2C2_MasterWriteTRBBuild		CODE           	164C	0000	36
		_I2C2_ISR      		CODE           	0544	0000	330
		_I2C2_MasterWrite		CODE           	16E0	0000	43
		_I2C2_Initialize		CODE           	14CE	0000	28
		_I2C2_Stop     		CODE           	153A	0000	30
		_I2C2_MasterReadTRBBuild		CODE           	1735	0000	45
		_I2C2_MasterTRBInsert		CODE           	099F	0000	86

mcc_generated_files/i2c2.c estimated size: 659

C:\Program Files (x86)\Microchip\xc8\v1.45\sources\common\lwdiv.c
		___lwdiv       		CODE           	0802	0000	54

C:\Program Files (x86)\Microchip\xc8\v1.45\sources\common\lwdiv.c estimated size: 54

mcc_generated_files/memory.c
		_DATAEE_WriteByte		CODE           	166F	0000	36

mcc_generated_files/memory.c estimated size: 36

C:\Program Files (x86)\Microchip\xc8\v1.45\sources\common\ftadd.c
		___ftadd       		CODE           	068D	0000	247

C:\Program Files (x86)\Microchip\xc8\v1.45\sources\common\ftadd.c estimated size: 247

C:\Program Files (x86)\Microchip\xc8\v1.45\sources\common\lldiv.c
		___lldiv       		CODE           	094C	0000	84

C:\Program Files (x86)\Microchip\xc8\v1.45\sources\common\lldiv.c estimated size: 84

C:\Program Files (x86)\Microchip\xc8\v1.45\sources\common\aldiv.c
		___aldiv       		CODE           	0C03	0000	131

C:\Program Files (x86)\Microchip\xc8\v1.45\sources\common\aldiv.c estimated size: 131

common.c
		_limit         		CODE           	1692	0000	39
		_setSleepTime  		CODE           	12B8	0000	6

common.c estimated size: 45

diagnostics.c
		_Diag_getTempSensorHealth		CODE           	128B	0000	4
		_Diag_getSensorHealth		CODE           	13C1	0000	19
		_Diag_setTempSensorHealth		CODE           	12EA	0000	9

diagnostics.c estimated size: 32

main.c
		_main          		CODE           	0345	0000	512

main.c estimated size: 512

C:\Program Files (x86)\Microchip\xc8\v1.45\sources\common\lwtoft.c
		___lwtoft      		CODE           	13E6	0000	22

C:\Program Files (x86)\Microchip\xc8\v1.45\sources\common\lwtoft.c estimated size: 22

C:\Program Files (x86)\Microchip\xc8\v1.45\sources\common\altoft.c
		___altoft      		CODE           	0837	0000	62

C:\Program Files (x86)\Microchip\xc8\v1.45\sources\common\altoft.c estimated size: 62

