Microchip MPLAB XC8 Compiler V1.45 ()

Linker command line:

-W-3 --edf=C:\Program Files (x86)\Microchip\xc8\v1.45\dat\en_msgs.txt -cs \
  -h+dist/default/production\DoorSensorV2.X.production.sym \
  --cmf=dist/default/production\DoorSensorV2.X.production.cmf -z -Q16LF1829 \
  -oC:\Users\YAYRAA~1\AppData\Local\Temp\s2uc.2 \
  -Mdist/default/production/DoorSensorV2.X.production.map -E1 -ver=XC8 \
  -ASTACK=02128h-023efh -pstack=STACK -ACODE=00h-07FFhx4 \
  -ASTRCODE=00h-01FFFh -ASTRING=00h-0FFhx32 -ACONST=00h-0FFhx32 \
  -AENTRY=00h-0FFhx32 -ACOMMON=070h-07Fh -ABANK0=020h-06Fh \
  -ABANK1=0A0h-0EFh -ABANK2=0120h-016Fh -ABANK3=01A0h-01EFh \
  -ABANK4=0220h-026Fh -ABANK5=02A0h-02EFh -ABANK6=0320h-036Fh \
  -ABANK7=03A0h-03EFh -ABANK8=0420h-046Fh -ABANK9=04A0h-04EFh \
  -ABANK10=0520h-056Fh -ABANK11=05A0h-05EFh -ABANK12=0620h-064Fh \
  -ABIGRAM=02000h-023EFh \
  -ARAM=020h-06Fh,0A0h-0EFh,0120h-016Fh,01A0h-01EFh,0220h-026Fh,02A0h-02EFh,0320h-036Fh,03A0h-03EFh,0420h-046Fh,04A0h-04EFh,0520h-056Fh,05A0h-05EFh,0620h-064Fh \
  -AABS1=020h-07Fh,0A0h-0EFh,0120h-016Fh,01A0h-01EFh,0220h-026Fh,02A0h-02EFh,0320h-036Fh,03A0h-03EFh,0420h-046Fh,04A0h-04EFh,0520h-056Fh,05A0h-05EFh,0620h-064Fh \
  -ASFR0=00h-01Fh -ASFR1=080h-09Fh -ASFR2=0100h-011Fh -ASFR3=0180h-019Fh \
  -ASFR4=0200h-021Fh -ASFR5=0280h-029Fh -ASFR6=0300h-031Fh \
  -ASFR7=0380h-039Fh -ASFR8=0400h-041Fh -ASFR9=0480h-049Fh \
  -ASFR10=0500h-051Fh -ASFR11=0580h-059Fh -ASFR12=0600h-061Fh \
  -ASFR13=0680h-06EFh -ASFR14=0700h-076Fh -ASFR15=0780h-07EFh \
  -ASFR16=0800h-086Fh -ASFR17=0880h-08EFh -ASFR18=0900h-096Fh \
  -ASFR19=0980h-09EFh -ASFR20=0A00h-0A6Fh -ASFR21=0A80h-0AEFh \
  -ASFR22=0B00h-0B6Fh -ASFR23=0B80h-0BEFh -ASFR24=0C00h-0C6Fh \
  -ASFR25=0C80h-0CEFh -ASFR26=0D00h-0D6Fh -ASFR27=0D80h-0DEFh \
  -ASFR28=0E00h-0E6Fh -ASFR29=0E80h-0EEFh -ASFR30=0F00h-0F6Fh \
  -ASFR31=0F80h-0FEFh -preset_vec=00h,intentry=04h,init,end_init \
  -ppowerup=CODE -pcinit=CODE -pfunctab=ENTRY -ACONFIG=08007h-08008h \
  -pconfig=CONFIG -DCONFIG=2 -AIDLOC=08000h-08003h -pidloc=IDLOC -DIDLOC=2 \
  -AEEDATA=00h-0FFh/0F000h -peeprom_data=EEDATA -DEEDATA=2 -DCODE=2 \
  -DSTRCODE=2 -DSTRING=2 -DCONST=2 -DENTRY=2 -k \
  C:\Users\YAYRAA~1\AppData\Local\Temp\s2uc.obj \
  dist/default/production\DoorSensorV2.X.production.obj 

Object code version is 3.11

Machine type is 16LF1829



                Name                               Link     Load   Length Selector   Space Scale
C:\Users\YAYRAA~1\AppData\Local\Temp\s2uc.obj
                end_init                             37       37        2        8       0
                reset_vec                             0        0        2        0       0
                config                             8007     8007        2    1000E       0
dist/default/production\DoorSensorV2.X.production.obj
                cinit                                39       39       3E        8       0
                intentry                              4        4       33        8       0
                text91                             1365     1365        1     26CA       0
                text90                             145E     145E       11     28BC       0
                text89                             15CF     15CF       1D     2B9E       0
                swtext1                            1000     1000       18     2000       0
                text88                              539      539      149        8       0
                text87                             1366     1366        1     26CC       0
                text86                             1414     1414        D     2828       0
                text85                             1392     1392        6     2724       0
                text84                                2        2        1        0       0
                text83                             13FE     13FE        A     27FC       0
                text82                             1421     1421        E     2842       0
                text81                             13D1     13D1        9     27A2       0
                text79                             13B9     13B9        8     2772       0
                text78                             17A4     17A4       2C     2F48       0
                text77                              9EA      9EA       55     13D4       0
                text76                             1727     1727       28     2E4E       0
                text75                             16E1     16E1       23     2DC2       0
                text74                             174F     174F       2A     2E9E       0
                text73                              94A      94A       4D     1294       0
                text72                             1516     1516       19     2A2C       0
                text71                              A3F      A3F       5E     147E       0
                text70                              846      846       3C     108C       0
                text69                              BD1      BD1       74     17A2       0
                text68                             1367     1367        3     26CE       0
                text67                             146F     146F       12     28DE       0
                text66                              904      904       46     1208       0
                text65                              778      778       82        8       0
                text64                              AFB      AFB       65     15F6       0
                text63                              882      882       3D     1104       0
                text62                             16BF     16BF       22     2D7E       0
                text61                              682      682       F6        8       0
                text60                              DD9      DD9       A9     1BB2       0
                text59                              E82      E82       B4     1D04       0
                text58                             13DA     13DA        9     27B4       0
                text57                              D3A      D3A       9F     1A74       0
                text56                             14A6     14A6       15     294C       0
                text55                               77       77      2CF        8       0
                text54                                3        3        1        6       0
                text53                              800      800       11     1000       0
                text52                              B60      B60       71     16C0       0
                text51                             13C1     13C1        8     2782       0
                text50                             1373     1373        4     26E6       0
                text49                             1563     1563       1B     2AC6       0
                text48                             13A4     13A4        7     2748       0
                text47                             13E3     13E3        9     27C6       0
                text46                             1779     1779       2B     2EF2       0
                text45                             13AB     13AB        7     2756       0
                text44                             13EC     13EC        9     27D8       0
                text43                             14E7     14E7       17     29CE       0
                text42                             13C9     13C9        8     2792       0
                text41                             1377     1377        4     26EE       0
                text40                             157E     157E       1B     2AFC       0
                text39                             15EC     15EC       1D     2BD8       0
                text38                             17D0     17D0       30     2FA0       0
                text37                              A9D      A9D       5E     153A       0
                text36                             137B     137B        4     26F6       0
                text35                             1408     1408        C     2810       0
                text34                             1398     1398        6     2730       0
                text33                             14BB     14BB       16     2976       0
                text32                             167F     167F       20     2CFE       0
                text31                             1599     1599       1B     2B32       0
                text30                             1609     1609       1D     2C12       0
                text29                              CBF      CBF       7B     197E       0
                text28                             1481     1481       12     2902       0
                text27                             13F5     13F5        9     27EA       0
                text26                             13B2     13B2        7     2764       0
                text25                             143E     143E       10     287C       0
                text24                             136A     136A        3     26D4       0
                text23                             139E     139E        6     273C       0
                text22                             1383     1383        5     2706       0
                text21                             1388     1388        5     2710       0
                text20                              8BF      8BF       45     117E       0
                text19                             136D     136D        3     26DA       0
                text18                             1704     1704       23     2E08       0
                text17                             152F     152F       1A     2A5E       0
                text16                             14D1     14D1       16     29A2       0
                text15                             1549     1549       1A     2A92       0
                text14                             1626     1626       1D     2C4C       0
                text13                             169F     169F       20     2D3E       0
                text12                             1643     1643       1D     2C86       0
                text11                             1493     1493       13     2926       0
                text10                              C45      C45       7A     188A       0
                text9                              144E     144E       10     289C       0
                text8                              15B4     15B4       1B     2B68       0
                text7                              142F     142F        F     285E       0
                text6                               F36      F36       CA     1E6C       0
                text5                              14FE     14FE       18     29FC       0
                text4                              1660     1660       1F     2CC0       0
                text3                               997      997       53     132E       0
                text2                               811      811       35     1022       0
                text1                              138D     138D        5     271A       0
                maintext                            346      346      1F3        8       0
                cstackBANK0                          20       20       4F       20       1
                cstackCOMMON                         70       70        7       70       1
                cstackBANK1                          A0       A0       29       A0       1
                cstackBANK3                         1CC      1CC        C      1A0       1
                clrtext                             7FA      7FA        6        8       0
                bssBANK3                            1A0      1A0       2C      1A0       1
                dataBANK2                           16A      16A        4      120       1
                bssBANK2                            120      120       46      120       1
                dataBANK1                            E3       E3        3       A0       1
                bssBANK1                             C9       C9       1A       A0       1
                bssCOMMON                            77       77        5       70       1
                nvBANK2                             166      166        4      120       1
                nvCOMMON                             7C       7C        2       70       1
                stringtext3                        1821     1821        5     3000       0
                stringtext2                        1812     1812        F     3000       0
                stringtext1                        1800     1800       12     3000       0
                idataBANK2                         137F     137F        4     26FE       0
                idataBANK1                         1370     1370        3     26E0       0

TOTAL           Name                               Link     Load   Length     Space
        CLASS   STACK          

        CLASS   CODE           
                end_init                             37       37        2         0
                cinit                                39       39       3E         0
                intentry                              4        4       33         0
                reset_vec                             0        0        2         0
                text91                             1365     1365        1         0
                text90                             145E     145E       11         0
                text89                             15CF     15CF       1D         0
                text88                              539      539      149         0
                text87                             1366     1366        1         0
                text86                             1414     1414        D         0
                text85                             1392     1392        6         0
                text84                                2        2        1         0
                text83                             13FE     13FE        A         0
                text82                             1421     1421        E         0
                text81                             13D1     13D1        9         0
                text79                             13B9     13B9        8         0
                text78                             17A4     17A4       2C         0
                text77                              9EA      9EA       55         0
                text76                             1727     1727       28         0
                text75                             16E1     16E1       23         0
                text74                             174F     174F       2A         0
                text73                              94A      94A       4D         0
                text72                             1516     1516       19         0
                text71                              A3F      A3F       5E         0
                text70                              846      846       3C         0
                text69                              BD1      BD1       74         0
                text68                             1367     1367        3         0
                text67                             146F     146F       12         0
                text66                              904      904       46         0
                text65                              778      778       82         0
                text64                              AFB      AFB       65         0
                text63                              882      882       3D         0
                text62                             16BF     16BF       22         0
                text61                              682      682       F6         0
                text60                              DD9      DD9       A9         0
                text59                              E82      E82       B4         0
                text58                             13DA     13DA        9         0
                text57                              D3A      D3A       9F         0
                text56                             14A6     14A6       15         0
                text55                               77       77      2CF         0
                text54                                3        3        1         0
                text53                              800      800       11         0
                text52                              B60      B60       71         0
                text51                             13C1     13C1        8         0
                text50                             1373     1373        4         0
                text49                             1563     1563       1B         0
                text48                             13A4     13A4        7         0
                text47                             13E3     13E3        9         0
                text46                             1779     1779       2B         0
                text45                             13AB     13AB        7         0
                text44                             13EC     13EC        9         0
                text43                             14E7     14E7       17         0
                text42                             13C9     13C9        8         0
                text41                             1377     1377        4         0
                text40                             157E     157E       1B         0
                text39                             15EC     15EC       1D         0
                text38                             17D0     17D0       30         0
                text37                              A9D      A9D       5E         0
                text36                             137B     137B        4         0
                text35                             1408     1408        C         0
                text34                             1398     1398        6         0
                text33                             14BB     14BB       16         0
                text32                             167F     167F       20         0
                text31                             1599     1599       1B         0
                text30                             1609     1609       1D         0
                text29                              CBF      CBF       7B         0
                text28                             1481     1481       12         0
                text27                             13F5     13F5        9         0
                text26                             13B2     13B2        7         0
                text25                             143E     143E       10         0
                text24                             136A     136A        3         0
                text23                             139E     139E        6         0
                text22                             1383     1383        5         0
                text21                             1388     1388        5         0
                text20                              8BF      8BF       45         0
                text19                             136D     136D        3         0
                text18                             1704     1704       23         0
                text17                             152F     152F       1A         0
                text16                             14D1     14D1       16         0
                text15                             1549     1549       1A         0
                text14                             1626     1626       1D         0
                text13                             169F     169F       20         0
                text12                             1643     1643       1D         0
                text11                             1493     1493       13         0
                text10                              C45      C45       7A         0
                text9                              144E     144E       10         0
                text8                              15B4     15B4       1B         0
                text7                              142F     142F        F         0
                text6                               F36      F36       CA         0
                text5                              14FE     14FE       18         0
                text4                              1660     1660       1F         0
                text3                               997      997       53         0
                text2                               811      811       35         0
                text1                              138D     138D        5         0
                maintext                            346      346      1F3         0
                clrtext                             7FA      7FA        6         0
                idataBANK2                         137F     137F        4         0
                idataBANK1                         1370     1370        3         0

        CLASS   STRCODE        
                stringtext3                        1821     1821        5         0
                stringtext2                        1812     1812        F         0
                stringtext1                        1800     1800       12         0

        CLASS   STRING         

        CLASS   CONST          
                swtext1                            1000     1000       18         0

        CLASS   ENTRY          

        CLASS   COMMON         
                cstackCOMMON                         70       70        7         1
                bssCOMMON                            77       77        5         1
                nvCOMMON                             7C       7C        2         1

        CLASS   BANK0          
                cstackBANK0                          20       20       4F         1

        CLASS   BANK1          
                cstackBANK1                          A0       A0       29         1
                dataBANK1                            E3       E3        3         1
                bssBANK1                             C9       C9       1A         1

        CLASS   BANK2          
                dataBANK2                           16A      16A        4         1
                bssBANK2                            120      120       46         1
                nvBANK2                             166      166        4         1

        CLASS   BANK3          
                cstackBANK3                         1CC      1CC        C         1
                bssBANK3                            1A0      1A0       2C         1

        CLASS   BANK4          

        CLASS   BANK5          

        CLASS   BANK6          

        CLASS   BANK7          

        CLASS   BANK8          

        CLASS   BANK9          

        CLASS   BANK10         

        CLASS   BANK11         

        CLASS   BANK12         

        CLASS   BIGRAM         

        CLASS   RAM            

        CLASS   ABS1           
                abs_s1                               7E       7E        2         1

        CLASS   SFR0           

        CLASS   SFR1           

        CLASS   SFR2           

        CLASS   SFR3           

        CLASS   SFR4           

        CLASS   SFR5           

        CLASS   SFR6           

        CLASS   SFR7           

        CLASS   SFR8           

        CLASS   SFR9           

        CLASS   SFR10          

        CLASS   SFR11          

        CLASS   SFR12          

        CLASS   SFR13          

        CLASS   SFR14          

        CLASS   SFR15          

        CLASS   SFR16          

        CLASS   SFR17          

        CLASS   SFR18          

        CLASS   SFR19          

        CLASS   SFR20          

        CLASS   SFR21          

        CLASS   SFR22          

        CLASS   SFR23          

        CLASS   SFR24          

        CLASS   SFR25          

        CLASS   SFR26          

        CLASS   SFR27          

        CLASS   SFR28          

        CLASS   SFR29          

        CLASS   SFR30          

        CLASS   SFR31          

        CLASS   CONFIG         
                config                             8007     8007        2         0

        CLASS   IDLOC          

        CLASS   EEDATA         

        CLASS   BANK31         

        CLASS   BANK30         

        CLASS   BANK29         

        CLASS   BANK28         

        CLASS   BANK27         

        CLASS   BANK26         

        CLASS   BANK25         

        CLASS   BANK24         

        CLASS   BANK23         

        CLASS   BANK22         

        CLASS   BANK21         

        CLASS   BANK20         

        CLASS   BANK19         

        CLASS   BANK18         

        CLASS   BANK17         

        CLASS   BANK16         

        CLASS   BANK15         

        CLASS   BANK14         

        CLASS   BANK13         



SEGMENTS        Name                           Load    Length   Top    Selector   Space  Class     Delta

                reset_vec                      000000  000003  000003         0       0  CODE        2
                text54                         000003  000001  000004         6       0  CODE        2
                intentry                       000004  0007FC  000800         8       0  CODE        2
                cstackBANK0                    000020  00004F  00006F        20       1  BANK0       1
                cstackCOMMON                   000070  00000E  00007E        70       1  COMMON      1
                cstackBANK1                    0000A0  000046  0000E6        A0       1  BANK1       1
                bssBANK2                       000120  00004E  00016E       120       1  BANK2       1
                bssBANK3                       0001A0  000038  0001D8       1A0       1  BANK3       1
                text53                         000800  000011  000811      1000       0  CODE        2
                text2                          000811  000035  000846      1022       0  CODE        2
                text70                         000846  00003C  000882      108C       0  CODE        2
                text63                         000882  00003D  0008BF      1104       0  CODE        2
                text20                         0008BF  000045  000904      117E       0  CODE        2
                text66                         000904  000046  00094A      1208       0  CODE        2
                text73                         00094A  00004D  000997      1294       0  CODE        2
                text3                          000997  000053  0009EA      132E       0  CODE        2
                text77                         0009EA  000055  000A3F      13D4       0  CODE        2
                text71                         000A3F  00005E  000A9D      147E       0  CODE        2
                text37                         000A9D  00005E  000AFB      153A       0  CODE        2
                text64                         000AFB  000065  000B60      15F6       0  CODE        2
                text52                         000B60  000071  000BD1      16C0       0  CODE        2
                text69                         000BD1  000074  000C45      17A2       0  CODE        2
                text10                         000C45  00007A  000CBF      188A       0  CODE        2
                text29                         000CBF  00007B  000D3A      197E       0  CODE        2
                text57                         000D3A  00009F  000DD9      1A74       0  CODE        2
                text60                         000DD9  0000A9  000E82      1BB2       0  CODE        2
                text59                         000E82  0000B4  000F36      1D04       0  CODE        2
                text6                          000F36  0000CA  001000      1E6C       0  CODE        2
                swtext1                        001000  000018  001018      2000       0  CONST       2
                text91                         001365  000001  001366      26CA       0  CODE        2
                text87                         001366  000001  001367      26CC       0  CODE        2
                text68                         001367  000003  00136A      26CE       0  CODE        2
                text24                         00136A  000003  00136D      26D4       0  CODE        2
                text19                         00136D  000003  001370      26DA       0  CODE        2
                idataBANK1                     001370  000003  001373      26E0       0  CODE        2
                text50                         001373  000004  001377      26E6       0  CODE        2
                text41                         001377  000004  00137B      26EE       0  CODE        2
                text36                         00137B  000004  00137F      26F6       0  CODE        2
                idataBANK2                     00137F  000004  001383      26FE       0  CODE        2
                text22                         001383  000005  001388      2706       0  CODE        2
                text21                         001388  000005  00138D      2710       0  CODE        2
                text1                          00138D  000005  001392      271A       0  CODE        2
                text85                         001392  000006  001398      2724       0  CODE        2
                text34                         001398  000006  00139E      2730       0  CODE        2
                text23                         00139E  000006  0013A4      273C       0  CODE        2
                text48                         0013A4  000007  0013AB      2748       0  CODE        2
                text45                         0013AB  000007  0013B2      2756       0  CODE        2
                text26                         0013B2  000007  0013B9      2764       0  CODE        2
                text79                         0013B9  000008  0013C1      2772       0  CODE        2
                text51                         0013C1  000008  0013C9      2782       0  CODE        2
                text42                         0013C9  000008  0013D1      2792       0  CODE        2
                text81                         0013D1  000009  0013DA      27A2       0  CODE        2
                text58                         0013DA  000009  0013E3      27B4       0  CODE        2
                text47                         0013E3  000009  0013EC      27C6       0  CODE        2
                text44                         0013EC  000009  0013F5      27D8       0  CODE        2
                text27                         0013F5  000009  0013FE      27EA       0  CODE        2
                text83                         0013FE  00000A  001408      27FC       0  CODE        2
                text35                         001408  00000C  001414      2810       0  CODE        2
                text86                         001414  00000D  001421      2828       0  CODE        2
                text82                         001421  00000E  00142F      2842       0  CODE        2
                text7                          00142F  00000F  00143E      285E       0  CODE        2
                text25                         00143E  000010  00144E      287C       0  CODE        2
                text9                          00144E  000010  00145E      289C       0  CODE        2
                text90                         00145E  000011  00146F      28BC       0  CODE        2
                text67                         00146F  000012  001481      28DE       0  CODE        2
                text28                         001481  000012  001493      2902       0  CODE        2
                text11                         001493  000013  0014A6      2926       0  CODE        2
                text56                         0014A6  000015  0014BB      294C       0  CODE        2
                text33                         0014BB  000016  0014D1      2976       0  CODE        2
                text16                         0014D1  000016  0014E7      29A2       0  CODE        2
                text43                         0014E7  000017  0014FE      29CE       0  CODE        2
                text5                          0014FE  000018  001516      29FC       0  CODE        2
                text72                         001516  000019  00152F      2A2C       0  CODE        2
                text17                         00152F  00001A  001549      2A5E       0  CODE        2
                text15                         001549  00001A  001563      2A92       0  CODE        2
                text49                         001563  00001B  00157E      2AC6       0  CODE        2
                text40                         00157E  00001B  001599      2AFC       0  CODE        2
                text31                         001599  00001B  0015B4      2B32       0  CODE        2
                text8                          0015B4  00001B  0015CF      2B68       0  CODE        2
                text89                         0015CF  00001D  0015EC      2B9E       0  CODE        2
                text39                         0015EC  00001D  001609      2BD8       0  CODE        2
                text30                         001609  00001D  001626      2C12       0  CODE        2
                text14                         001626  00001D  001643      2C4C       0  CODE        2
                text12                         001643  00001D  001660      2C86       0  CODE        2
                text4                          001660  00001F  00167F      2CC0       0  CODE        2
                text32                         00167F  000020  00169F      2CFE       0  CODE        2
                text13                         00169F  000020  0016BF      2D3E       0  CODE        2
                text62                         0016BF  000022  0016E1      2D7E       0  CODE        2
                text75                         0016E1  000023  001704      2DC2       0  CODE        2
                text18                         001704  000023  001727      2E08       0  CODE        2
                text76                         001727  000028  00174F      2E4E       0  CODE        2
                text74                         00174F  00002A  001779      2E9E       0  CODE        2
                text46                         001779  00002B  0017A4      2EF2       0  CODE        2
                text78                         0017A4  00002C  0017D0      2F48       0  CODE        2
                text38                         0017D0  000030  001800      2FA0       0  CODE        2
                stringtext1                    001800  000026  001826      3000       0  STRCODE     2
                config                         008007  000002  008009     1000E       0  CONFIG      2


UNUSED ADDRESS RANGES

        Name                Unused          Largest block    Delta
        BANK0            0006F-0006F               1           1
        BANK1            000E6-000EF               A           1
        BANK10           00520-0056F              50           1
        BANK11           005A0-005EF              50           1
        BANK12           00620-0064F              30           1
        BANK2            0016E-0016F               2           1
        BANK3            001D8-001EF              18           1
        BANK4            00220-0026F              50           1
        BANK5            002A0-002EF              50           1
        BANK6            00320-0036F              50           1
        BANK7            003A0-003EF              50           1
        BANK8            00420-0046F              50           1
        BANK9            004A0-004EF              50           1
        BIGRAM           02000-023EF             3F0           1
        CODE             01018-01364             34D           2
                         01826-01FFF             7DA
        CONST            01018-01364             100           2
                         01826-01FFF             100
        EEDATA           0F000-0F0FF             100           2
        ENTRY            01018-01364             100           2
                         01826-01FFF             100
        IDLOC            08000-08003               4           2
        RAM              0006F-0006F               1           1
                         000E6-000EF               A
                         0016E-0016F               2
                         001D8-001EF              18
                         00220-0026F              50
                         002A0-002EF              50
                         00320-0036F              50
                         003A0-003EF              50
                         00420-0046F              50
                         004A0-004EF              50
                         00520-0056F              50
                         005A0-005EF              50
                         00620-0064F              30
        SFR0             00000-0001F              20           1
        SFR1             00080-0009F              20           1
        SFR10            00500-0051F              20           1
        SFR11            00580-0059F              20           1
        SFR12            00600-0061F              20           1
        SFR13            00680-006EF              70           1
        SFR14            00700-0076F              70           1
        SFR15            00780-007EF              70           1
        SFR16            00800-0086F              70           1
        SFR17            00880-008EF              70           1
        SFR18            00900-0096F              70           1
        SFR19            00980-009EF              70           1
        SFR2             00100-0011F              20           1
        SFR20            00A00-00A6F              70           1
        SFR21            00A80-00AEF              70           1
        SFR22            00B00-00B6F              70           1
        SFR23            00B80-00BEF              70           1
        SFR24            00C00-00C6F              70           1
        SFR25            00C80-00CEF              70           1
        SFR26            00D00-00D6F              70           1
        SFR27            00D80-00DEF              70           1
        SFR28            00E00-00E6F              70           1
        SFR29            00E80-00EEF              70           1
        SFR3             00180-0019F              20           1
        SFR30            00F00-00F6F              70           1
        SFR31            00F80-00FEF              70           1
        SFR4             00200-0021F              20           1
        SFR5             00280-0029F              20           1
        SFR6             00300-0031F              20           1
        SFR7             00380-0039F              20           1
        SFR8             00400-0041F              20           1
        SFR9             00480-0049F              20           1
        STACK            02128-023EF             2C8           1
        STRCODE          01018-01364             34D           2
                         01826-01FFF             7DA
        STRING           01018-01364             100           2
                         01826-01FFF             100

                                  Symbol Table

?_ADC_GetConversionResult                   cstackBANK0  00021
?_BMP_readTemperature                       cstackBANK1  000A6
?_Sensor_getSupplyVoltage                   cstackBANK0  00041
?_TMR1_ReadTimer                            cstackBANK0  00021
?_Timeout_getGlobalCounter                  cstackBANK0  00021
?___aldiv                                   cstackBANK0  00021
?___altoft                                  cstackBANK0  00029
?___awtoft                                  cstackBANK0  00029
?___ftadd                                   cstackBANK0  00049
?___ftdiv                                   cstackBANK0  00031
?___ftmul                                   cstackBANK0  00056
?___ftneg                                   cstackBANK0  00041
?___ftpack                                  cstackBANK0  00021
?___fttol                                   cstackBANK0  00066
?___lldiv                                   cstackBANK0  00021
?___lmul                                    cstackBANK0  00021
?___lwdiv                                   cstackBANK0  00021
?___lwtoft                                  cstackBANK0  00029
ADC_SelectChannel@channel                   cstackBANK0  00022
BMP_init@t                                  cstackBANK0  0003F
BMP_readTemperature@status                  cstackBANK1  000B8
BMP_readTemperature@tmp                     cstackBANK1  000B9
DATAEE_WriteByte@GIEBitValue                cstackBANK0  00023
DATAEE_WriteByte@bAdd                       cstackBANK0  00022
DATAEE_WriteByte@bData                      cstackBANK0  00021
DOOR_run@doorStateDuration                  bssBANK2     00124
DOOR_run@previousDoorState                  bssBANK1     000DA
DOOR_update@closedAngle                     cstackBANK0  00027
DOOR_update@openAngle                       cstackBANK0  00029
Diag_getSensorHealth@var                    cstackBANK0  00022
Diag_setTempSensorHealth@health             cstackBANK0  00022
HMC5883L_I2C_BufferRead@NumByteToRead       cstackBANK0  0003F
HMC5883L_I2C_BufferRead@ReadAddr            cstackBANK0  0003E
HMC5883L_I2C_BufferRead@pBuffer             cstackBANK0  0003C
HMC5883L_I2C_BufferRead@slaveAddr           cstackBANK0  00042
HMC5883L_ReadBits@bitStart                  cstackBANK0  00044
HMC5883L_ReadBits@data                      cstackBANK0  00046
HMC5883L_ReadBits@length                    cstackBANK0  00045
HMC5883L_ReadBits@mask                      cstackBANK0  0004B
HMC5883L_ReadBits@regAddr                   cstackBANK0  00043
HMC5883L_ReadBits@slaveAddr                 cstackBANK0  0004A
HMC5883L_ReadBits@tmp                       cstackBANK0  0004C
HMC5883L_TestConnection@F3565               bssBANK2     00137
I2C2_ISR@i2c_10bit_address_restart          bssBANK1     000E0
I2C2_ISR@i2c_address                        bssCOMMON    0007A
I2C2_ISR@i2c_bytes_left                     bssBANK1     000E1
I2C2_ISR@pi2c_buf_ptr                       bssBANK1     000D8
I2C2_MasterRead@address                     cstackBANK0  0002C
I2C2_MasterRead@length                      cstackBANK0  0002B
I2C2_MasterRead@pdata                       cstackBANK0  00029
I2C2_MasterRead@pflag                       cstackBANK0  0002E
I2C2_MasterRead@trBlock                     bssBANK2     00158
I2C2_MasterReadTRBBuild@address             cstackBANK0  00024
I2C2_MasterReadTRBBuild@length              cstackBANK0  00023
I2C2_MasterReadTRBBuild@pdata               cstackBANK0  00021
I2C2_MasterReadTRBBuild@ptrb                cstackBANK0  00028
I2C2_MasterTRBInsert@count                  cstackBANK0  00024
I2C2_MasterTRBInsert@pflag                  cstackBANK0  00022
I2C2_MasterTRBInsert@ptrb_list              cstackBANK0  00021
I2C2_MasterWrite@address                    cstackBANK0  00029
I2C2_MasterWrite@length                     cstackBANK0  00028
I2C2_MasterWrite@pdata                      cstackBANK0  0002E
I2C2_MasterWrite@pflag                      cstackBANK0  0002B
I2C2_MasterWrite@trBlock                    bssBANK2     0015D
I2C2_MasterWriteTRBBuild@address            cstackBANK0  00023
I2C2_MasterWriteTRBBuild@length             cstackBANK0  00022
I2C2_MasterWriteTRBBuild@pdata              cstackBANK0  00021
I2C2_MasterWriteTRBBuild@ptrb               cstackBANK0  00027
I2C2_Stop@completion_code                   cstackCOMMON 00072
I2C_BufferRead@NumByteToRead                cstackBANK0  00034
I2C_BufferRead@ReadAddr                     cstackBANK0  00033
I2C_BufferRead@pBuffer                      cstackBANK0  00031
I2C_BufferRead@slaveAddr                    cstackBANK0  0003A
I2C_BufferRead@status                       cstackBANK0  0003B
I2C_ByteWrite@WriteAddr                     cstackBANK0  00030
I2C_ByteWrite@data                          cstackBANK0  00036
I2C_ByteWrite@pBuffer                       cstackBANK0  0002F
I2C_ByteWrite@slaveAddr                     cstackBANK0  00035
I2C_ByteWrite@status                        cstackBANK0  00038
IOCAF2_SetInterruptHandler@InterruptHandler cstackBANK0  00021
RF_DataIsReady@channel                      cstackBANK0  00027
RF_DataIsReady@status                       cstackBANK0  00028
RF_ReadRegister@reg                         cstackBANK0  00024
RF_ReadRegister@val                         cstackBANK0  00025
RF_ReadRegisterData@buf                     cstackBANK0  0002A
RF_ReadRegisterData@bufSize                 cstackBANK0  0002B
RF_ReadRegisterData@reg                     cstackBANK0  0002E
RF_ResetStatusIRQ@flags                     cstackBANK0  00026
RF_RxPayload@payload                        cstackBANK0  00032
RF_RxPayload@payloadSize                    cstackBANK0  0002F
RF_TxPayload@payload                        cstackBANK0  00030
RF_TxPayload@payloadSize                    cstackBANK0  0002E
RF_Write@val                                cstackBANK0  00023
RF_WriteRegister@reg                        cstackBANK0  00024
RF_WriteRegister@val                        cstackBANK0  00023
RF_WriteRegisterData@buf                    cstackBANK0  00029
RF_WriteRegisterData@bufSize                cstackBANK0  0002B
RF_WriteRegisterData@reg                    cstackBANK0  0002D
SPI1_Exchange8bit@data                      cstackBANK0  00021
SPI_WriteBuffer@bufOut                      cstackBANK0  00023
SPI_WriteBuffer@bufSize                     cstackBANK0  00025
SPI_WriteBuffer@i                           cstackBANK0  00028
SPI_WriteRead@val                           cstackBANK0  00022
SPI_WriteReadBuffer@bufIn                   cstackBANK0  00023
SPI_WriteReadBuffer@bufOut                  cstackBANK0  00028
SPI_WriteReadBuffer@bufSize                 cstackBANK0  00024
SPI_WriteReadBuffer@i                       cstackBANK0  00029
Sensor_getSupplyVoltage@res                 cstackBANK0  00047
Sensor_getSupplyVoltage@voltage             cstackBANK0  00044
Storage_save@closeAngle                     cstackBANK0  00024
Storage_save@openAngle                      cstackBANK0  00026
TMR1_ReadTimer@readVal                      cstackBANK0  00028
TMR1_ReadTimer@readValHigh                  cstackBANK0  0002A
TMR1_ReadTimer@readValLow                   cstackBANK0  0002B
TMR1_SetInterruptHandler@InterruptHandler   cstackBANK0  00021
Timeout_setTimeout@val                      cstackBANK0  00021
Timeout_updateCurrentTime@var               cstackBANK0  00031
Wireless_checkDataReceived@channel          cstackBANK0  0003B
Wireless_checkDataReceived@data             cstackBANK0  00037
Wireless_init@TADDR                         stringtext3  01821
Wireless_packageData@data                   cstackBANK1  000BE
Wireless_packageData@openTime               cstackBANK1  000BA
Wireless_packageData@status                 cstackBANK1  000C4
Wireless_packageData@t1                     cstackBANK1  000C5
Wireless_packageData@tempC                  cstackBANK1  000BB
Wireless_packageData@var                    cstackBANK1  000C3
Wireless_sendData@payload                   cstackBANK0  00032
Wireless_sleep@reg                          cstackBANK0  00030
Wireless_wake@reg                           cstackBANK0  00030
_ADCON0                                     (abs)        0009D
_ADCON0bits                                 (abs)        0009D
_ADCON1                                     (abs)        0009E
_ADC_GetConversionResult                    text27       013F5
_ADC_Initialize                             text51       013C1
_ADC_IsConversionDone                       text26       013B2
_ADC_SelectChannel                          text25       0143E
_ADC_StartConversion                        text24       0136A
_ADRESH                                     (abs)        0009C
_ADRESL                                     (abs)        0009B
_ANSELA                                     (abs)        0018C
_ANSELB                                     (abs)        0018D
_ANSELC                                     (abs)        0018E
_APFCON0                                    (abs)        0011D
_APFCON1                                    (abs)        0011E
_BMP_init                                   text69       00BD1
_BMP_readTemperature                        text55       00077
_BMP_readTemperature$2637                   cstackBANK1  000B5
_BORCON                                     (abs)        00116
_DATAEE_WriteByte                           text18       01704
_DOOR_init                                  text54       00003
_DOOR_resetPos                              text19       0136D
_DOOR_run                                   text52       00B60
_DOOR_update                                text16       014D1
_Diag_getSensorHealth                       text28       01481
_Diag_getTempSensorHealth                   text68       01367
_Diag_setTempSensorHealth                   text79       013B9
_EEADRH                                     (abs)        00192
_EEADRL                                     (abs)        00191
_EECON1bits                                 (abs)        00195
_EECON2                                     (abs)        00196
_EEDATH                                     (abs)        00194
_EEDATL                                     (abs)        00193
_FVRCON                                     (abs)        00117
_FVRCONbits                                 (abs)        00117
_FVR_Initialize                             text50       01373
_FVR_IsOutputReady                          text23       0139E
_HMC5883L_I2C_BufferRead                    text67       0146F
_HMC5883L_ReadBits                          text66       00904
_HMC5883Lmode                               bssBANK1     000DF
_I2C2_BusCollisionISR                       text91       01365
_I2C2_FunctionComplete                      text90       0145E
_I2C2_ISR                                   text88       00539
_I2C2_Initialize                            text49       01563
_I2C2_MasterRead                            text76       01727
_I2C2_MasterReadTRBBuild                    text78       017A4
_I2C2_MasterTRBInsert                       text77       009EA
_I2C2_MasterWrite                           text74       0174F
_I2C2_MasterWriteTRBBuild                   text75       016E1
_I2C2_Stop                                  text89       015CF
_I2C_BufferRead                             text71       00A3F
_I2C_ByteWrite                              text70       00846
_INTCONbits                                 (abs)        0000B
_INTERRUPT_InterruptManager                 intentry     00004
_IOCAF2_DefaultInterruptHandler             text87       01366
_IOCAF2_ISR                                 text86       01414
_IOCAF2_InterruptHandler                    nvBANK2      00168
_IOCAF2_SetInterruptHandler                 text47       013E3
_IOCAFbits                                  (abs)        00393
_IOCANbits                                  (abs)        00392
_IOCAPbits                                  (abs)        00391
_LATA                                       (abs)        0010C
_LATB                                       (abs)        0010D
_LATC                                       (abs)        0010E
_LATCbits                                   (abs)        0010E
_OPTION_REGbits                             (abs)        00095
_OSCCON                                     (abs)        00099
_OSCILLATOR_Initialize                      text48       013A4
_OSCTUNE                                    (abs)        00098
_PIE1bits                                   (abs)        00091
_PIE4bits                                   (abs)        00094
_PIN_MANAGER_IOC                            text85       01392
_PIN_MANAGER_Initialize                     text46       01779
_PIR1bits                                   (abs)        00011
_PIR4bits                                   (abs)        00014
_PORTAbits                                  (abs)        0000C
_PORTCbits                                  (abs)        0000E
_PR2                                        (abs)        0001B
_RF_DataIsReady                             text14       01626
_RF_Init                                    text36       0137B
_RF_ReadRegister                            text15       01549
_RF_ReadRegisterData                        text12       01643
_RF_ResetStatusIRQ                          text32       0167F
_RF_RxPayload                               text11       01493
_RF_TxPayload                               text8        015B4
_RF_Write                                   text9        0144E
_RF_WriteRegister                           text33       014BB
_RF_WriteRegisterData                       text30       01609
_SPI1_Exchange8bit                          text35       01408
_SPI1_Initialize                            text45       013AB
_SPI_WriteBuffer                            text31       01599
_SPI_WriteRead                              text34       01398
_SPI_WriteReadBuffer                        text13       0169F
_SSP1ADD                                    (abs)        00212
_SSP1BUF                                    (abs)        00211
_SSP1CON1                                   (abs)        00215
_SSP1CON1bits                               (abs)        00215
_SSP1STAT                                   (abs)        00214
_SSP1STATbits                               (abs)        00214
_SSP2ADD                                    (abs)        0021A
_SSP2BUF                                    (abs)        00219
_SSP2CON1                                   (abs)        0021D
_SSP2CON1bits                               (abs)        0021D
_SSP2CON2bits                               (abs)        0021E
_SSP2CON3                                   (abs)        0021F
_SSP2STAT                                   (abs)        0021C
_SYSTEM_Initialize                          text40       0157E
_Sensor_getSupplyVoltage                    text20       008BF
_Sensor_peripheralSleep                     text22       01383
_Sensor_peripheralWake                      text21       01388
_Storage_save                               text17       0152F
_T1CON                                      (abs)        00018
_T1CONbits                                  (abs)        00018
_T1GCON                                     (abs)        00019
_T1GCONbits                                 (abs)        00019
_T2CON                                      (abs)        0001C
_T2CONbits                                  (abs)        0001C
_TMR1H                                      (abs)        00017
_TMR1L                                      (abs)        00016
_TMR1_CallBack                              text82       01421
_TMR1_DefaultInterruptHandler               text84       00002
_TMR1_ISR                                   text81       013D1
_TMR1_Initialize                            text43       014E7
_TMR1_InterruptHandler                      nvBANK2      00166
_TMR1_ReadTimer                             text39       015EC
_TMR1_SetInterruptHandler                   text44       013EC
_TMR2                                       (abs)        0001A
_TMR2_Initialize                            text42       013C9
_TRISA                                      (abs)        0008C
_TRISB                                      (abs)        0008D
_TRISC                                      (abs)        0008E
_Timeout_getGlobalCounter                   text53       00800
_Timeout_hasExpired                         text73       0094A
_Timeout_increment                          text83       013FE
_Timeout_setTimeout                         text72       01516
_Timeout_updateCurrentTime                  text37       00A9D
_WDTCON                                     (abs)        00097
_WDT_Initialize                             text41       01377
_WPUA                                       (abs)        0020C
_WPUB                                       (abs)        0020D
_WPUC                                       (abs)        0020E
_WPUCbits                                   (abs)        0020E
_Wireless_checkDataReceived                 text10       00C45
_Wireless_init                              text29       00CBF
_Wireless_packageData                       text6        00F36
_Wireless_sendData                          text7        0142F
_Wireless_sleep                             text5        014FE
_Wireless_wake                              text4        01660
__CFG_BOREN$ON                              (abs)        00000
__CFG_BORV$LO                               (abs)        00000
__CFG_CLKOUTEN$OFF                          (abs)        00000
__CFG_CP$OFF                                (abs)        00000
__CFG_CPD$OFF                               (abs)        00000
__CFG_FCMEN$ON                              (abs)        00000
__CFG_FOSC$INTOSC                           (abs)        00000
__CFG_IESO$ON                               (abs)        00000
__CFG_LVP$ON                                (abs)        00000
__CFG_MCLRE$ON                              (abs)        00000
__CFG_PLLEN$OFF                             (abs)        00000
__CFG_PWRTE$OFF                             (abs)        00000
__CFG_STVREN$ON                             (abs)        00000
__CFG_WDTE$NSLEEP                           (abs)        00000
__CFG_WRT$OFF                               (abs)        00000
__Habs1                                     abs1         00000
__Hbank0                                    bank0        00000
__Hbank1                                    bank1        00000
__Hbank10                                   bank10       00000
__Hbank11                                   bank11       00000
__Hbank12                                   bank12       00000
__Hbank13                                   bank13       00000
__Hbank14                                   bank14       00000
__Hbank15                                   bank15       00000
__Hbank16                                   bank16       00000
__Hbank17                                   bank17       00000
__Hbank18                                   bank18       00000
__Hbank19                                   bank19       00000
__Hbank2                                    bank2        00000
__Hbank20                                   bank20       00000
__Hbank21                                   bank21       00000
__Hbank22                                   bank22       00000
__Hbank23                                   bank23       00000
__Hbank24                                   bank24       00000
__Hbank25                                   bank25       00000
__Hbank26                                   bank26       00000
__Hbank27                                   bank27       00000
__Hbank28                                   bank28       00000
__Hbank29                                   bank29       00000
__Hbank3                                    bank3        00000
__Hbank30                                   bank30       00000
__Hbank31                                   bank31       00000
__Hbank4                                    bank4        00000
__Hbank5                                    bank5        00000
__Hbank6                                    bank6        00000
__Hbank7                                    bank7        00000
__Hbank8                                    bank8        00000
__Hbank9                                    bank9        00000
__Hbigram                                   bigram       00000
__HbssBANK1                                 bssBANK1     00000
__HbssBANK2                                 bssBANK2     00000
__HbssBANK3                                 bssBANK3     00000
__HbssCOMMON                                bssCOMMON    00000
__Hcinit                                    cinit        00077
__Hclrtext                                  clrtext      00000
__Hcode                                     code         00000
__Hcommon                                   common       00000
__Hconfig                                   config       08009
__HcstackBANK0                              cstackBANK0  00000
__HcstackBANK1                              cstackBANK1  00000
__HcstackBANK3                              cstackBANK3  00000
__HcstackCOMMON                             cstackCOMMON 00000
__HdataBANK1                                dataBANK1    00000
__HdataBANK2                                dataBANK2    00000
__Heeprom_data                              eeprom_data  00000
__Hend_init                                 end_init     00039
__Hfunctab                                  functab      00000
__HidataBANK1                               idataBANK1   00000
__HidataBANK2                               idataBANK2   00000
__Hidloc                                    idloc        00000
__Hinit                                     init         00037
__Hintentry                                 intentry     00037
__Hmaintext                                 maintext     00000
__HnvBANK2                                  nvBANK2      00000
__HnvCOMMON                                 nvCOMMON     00000
__Hpowerup                                  powerup      00000
__Hram                                      ram          00000
__Hreset_vec                                reset_vec    00002
__Hsfr0                                     sfr0         00000
__Hsfr1                                     sfr1         00000
__Hsfr10                                    sfr10        00000
__Hsfr11                                    sfr11        00000
__Hsfr12                                    sfr12        00000
__Hsfr13                                    sfr13        00000
__Hsfr14                                    sfr14        00000
__Hsfr15                                    sfr15        00000
__Hsfr16                                    sfr16        00000
__Hsfr17                                    sfr17        00000
__Hsfr18                                    sfr18        00000
__Hsfr19                                    sfr19        00000
__Hsfr2                                     sfr2         00000
__Hsfr20                                    sfr20        00000
__Hsfr21                                    sfr21        00000
__Hsfr22                                    sfr22        00000
__Hsfr23                                    sfr23        00000
__Hsfr24                                    sfr24        00000
__Hsfr25                                    sfr25        00000
__Hsfr26                                    sfr26        00000
__Hsfr27                                    sfr27        00000
__Hsfr28                                    sfr28        00000
__Hsfr29                                    sfr29        00000
__Hsfr3                                     sfr3         00000
__Hsfr30                                    sfr30        00000
__Hsfr31                                    sfr31        00000
__Hsfr4                                     sfr4         00000
__Hsfr5                                     sfr5         00000
__Hsfr6                                     sfr6         00000
__Hsfr7                                     sfr7         00000
__Hsfr8                                     sfr8         00000
__Hsfr9                                     sfr9         00000
__Hspace_0                                  (abs)        08009
__Hspace_1                                  (abs)        001D8
__Hspace_2                                  (abs)        00000
__Hspace_3                                  (abs)        00000
__Hstack                                    stack        00000
__Hstrings                                  strings      00000
__Hstringtext1                              stringtext1  00000
__Hstringtext2                              stringtext2  00000
__Hstringtext3                              stringtext3  00000
__Htext                                     text         00000
__Labs1                                     abs1         00000
__Lbank0                                    bank0        00000
__Lbank1                                    bank1        00000
__Lbank10                                   bank10       00000
__Lbank11                                   bank11       00000
__Lbank12                                   bank12       00000
__Lbank13                                   bank13       00000
__Lbank14                                   bank14       00000
__Lbank15                                   bank15       00000
__Lbank16                                   bank16       00000
__Lbank17                                   bank17       00000
__Lbank18                                   bank18       00000
__Lbank19                                   bank19       00000
__Lbank2                                    bank2        00000
__Lbank20                                   bank20       00000
__Lbank21                                   bank21       00000
__Lbank22                                   bank22       00000
__Lbank23                                   bank23       00000
__Lbank24                                   bank24       00000
__Lbank25                                   bank25       00000
__Lbank26                                   bank26       00000
__Lbank27                                   bank27       00000
__Lbank28                                   bank28       00000
__Lbank29                                   bank29       00000
__Lbank3                                    bank3        00000
__Lbank30                                   bank30       00000
__Lbank31                                   bank31       00000
__Lbank4                                    bank4        00000
__Lbank5                                    bank5        00000
__Lbank6                                    bank6        00000
__Lbank7                                    bank7        00000
__Lbank8                                    bank8        00000
__Lbank9                                    bank9        00000
__Lbigram                                   bigram       00000
__LbssBANK1                                 bssBANK1     00000
__LbssBANK2                                 bssBANK2     00000
__LbssBANK3                                 bssBANK3     00000
__LbssCOMMON                                bssCOMMON    00000
__Lcinit                                    cinit        00039
__Lclrtext                                  clrtext      00000
__Lcode                                     code         00000
__Lcommon                                   common       00000
__Lconfig                                   config       08007
__LcstackBANK0                              cstackBANK0  00000
__LcstackBANK1                              cstackBANK1  00000
__LcstackBANK3                              cstackBANK3  00000
__LcstackCOMMON                             cstackCOMMON 00000
__LdataBANK1                                dataBANK1    00000
__LdataBANK2                                dataBANK2    00000
__Leeprom_data                              eeprom_data  00000
__Lend_init                                 end_init     00037
__Lfunctab                                  functab      00000
__LidataBANK1                               idataBANK1   00000
__LidataBANK2                               idataBANK2   00000
__Lidloc                                    idloc        00000
__Linit                                     init         00037
__Lintentry                                 intentry     00004
__Lmaintext                                 maintext     00000
__LnvBANK2                                  nvBANK2      00000
__LnvCOMMON                                 nvCOMMON     00000
__Lpowerup                                  powerup      00000
__Lram                                      ram          00000
__Lreset_vec                                reset_vec    00000
__Lsfr0                                     sfr0         00000
__Lsfr1                                     sfr1         00000
__Lsfr10                                    sfr10        00000
__Lsfr11                                    sfr11        00000
__Lsfr12                                    sfr12        00000
__Lsfr13                                    sfr13        00000
__Lsfr14                                    sfr14        00000
__Lsfr15                                    sfr15        00000
__Lsfr16                                    sfr16        00000
__Lsfr17                                    sfr17        00000
__Lsfr18                                    sfr18        00000
__Lsfr19                                    sfr19        00000
__Lsfr2                                     sfr2         00000
__Lsfr20                                    sfr20        00000
__Lsfr21                                    sfr21        00000
__Lsfr22                                    sfr22        00000
__Lsfr23                                    sfr23        00000
__Lsfr24                                    sfr24        00000
__Lsfr25                                    sfr25        00000
__Lsfr26                                    sfr26        00000
__Lsfr27                                    sfr27        00000
__Lsfr28                                    sfr28        00000
__Lsfr29                                    sfr29        00000
__Lsfr3                                     sfr3         00000
__Lsfr30                                    sfr30        00000
__Lsfr31                                    sfr31        00000
__Lsfr4                                     sfr4         00000
__Lsfr5                                     sfr5         00000
__Lsfr6                                     sfr6         00000
__Lsfr7                                     sfr7         00000
__Lsfr8                                     sfr8         00000
__Lsfr9                                     sfr9         00000
__Lspace_0                                  (abs)        00000
__Lspace_1                                  (abs)        00000
__Lspace_2                                  (abs)        00000
__Lspace_3                                  (abs)        00000
__Lstack                                    stack        00000
__Lstrings                                  strings      00000
__Lstringtext1                              stringtext1  00000
__Lstringtext2                              stringtext2  00000
__Lstringtext3                              stringtext3  00000
__Ltext                                     text         00000
__S0                                        (abs)        08009
__S1                                        (abs)        001D8
__S2                                        (abs)        00000
__S3                                        (abs)        00000
___aldiv                                    text65       00778
___aldiv@counter                            cstackBANK0  0002A
___aldiv@dividend                           cstackBANK0  00025
___aldiv@divisor                            cstackBANK0  00021
___aldiv@quotient                           cstackBANK0  0002C
___aldiv@sign                               cstackBANK0  0002B
___altoft                                   text63       00882
___altoft@c                                 cstackBANK0  00029
___altoft@exp                               cstackBANK0  0002F
___altoft@sign                              cstackBANK0  00030
___awtoft                                   text62       016BF
___awtoft@c                                 cstackBANK0  00029
___awtoft@sign                              cstackBANK0  0002E
___ftadd                                    text61       00682
___ftadd@exp1                               cstackBANK0  00055
___ftadd@exp2                               cstackBANK0  00054
___ftadd@f1                                 cstackBANK0  00049
___ftadd@f2                                 cstackBANK0  0004C
___ftadd@sign                               cstackBANK0  00053
___ftdiv                                    text60       00DD9
___ftdiv@cntr                               cstackBANK0  0003B
___ftdiv@exp                                cstackBANK0  0003F
___ftdiv@f1                                 cstackBANK0  00034
___ftdiv@f2                                 cstackBANK0  00031
___ftdiv@f3                                 cstackBANK0  0003C
___ftdiv@sign                               cstackBANK0  00040
___ftmul                                    text59       00E82
___ftmul@cntr                               cstackBANK0  00064
___ftmul@exp                                cstackBANK0  00060
___ftmul@f1                                 cstackBANK0  00056
___ftmul@f2                                 cstackBANK0  00059
___ftmul@f3_as_product                      cstackBANK0  00061
___ftmul@sign                               cstackBANK0  00065
___ftneg                                    text58       013DA
___ftneg@f1                                 cstackBANK0  00041
___ftpack                                   text64       00AFB
___ftpack@arg                               cstackBANK0  00021
___ftpack@exp                               cstackBANK0  00024
___ftpack@sign                              cstackBANK0  00025
___fttol                                    text57       00D3A
___fttol@exp1                               cstackBANK1  000A5
___fttol@f1                                 cstackBANK0  00066
___fttol@lval                               cstackBANK1  000A1
___fttol@sign1                              cstackBANK1  000A0
___int_sp                                   stack        00000
___latbits                                  (abs)        00002
___lldiv                                    text3        00997
___lldiv@counter                            cstackBANK0  0002E
___lldiv@dividend                           cstackBANK0  00025
___lldiv@divisor                            cstackBANK0  00021
___lldiv@quotient                           cstackBANK0  0002A
___lmul                                     text38       017D0
___lmul@multiplicand                        cstackBANK0  00025
___lmul@multiplier                          cstackBANK0  00021
___lmul@product                             cstackBANK0  00029
___lwdiv                                    text2        00811
___lwdiv@counter                            cstackBANK0  00026
___lwdiv@dividend                           cstackBANK0  00023
___lwdiv@divisor                            cstackBANK0  00021
___lwdiv@quotient                           cstackBANK0  00027
___lwtoft                                   text56       014A6
___lwtoft@c                                 cstackBANK0  00029
___sp                                       stack        00000
__end_ofWireless_init@TADDR                 stringtext3  01826
__end_of_ADC_GetConversionResult            text27       013FE
__end_of_ADC_Initialize                     text51       013C9
__end_of_ADC_IsConversionDone               text26       013B9
__end_of_ADC_SelectChannel                  text25       0144E
__end_of_ADC_StartConversion                text24       0136D
__end_of_BMP_init                           text69       00C45
__end_of_BMP_readTemperature                text55       00346
__end_of_DATAEE_WriteByte                   text18       01727
__end_of_DOOR_init                          text54       00004
__end_of_DOOR_resetPos                      text19       01370
__end_of_DOOR_run                           text52       00BD1
__end_of_DOOR_update                        text16       014E7
__end_of_Diag_getSensorHealth               text28       01493
__end_of_Diag_getTempSensorHealth           text68       0136A
__end_of_Diag_setTempSensorHealth           text79       013C1
__end_of_FVR_Initialize                     text50       01377
__end_of_FVR_IsOutputReady                  text23       013A4
__end_of_HMC5883L_I2C_BufferRead            text67       01481
__end_of_HMC5883L_ReadBits                  text66       0094A
__end_of_I2C2_BusCollisionISR               text91       01366
__end_of_I2C2_FunctionComplete              text90       0146F
__end_of_I2C2_ISR                           text88       00682
__end_of_I2C2_Initialize                    text49       0157E
__end_of_I2C2_MasterRead                    text76       0174F
__end_of_I2C2_MasterReadTRBBuild            text78       017D0
__end_of_I2C2_MasterTRBInsert               text77       00A3F
__end_of_I2C2_MasterWrite                   text74       01779
__end_of_I2C2_MasterWriteTRBBuild           text75       01704
__end_of_I2C2_Stop                          text89       015EC
__end_of_I2C_BufferRead                     text71       00A9D
__end_of_I2C_ByteWrite                      text70       00882
__end_of_INTERRUPT_InterruptManager         intentry     00037
__end_of_IOCAF2_DefaultInterruptHandler     text87       01367
__end_of_IOCAF2_ISR                         text86       01421
__end_of_IOCAF2_SetInterruptHandler         text47       013EC
__end_of_OSCILLATOR_Initialize              text48       013AB
__end_of_PIN_MANAGER_IOC                    text85       01398
__end_of_PIN_MANAGER_Initialize             text46       017A4
__end_of_RF_DataIsReady                     text14       01643
__end_of_RF_Init                            text36       0137F
__end_of_RF_ReadRegister                    text15       01563
__end_of_RF_ReadRegisterData                text12       01660
__end_of_RF_ResetStatusIRQ                  text32       0169F
__end_of_RF_RxPayload                       text11       014A6
__end_of_RF_TxPayload                       text8        015CF
__end_of_RF_Write                           text9        0145E
__end_of_RF_WriteRegister                   text33       014D1
__end_of_RF_WriteRegisterData               text30       01626
__end_of_SPI1_Exchange8bit                  text35       01414
__end_of_SPI1_Initialize                    text45       013B2
__end_of_SPI_WriteBuffer                    text31       015B4
__end_of_SPI_WriteRead                      text34       0139E
__end_of_SPI_WriteReadBuffer                text13       016BF
__end_of_SYSTEM_Initialize                  text40       01599
__end_of_Sensor_getSupplyVoltage            text20       00904
__end_of_Sensor_peripheralSleep             text22       01388
__end_of_Sensor_peripheralWake              text21       0138D
__end_of_Storage_save                       text17       01549
__end_of_TMR1_CallBack                      text82       0142F
__end_of_TMR1_DefaultInterruptHandler       text84       00003
__end_of_TMR1_ISR                           text81       013DA
__end_of_TMR1_Initialize                    text43       014FE
__end_of_TMR1_ReadTimer                     text39       01609
[...]
 Hardware stack levels required when called:    1
 This function calls:
		Absolute function
		_TMR1_DefaultInterruptHandler
		_Timeout_increment
 This function is called by:
		_TMR1_ISR
 This function uses a non-reentrant model


 *************** function _Timeout_increment *****************
 Defined at:
		line 8 in file "timeout.c"
 Parameters:    Size  Location     Type
		None
 Auto vars:     Size  Location     Type
		None
 Return value:  Size  Location     Type
                  1    wreg      void 
 Registers used:
		wreg
 Tracked objects:
		On entry : 
		On exit  : 
		Unchanged: 
 Data sizes:     COMMON   BANK0   BANK1   BANK2   BANK3   BANK4   BANK5   BANK6   BANK7   BANK8   BANK9  BANK10  BANK11  BANK12
      Params:         0       0       0       0       0       0       0       0       0       0       0       0       0       0
      Locals:         0       0       0       0       0       0       0       0       0       0       0       0       0       0
      Temps:          0       0       0       0       0       0       0       0       0       0       0       0       0       0
      Totals:         0       0       0       0       0       0       0       0       0       0       0       0       0       0
Total ram usage:        0 bytes
 Hardware stack levels used:    1
 This function calls:
		Nothing
 This function is called by:
		_TMR1_CallBack
 This function uses a non-reentrant model


 *************** function _TMR1_DefaultInterruptHandler *****************
 Defined at:
		line 185 in file "mcc_generated_files/tmr1.c"
 Parameters:    Size  Location     Type
		None
 Auto vars:     Size  Location     Type
		None
 Return value:  Size  Location     Type
                  1    wreg      void 
 Registers used:
		None
 Tracked objects:
		On entry : 
		On exit  : 
		Unchanged: 
 Data sizes:     COMMON   BANK0   BANK1   BANK2   BANK3   BANK4   BANK5   BANK6   BANK7   BANK8   BANK9  BANK10  BANK11  BANK12
      Params:         0       0       0       0       0       0       0       0       0       0       0       0       0       0
      Locals:         0       0       0       0       0       0       0       0       0       0       0       0       0       0
      Temps:          0       0       0       0       0       0       0       0       0       0       0       0       0       0
      Totals:         0       0       0       0       0       0       0       0       0       0       0       0       0       0
Total ram usage:        0 bytes
 Hardware stack levels used:    1
 This function calls:
		Nothing
 This function is called by:
		_TMR1_Initialize
		_TMR1_CallBack
 This function uses a non-reentrant model


 *************** function _PIN_MANAGER_IOC *****************
 Defined at:
		line 110 in file "mcc_generated_files/pin_manager.c"
 Parameters:    Size  Location     Type
		None
 Auto vars:     Size  Location     Type
		None
 Return value:  Size  Location     Type
                  1    wreg      void 
 Registers used:
		wreg, status,2, status,0, pclath, cstack
 Tracked objects:
		On entry : 
		On exit  : 
		Unchanged: 
 Data sizes:     COMMON   BANK0   BANK1   BANK2   BANK3   BANK4   BANK5   BANK6   BANK7   BANK8   BANK9  BANK10  BANK11  BANK12
      Params:         0       0       0       0       0       0       0       0       0       0       0       0       0       0
      Locals:         0       0       0       0       0       0       0       0       0       0       0       0       0       0
      Temps:          0       0       0       0       0       0       0       0       0       0       0       0       0       0
      Totals:         0       0       0       0       0       0       0       0       0       0       0       0       0       0
Total ram usage:        0 bytes
 Hardware stack levels used:    1
 Hardware stack levels required when called:    2
 This function calls:
		_IOCAF2_ISR
 This function is called by:
		_INTERRUPT_InterruptManager
 This function uses a non-reentrant model


 *************** function _IOCAF2_ISR *****************
 Defined at:
		line 124 in file "mcc_generated_files/pin_manager.c"
 Parameters:    Size  Location     Type
		None
 Auto vars:     Size  Location     Type
		None
 Return value:  Size  Location     Type
                  1    wreg      void 
 Registers used:
		wreg, status,2, status,0, pclath, cstack
 Tracked objects:
		On entry : 
		On exit  : 
		Unchanged: 
 Data sizes:     COMMON   BANK0   BANK1   BANK2   BANK3   BANK4   BANK5   BANK6   BANK7   BANK8   BANK9  BANK10  BANK11  BANK12
      Params:         0       0       0       0       0       0       0       0       0       0       0       0       0       0
      Locals:         0       0       0       0       0       0       0       0       0       0       0       0       0       0
      Temps:          0       0       0       0       0       0       0       0       0       0       0       0       0       0
      Totals:         0       0       0       0       0       0       0       0       0       0       0       0       0       0
Total ram usage:        0 bytes
 Hardware stack levels used:    1
 Hardware stack levels required when called:    1
 This function calls:
		Absolute function
		_IOCAF2_DefaultInterruptHandler
 This function is called by:
		_PIN_MANAGER_IOC
 This function uses a non-reentrant model


 *************** function _IOCAF2_DefaultInterruptHandler *****************
 Defined at:
		line 146 in file "mcc_generated_files/pin_manager.c"
 Parameters:    Size  Location     Type
		None
 Auto vars:     Size  Location     Type
		None
 Return value:  Size  Location     Type
                  1    wreg      void 
 Registers used:
		None
 Tracked objects:
		On entry : 
		On exit  : 
		Unchanged: 
 Data sizes:     COMMON   BANK0   BANK1   BANK2   BANK3   BANK4   BANK5   BANK6   BANK7   BANK8   BANK9  BANK10  BANK11  BANK12
      Params:         0       0       0       0       0       0       0       0       0       0       0       0       0       0
      Locals:         0       0       0       0       0       0       0       0       0       0       0       0       0       0
      Temps:          0       0       0       0       0       0       0       0       0       0       0       0       0       0
      Totals:         0       0       0       0       0       0       0       0       0       0       0       0       0       0
Total ram usage:        0 bytes
 Hardware stack levels used:    1
 This function calls:
		Nothing
 This function is called by:
		_PIN_MANAGER_Initialize
		_IOCAF2_ISR
 This function uses a non-reentrant model


 *************** function _I2C2_ISR *****************
 Defined at:
		line 233 in file "mcc_generated_files/i2c2.c"
 Parameters:    Size  Location     Type
		None
 Auto vars:     Size  Location     Type
		None
 Return value:  Size  Location     Type
                  1    wreg      void 
 Registers used:
		wreg, fsr0l, fsr0h, fsr1l, fsr1h, status,2, status,0, pclath, cstack
 Tracked objects:
		On entry : 
		On exit  : 
		Unchanged: 
 Data sizes:     COMMON   BANK0   BANK1   BANK2   BANK3   BANK4   BANK5   BANK6   BANK7   BANK8   BANK9  BANK10  BANK11  BANK12
      Params:         0       0       0       0       0       0       0       0       0       0       0       0       0       0
      Locals:         0       0       0       0       0       0       0       0       0       0       0       0       0       0
      Temps:          4       0       0       0       0       0       0       0       0       0       0       0       0       0
      Totals:         4       0       0       0       0       0       0       0       0       0       0       0       0       0
Total ram usage:        4 bytes
 Hardware stack levels used:    1
 Hardware stack levels required when called:    1
 This function calls:
		_I2C2_FunctionComplete
		_I2C2_Stop
 This function is called by:
		_INTERRUPT_InterruptManager
 This function uses a non-reentrant model


 *************** function _I2C2_Stop *****************
 Defined at:
		line 581 in file "mcc_generated_files/i2c2.c"
 Parameters:    Size  Location     Type
  completion_c    1    wreg     enum E2993
 Auto vars:     Size  Location     Type
  completion_c    1    2[COMMON] enum E2993
 Return value:  Size  Location     Type
                  1    wreg      void 
 Registers used:
		wreg, fsr1l, fsr1h, status,2, status,0
 Tracked objects:
		On entry : 
		On exit  : 
		Unchanged: 
 Data sizes:     COMMON   BANK0   BANK1   BANK2   BANK3   BANK4   BANK5   BANK6   BANK7   BANK8   BANK9  BANK10  BANK11  BANK12
      Params:         0       0       0       0       0       0       0       0       0       0       0       0       0       0
      Locals:         1       0       0       0       0       0       0       0       0       0       0       0       0       0
      Temps:          2       0       0       0       0       0       0       0       0       0       0       0       0       0
      Totals:         3       0       0       0       0       0       0       0       0       0       0       0       0       0
Total ram usage:        3 bytes
 Hardware stack levels used:    1
 This function calls:
		Nothing
 This function is called by:
		_I2C2_ISR
 This function uses a non-reentrant model


 *************** function _I2C2_FunctionComplete *****************
 Defined at:
		line 563 in file "mcc_generated_files/i2c2.c"
 Parameters:    Size  Location     Type
		None
 Auto vars:     Size  Location     Type
		None
 Return value:  Size  Location     Type
                  1    wreg      void 
 Registers used:
		wreg, status,2, status,0
 Tracked objects:
		On entry : 
		On exit  : 
		Unchanged: 
 Data sizes:     COMMON   BANK0   BANK1   BANK2   BANK3   BANK4   BANK5   BANK6   BANK7   BANK8   BANK9  BANK10  BANK11  BANK12
      Params:         0       0       0       0       0       0       0       0       0       0       0       0       0       0
      Locals:         0       0       0       0       0       0       0       0       0       0       0       0       0       0
      Temps:          1       0       0       0       0       0       0       0       0       0       0       0       0       0
      Totals:         1       0       0       0       0       0       0       0       0       0       0       0       0       0
Total ram usage:        1 bytes
 Hardware stack levels used:    1
 This function calls:
		Nothing
 This function is called by:
		_I2C2_ISR
 This function uses a non-reentrant model


 *************** function _I2C2_BusCollisionISR *****************
 Defined at:
		line 729 in file "mcc_generated_files/i2c2.c"
 Parameters:    Size  Location     Type
		None
 Auto vars:     Size  Location     Type
		None
 Return value:  Size  Location     Type
                  1    wreg      void 
 Registers used:
		None
 Tracked objects:
		On entry : 
		On exit  : 
		Unchanged: 
 Data sizes:     COMMON   BANK0   BANK1   BANK2   BANK3   BANK4   BANK5   BANK6   BANK7   BANK8   BANK9  BANK10  BANK11  BANK12
      Params:         0       0       0       0       0       0       0       0       0       0       0       0       0       0
      Locals:         0       0       0       0       0       0       0       0       0       0       0       0       0       0
      Temps:          0       0       0       0       0       0       0       0       0       0       0       0       0       0
      Totals:         0       0       0       0       0       0       0       0       0       0       0       0       0       0
Total ram usage:        0 bytes
 Hardware stack levels used:    1
 This function calls:
		Nothing
 This function is called by:
		_INTERRUPT_InterruptManager
 This function uses a non-reentrant model



MODULE INFORMATION

Module		Function		Class		Link	Load	Size
doorlogic.c
		_DOOR_init     		CODE           	0003	0000	2
		_DOOR_resetPos 		CODE           	136D	0000	4
		_DOOR_update   		CODE           	14D1	0000	23
		_DOOR_run      		CODE           	0B60	0000	114

doorlogic.c estimated size: 143

C:\Program Files (x86)\Microchip\xc8\v1.45\sources\common\ftneg.c
		___ftneg       		CODE           	13DA	0000	10

C:\Program Files (x86)\Microchip\xc8\v1.45\sources\common\ftneg.c estimated size: 10

nrf24.c
		_SPI_WriteRead 		CODE           	1398	0000	7
		_RF_RxPayload  		CODE           	1493	0000	20
		_RF_Write      		CODE           	144E	0000	17
		_SPI_WriteReadBuffer		CODE           	169F	0000	33
		_RF_Init       		CODE           	137B	0000	5
		_RF_ReadRegister		CODE           	1549	0000	27
		_RF_TxPayload  		CODE           	15B4	0000	28
		_RF_WriteRegister		CODE           	14BB	0000	23
		_RF_ReadRegisterData		CODE           	1643	0000	30
		_RF_ResetStatusIRQ		CODE           	167F	0000	33
		_RF_WriteRegisterData		CODE           	1609	0000	30
		_SPI_WriteBuffer		CODE           	1599	0000	28
		_RF_DataIsReady		CODE           	1626	0000	30

nrf24.c estimated size: 311

C:\Program Files (x86)\Microchip\xc8\v1.45\sources\common\float.c
		___ftpack      		CODE           	0AFB	0000	102

C:\Program Files (x86)\Microchip\xc8\v1.45\sources\common\float.c estimated size: 102

mcc_generated_files/fvr.c
		_FVR_IsOutputReady		CODE           	139E	0000	7
		_FVR_Initialize		CODE           	1373	0000	5

mcc_generated_files/fvr.c estimated size: 12

storage.c
		_Storage_save  		CODE           	152F	0000	27

storage.c estimated size: 27

mcc_generated_files/tmr2.c
		_TMR2_Initialize		CODE           	13C9	0000	9

mcc_generated_files/tmr2.c estimated size: 9

mcc_generated_files/interrupt_manager.c
		_INTERRUPT_InterruptManager		CODE           	0004	0000	52

mcc_generated_files/interrupt_manager.c estimated size: 52

i2c_wrapper.c
		_I2C_BufferRead		CODE           	0A3F	0000	95
		_I2C_ByteWrite 		CODE           	0846	0000	61

i2c_wrapper.c estimated size: 156

bmp280.c
		_BMP_init      		CODE           	0BD1	0000	117
		_BMP_readTemperature		CODE           	0077	0000	720

bmp280.c estimated size: 837

sensors.c
		_Sensor_getSupplyVoltage		CODE           	08BF	0000	70
		_Sensor_peripheralWake		CODE           	1388	0000	6
		_Sensor_peripheralSleep		CODE           	1383	0000	6

sensors.c estimated size: 82

mcc_generated_files/pin_manager.c
		_PIN_MANAGER_Initialize		CODE           	1779	0000	44
		_IOCAF2_DefaultInterruptHandler		CODE           	1366	0000	2
		_IOCAF2_ISR    		CODE           	1414	0000	14
		_PIN_MANAGER_IOC		CODE           	1392	0000	7
		_IOCAF2_SetInterruptHandler		CODE           	13E3	0000	10

mcc_generated_files/pin_manager.c estimated size: 77

mcc_generated_files/spi1.c
		_SPI1_Initialize		CODE           	13AB	0000	8
		_SPI1_Exchange8bit		CODE           	1408	0000	13

mcc_generated_files/spi1.c estimated size: 21

C:\Program Files (x86)\Microchip\xc8\v1.45\sources\common\ftmul.c
		___ftmul       		CODE           	0E82	0000	181

C:\Program Files (x86)\Microchip\xc8\v1.45\sources\common\ftmul.c estimated size: 181

mcc_generated_files/adc.c
		_ADC_Initialize		CODE           	13C1	0000	9
		_ADC_IsConversionDone		CODE           	13B2	0000	8
		_ADC_GetConversionResult		CODE           	13F5	0000	10
		_ADC_StartConversion		CODE           	136A	0000	4
		_ADC_SelectChannel		CODE           	143E	0000	17

mcc_generated_files/adc.c estimated size: 48

C:\Program Files (x86)\Microchip\xc8\v1.45\sources\common\ftdiv.c
		___ftdiv       		CODE           	0DD9	0000	170

C:\Program Files (x86)\Microchip\xc8\v1.45\sources\common\ftdiv.c estimated size: 170

timeout.c
		_Timeout_increment		CODE           	13FE	0000	11
		_Timeout_hasExpired		CODE           	094A	0000	78
		_Timeout_updateCurrentTime		CODE           	0A9D	0000	95
		_Timeout_getGlobalCounter		CODE           	0800	0000	18
		_Timeout_setTimeout		CODE           	1516	0000	26

timeout.c estimated size: 228

C:\Program Files (x86)\Microchip\xc8\v1.45\sources\common\Umul32.c
		___lmul        		CODE           	17D0	0000	49

C:\Program Files (x86)\Microchip\xc8\v1.45\sources\common\Umul32.c estimated size: 49

hmc5883l.c
		_HMC5883L_ReadBits		CODE           	0904	0000	71
		_HMC5883L_I2C_BufferRead		CODE           	146F	0000	19

hmc5883l.c estimated size: 90

wireless.c
		_Wireless_wake 		CODE           	1660	0000	32
		_Wireless_init 		CODE           	0CBF	0000	124
		_Wireless_sendData		CODE           	142F	0000	16
		_Wireless_packageData		CODE           	0F36	0000	203
		_Wireless_sleep		CODE           	14FE	0000	25
		_Wireless_checkDataReceived		CODE           	0C45	0000	123

wireless.c estimated size: 523

shared
		atan@coeff_a   		STRCODE        	0000	0000	0
		atan@coeff_b   		STRCODE        	0000	0000	0
		__initialization		CODE           	0039	0000	59
		Wireless_init@TADDR		STRCODE        	1821	0000	6

shared estimated size: 65

mcc_generated_files/mcc.c
		_WDT_Initialize		CODE           	1377	0000	5
		_OSCILLATOR_Initialize		CODE           	13A4	0000	8
		_SYSTEM_Initialize		CODE           	157E	0000	28

mcc_generated_files/mcc.c estimated size: 41

C:\Program Files (x86)\Microchip\xc8\v1.45\sources\common\fttol.c
		___fttol       		CODE           	0D3A	0000	160

C:\Program Files (x86)\Microchip\xc8\v1.45\sources\common\fttol.c estimated size: 160

C:\Program Files (x86)\Microchip\xc8\v1.45\sources\common\awtoft.c
		___awtoft      		CODE           	16BF	0000	35

C:\Program Files (x86)\Microchip\xc8\v1.45\sources\common\awtoft.c estimated size: 35

mcc_generated_files/tmr1.c
		_TMR1_Initialize		CODE           	14E7	0000	24
		_TMR1_SetInterruptHandler		CODE           	13EC	0000	10
		_TMR1_DefaultInterruptHandler		CODE           	0002	0000	2
		_TMR1_CallBack 		CODE           	1421	0000	15
		_TMR1_ReadTimer		CODE           	15EC	0000	30
		_TMR1_ISR      		CODE           	13D1	0000	10

mcc_generated_files/tmr1.c estimated size: 91

mcc_generated_files/i2c2.c
		_I2C2_BusCollisionISR		CODE           	1365	0000	2
		_I2C2_MasterRead		CODE           	1727	0000	41
		_I2C2_FunctionComplete		CODE           	145E	0000	18
		_I2C2_MasterWriteTRBBuild		CODE           	16E1	0000	36
		_I2C2_ISR      		CODE           	0539	0000	330
		_I2C2_MasterWrite		CODE           	174F	0000	43
		_I2C2_Initialize		CODE           	1563	0000	28
		_I2C2_Stop     		CODE           	15CF	0000	30
		_I2C2_MasterReadTRBBuild		CODE           	17A4	0000	45
		_I2C2_MasterTRBInsert		CODE           	09EA	0000	86

mcc_generated_files/i2c2.c estimated size: 659

C:\Program Files (x86)\Microchip\xc8\v1.45\sources\common\lwdiv.c
		___lwdiv       		CODE           	0811	0000	54

C:\Program Files (x86)\Microchip\xc8\v1.45\sources\common\lwdiv.c estimated size: 54

mcc_generated_files/memory.c
		_DATAEE_WriteByte		CODE           	1704	0000	36

mcc_generated_files/memory.c estimated size: 36

C:\Program Files (x86)\Microchip\xc8\v1.45\sources\common\ftadd.c
		___ftadd       		CODE           	0682	0000	247

C:\Program Files (x86)\Microchip\xc8\v1.45\sources\common\ftadd.c estimated size: 247

C:\Program Files (x86)\Microchip\xc8\v1.45\sources\common\lldiv.c
		___lldiv       		CODE           	0997	0000	84

C:\Program Files (x86)\Microchip\xc8\v1.45\sources\common\lldiv.c estimated size: 84

C:\Program Files (x86)\Microchip\xc8\v1.45\sources\common\aldiv.c
		___aldiv       		CODE           	0778	0000	131

C:\Program Files (x86)\Microchip\xc8\v1.45\sources\common\aldiv.c estimated size: 131

common.c
		_setSleepTime  		CODE           	138D	0000	6

common.c estimated size: 6

diagnostics.c
		_Diag_getTempSensorHealth		CODE           	1367	0000	4
		_Diag_getSensorHealth		CODE           	1481	0000	19
		_Diag_setTempSensorHealth		CODE           	13B9	0000	9

diagnostics.c estimated size: 32

main.c
		_main          		CODE           	0346	0000	500

main.c estimated size: 500

C:\Program Files (x86)\Microchip\xc8\v1.45\sources\common\lwtoft.c
		___lwtoft      		CODE           	14A6	0000	22

C:\Program Files (x86)\Microchip\xc8\v1.45\sources\common\lwtoft.c estimated size: 22

C:\Program Files (x86)\Microchip\xc8\v1.45\sources\common\altoft.c
		___altoft      		CODE           	0882	0000	62

C:\Program Files (x86)\Microchip\xc8\v1.45\sources\common\altoft.c estimated size: 62

