Microchip MPLAB XC8 Compiler V1.45 ()

Linker command line:

-W-3 --edf=C:\Program Files (x86)\Microchip\xc8\v1.45\dat\en_msgs.txt -cs \
  -h+dist/default/production\DoorSensorV2.X.production.sym \
  --cmf=dist/default/production\DoorSensorV2.X.production.cmf -z -Q16LF1829 \
  -oC:\Users\YAYRAA~1\AppData\Local\Temp\sb50.2 \
  -Mdist/default/production/DoorSensorV2.X.production.map -E1 -ver=XC8 \
  -ASTACK=02131h-023efh -pstack=STACK -ACODE=00h-07FFhx4 \
  -ASTRCODE=00h-01FFFh -ASTRING=00h-0FFhx32 -ACONST=00h-0FFhx32 \
  -AENTRY=00h-0FFhx32 -ACOMMON=070h-07Fh -ABANK0=020h-06Fh \
  -ABANK1=0A0h-0EFh -ABANK2=0120h-016Fh -ABANK3=01A0h-01EFh \
  -ABANK4=0220h-026Fh -ABANK5=02A0h-02EFh -ABANK6=0320h-036Fh \
  -ABANK7=03A0h-03EFh -ABANK8=0420h-046Fh -ABANK9=04A0h-04EFh \
  -ABANK10=0520h-056Fh -ABANK11=05A0h-05EFh -ABANK12=0620h-064Fh \
  -ABIGRAM=02000h-023EFh \
  -ARAM=020h-06Fh,0A0h-0EFh,0120h-016Fh,01A0h-01EFh,0220h-026Fh,02A0h-02EFh,0320h-036Fh,03A0h-03EFh,0420h-046Fh,04A0h-04EFh,0520h-056Fh,05A0h-05EFh,0620h-064Fh \
  -AABS1=020h-07Fh,0A0h-0EFh,0120h-016Fh,01A0h-01EFh,0220h-026Fh,02A0h-02EFh,0320h-036Fh,03A0h-03EFh,0420h-046Fh,04A0h-04EFh,0520h-056Fh,05A0h-05EFh,0620h-064Fh \
  -ASFR0=00h-01Fh -ASFR1=080h-09Fh -ASFR2=0100h-011Fh -ASFR3=0180h-019Fh \
  -ASFR4=0200h-021Fh -ASFR5=0280h-029Fh -ASFR6=0300h-031Fh \
  -ASFR7=0380h-039Fh -ASFR8=0400h-041Fh -ASFR9=0480h-049Fh \
  -ASFR10=0500h-051Fh -ASFR11=0580h-059Fh -ASFR12=0600h-061Fh \
  -ASFR13=0680h-06EFh -ASFR14=0700h-076Fh -ASFR15=0780h-07EFh \
  -ASFR16=0800h-086Fh -ASFR17=0880h-08EFh -ASFR18=0900h-096Fh \
  -ASFR19=0980h-09EFh -ASFR20=0A00h-0A6Fh -ASFR21=0A80h-0AEFh \
  -ASFR22=0B00h-0B6Fh -ASFR23=0B80h-0BEFh -ASFR24=0C00h-0C6Fh \
  -ASFR25=0C80h-0CEFh -ASFR26=0D00h-0D6Fh -ASFR27=0D80h-0DEFh \
  -ASFR28=0E00h-0E6Fh -ASFR29=0E80h-0EEFh -ASFR30=0F00h-0F6Fh \
  -ASFR31=0F80h-0FEFh -preset_vec=00h,intentry=04h,init,end_init \
  -ppowerup=CODE -pcinit=CODE -pfunctab=ENTRY -ACONFIG=08007h-08008h \
  -pconfig=CONFIG -DCONFIG=2 -AIDLOC=08000h-08003h -pidloc=IDLOC -DIDLOC=2 \
  -AEEDATA=00h-0FFh/0F000h -peeprom_data=EEDATA -DEEDATA=2 -DCODE=2 \
  -DSTRCODE=2 -DSTRING=2 -DCONST=2 -DENTRY=2 -k \
  C:\Users\YAYRAA~1\AppData\Local\Temp\sb50.obj \
  dist/default/production\DoorSensorV2.X.production.obj 

Object code version is 3.11

Machine type is 16LF1829



                Name                               Link     Load   Length Selector   Space Scale
C:\Users\YAYRAA~1\AppData\Local\Temp\sb50.obj
                end_init                             37       37        2        8       0
                reset_vec                             0        0        2        0       0
                config                             8007     8007        2    1000E       0
dist/default/production\DoorSensorV2.X.production.obj
                cinit                                39       39       36        8       0
                intentry                              4        4       33        8       0
                text107                             801      801        1     1002       0
                text106                            1EAA     1EAA       11     3D54       0
                text105                            108C     108C       1D     2118       0
                swtext1                            1800     1800       18     3000       0
                text104                             D3F      D3F      149     1A7E       0
                text103                               2        2        1        0       0
                text102                            1E28     1E28        D     3C50       0
                text101                            1D89     1D89        6     3B12       0
                text100                               3        3        1        6       0
                text99                             1E12     1E12        A     3C24       0
                text98                             1E42     1E42        E     3C84       0
                text97                             1DDC     1DDC        9     3BB8       0
                text95                             1DBC     1DBC        8     3B78       0
                text94                              802      802       2C     1004       0
                text93                             150F     150F       55     2A1E       0
                text92                             11E8     11E8       28     23D0       0
                text91                             117F     117F       23     22FE       0
                text90                             1210     1210       2A     2420       0
                text89                             141F     141F       4D     283E       0
                text88                             1EBB     1EBB       11     3D76       0
                text87                             1564     1564       5E     2AC8       0
                text86                             1295     1295       3C     252A       0
                text85                             1627     1627       74     2C4E       0
                text84                             1D6A     1D6A        3     3AD4       0
                text83                             1ECC     1ECC       12     3D98       0
                text82                             138F     138F       46     271E       0
                text81                              8A9      8A9       82     1152       0
                text80                             15C2     15C2       65     2B84       0
                text79                             130D     130D       3D     261A       0
                text78                             115D     115D       22     22BA       0
                text77                              C49      C49       F6     1892       0
                text76                              AEC      AEC       A9     15D8       0
                text75                              B95      B95       B4     172A       0
                text74                             1DE5     1DE5        9     3BCA       0
                text73                              A4D      A4D       9F     149A       0
                text72                             1F15     1F15       15     3E2A       0
                text71                               6F       6F      2CD        8       0
                text70                             1E35     1E35        D     3C6A       0
                text69                             11A2     11A2       23     2344       0
                text68                             13D5     13D5       4A     27AA       0
                text67                             1DEE     1DEE        9     3BDC       0
                text66                             1D6D     1D6D        3     3ADA       0
                text65                             1DC4     1DC4        8     3B88       0
                text64                             1E50     1E50        E     3CA0       0
                text63                             146C     146C       50     28D8       0
                text62                             1E5E     1E5E        E     3CBC       0
                text61                             170F     170F       77     2E1E       0
                text60                             1100     1100       1E     2200       0
                text59                             1070     1070       1C     20E0       0
                text58                             169B     169B       74     2D36       0
                text57                             12D1     12D1       3C     25A2       0
                text56                             11C5     11C5       23     238A       0
                text55                              E88      E88      178     1D10       0
                text54                              33C      33C      21B        8       0
                text53                              9B1      9B1       9C     1362       0
                text52                             1F6C     1F6C       17     3ED8       0
                text51                             1FB2     1FB2       1A     3F64       0
                text50                             1F2A     1F2A       16     3E54       0
                text49                             1E6C     1E6C        F     3CD8       0
                text48                              92B      92B       86     1256       0
                text47                             1DCC     1DCC        8     3B98       0
                text46                             1D73     1D73        4     3AE6       0
                text45                             1004     1004       1B     2008       0
                text44                             1DA7     1DA7        7     3B4E       0
                text43                             1DF7     1DF7        9     3BEE       0
                text42                             123A     123A       2B     2474       0
                text41                             1DAE     1DAE        7     3B5C       0
                text40                             1E00     1E00        9     3C00       0
                text39                             1F83     1F83       17     3F06       0
                text38                             1DD4     1DD4        8     3BA8       0
                text37                             1D77     1D77        4     3AEE       0
                text36                             101F     101F       1B     203E       0
                text35                             1D7B     1D7B        4     3AF6       0
                text34                             1E1C     1E1C        C     3C38       0
                text33                             1D8F     1D8F        6     3B1E       0
                text32                             1F40     1F40       16     3E80       0
                text31                             113D     113D       20     227A       0
                text30                             103A     103A       1B     2074       0
                text29                             10A9     10A9       1D     2152       0
                text28                              82E      82E       7B     105C       0
                text27                             1EDE     1EDE       12     3DBC       0
                text26                             1E09     1E09        9     3C12       0
                text25                             1DB5     1DB5        7     3B6A       0
                text24                             1E8A     1E8A       10     3D14       0
                text23                             1D70     1D70        3     3AE0       0
                text22                             1D95     1D95        6     3B2A       0
                text21                             1D7F     1D7F        5     3AFE       0
                text20                             1D84     1D84        5     3B08       0
                text19                             134A     134A       45     2694       0
                text18                             1000     1000        4     1D10       0
                text17                             1FCC     1FCC       1A     3F98       0
                text16                             1F56     1F56       16     3EAC       0
                text15                             1FE6     1FE6       1A     3FCC       0
                text14                             10C6     10C6       1D     218C       0
                text13                              7DF      7DF       20        8       0
                text12                             10E3     10E3       1D     21C6       0
                text11                             1F02     1F02       13     3E04       0
                text10                             1265     1265       30     24CA       0
                text9                              1786     1786       7A     2F0C       0
                text8                              1E9A     1E9A       10     3D34       0
                text7                              1055     1055       1B     20AA       0
                text6                              1E7B     1E7B        F     3CF6       0
                text5                              1EF0     1EF0       12     3DE0       0
                text4                               71F      71F       C0        8       0
                text3                              1F9A     1F9A       18     3F34       0
                text2                              111E     111E       1F     223C       0
                text1                              14BC     14BC       53     2978       0
                maintext                            557      557      1C8        8       0
                cstackBANK0                          20       20       4E       20       1
                cstackCOMMON                         70       70        7       70       1
                cstackBANK1                          A0       A0       3A       A0       1
                cstackBANK3                         1D7      1D7        A      1A0       1
                clrtext                            1D9B     1D9B        6     3B36       0
                bssBANK3                            1A0      1A0       37      1A0       1
                dataBANK2                           162      162        6      120       1
                bssBANK2                            120      120       42      120       1
                dataBANK1                            E8       E8        1       A0       1
                bssBANK1                             DA       DA        E       A0       1
                bssCOMMON                            77       77        5       70       1
                nvBANK2                             168      168        4      120       1
                nvCOMMON                             7C       7C        2       70       1
                stringtext3                        1839     1839        5     3030       0
                stringtext2                        182A     182A        F     3030       0
                stringtext1                        1818     1818       12     3030       0
                idataBANK2                         1DA1     1DA1        6     3B42       0
                idataBANK1                          7FF      7FF        1        8       0

TOTAL           Name                               Link     Load   Length     Space
        CLASS   STACK          

        CLASS   CODE           
                end_init                             37       37        2         0
                cinit                                39       39       36         0
                intentry                              4        4       33         0
                reset_vec                             0        0        2         0
                text107                             801      801        1         0
                text106                            1EAA     1EAA       11         0
                text105                            108C     108C       1D         0
                text104                             D3F      D3F      149         0
                text103                               2        2        1         0
                text102                            1E28     1E28        D         0
                text101                            1D89     1D89        6         0
                text100                               3        3        1         0
                text99                             1E12     1E12        A         0
                text98                             1E42     1E42        E         0
                text97                             1DDC     1DDC        9         0
                text95                             1DBC     1DBC        8         0
                text94                              802      802       2C         0
                text93                             150F     150F       55         0
                text92                             11E8     11E8       28         0
                text91                             117F     117F       23         0
                text90                             1210     1210       2A         0
                text89                             141F     141F       4D         0
                text88                             1EBB     1EBB       11         0
                text87                             1564     1564       5E         0
                text86                             1295     1295       3C         0
                text85                             1627     1627       74         0
                text84                             1D6A     1D6A        3         0
                text83                             1ECC     1ECC       12         0
                text82                             138F     138F       46         0
                text81                              8A9      8A9       82         0
                text80                             15C2     15C2       65         0
                text79                             130D     130D       3D         0
                text78                             115D     115D       22         0
                text77                              C49      C49       F6         0
                text76                              AEC      AEC       A9         0
                text75                              B95      B95       B4         0
                text74                             1DE5     1DE5        9         0
                text73                              A4D      A4D       9F         0
                text72                             1F15     1F15       15         0
                text71                               6F       6F      2CD         0
                text70                             1E35     1E35        D         0
                text69                             11A2     11A2       23         0
                text68                             13D5     13D5       4A         0
                text67                             1DEE     1DEE        9         0
                text66                             1D6D     1D6D        3         0
                text65                             1DC4     1DC4        8         0
                text64                             1E50     1E50        E         0
                text63                             146C     146C       50         0
                text62                             1E5E     1E5E        E         0
                text61                             170F     170F       77         0
                text60                             1100     1100       1E         0
                text59                             1070     1070       1C         0
                text58                             169B     169B       74         0
                text57                             12D1     12D1       3C         0
                text56                             11C5     11C5       23         0
                text55                              E88      E88      178         0
                text54                              33C      33C      21B         0
                text53                              9B1      9B1       9C         0
                text52                             1F6C     1F6C       17         0
                text51                             1FB2     1FB2       1A         0
                text50                             1F2A     1F2A       16         0
                text49                             1E6C     1E6C        F         0
                text48                              92B      92B       86         0
                text47                             1DCC     1DCC        8         0
                text46                             1D73     1D73        4         0
                text45                             1004     1004       1B         0
                text44                             1DA7     1DA7        7         0
                text43                             1DF7     1DF7        9         0
                text42                             123A     123A       2B         0
                text41                             1DAE     1DAE        7         0
                text40                             1E00     1E00        9         0
                text39                             1F83     1F83       17         0
                text38                             1DD4     1DD4        8         0
                text37                             1D77     1D77        4         0
                text36                             101F     101F       1B         0
                text35                             1D7B     1D7B        4         0
                text34                             1E1C     1E1C        C         0
                text33                             1D8F     1D8F        6         0
                text32                             1F40     1F40       16         0
                text31                             113D     113D       20         0
                text30                             103A     103A       1B         0
                text29                             10A9     10A9       1D         0
                text28                              82E      82E       7B         0
                text27                             1EDE     1EDE       12         0
                text26                             1E09     1E09        9         0
                text25                             1DB5     1DB5        7         0
                text24                             1E8A     1E8A       10         0
                text23                             1D70     1D70        3         0
                text22                             1D95     1D95        6         0
                text21                             1D7F     1D7F        5         0
                text20                             1D84     1D84        5         0
                text19                             134A     134A       45         0
                text18                             1000     1000        4         0
                text17                             1FCC     1FCC       1A         0
                text16                             1F56     1F56       16         0
                text15                             1FE6     1FE6       1A         0
                text14                             10C6     10C6       1D         0
                text13                              7DF      7DF       20         0
                text12                             10E3     10E3       1D         0
                text11                             1F02     1F02       13         0
                text10                             1265     1265       30         0
                text9                              1786     1786       7A         0
                text8                              1E9A     1E9A       10         0
                text7                              1055     1055       1B         0
                text6                              1E7B     1E7B        F         0
                text5                              1EF0     1EF0       12         0
                text4                               71F      71F       C0         0
                text3                              1F9A     1F9A       18         0
                text2                              111E     111E       1F         0
                text1                              14BC     14BC       53         0
                maintext                            557      557      1C8         0
                clrtext                            1D9B     1D9B        6         0
                idataBANK2                         1DA1     1DA1        6         0
                idataBANK1                          7FF      7FF        1         0

        CLASS   STRCODE        
                stringtext3                        1839     1839        5         0
                stringtext2                        182A     182A        F         0
                stringtext1                        1818     1818       12         0

        CLASS   STRING         

        CLASS   CONST          
                swtext1                            1800     1800       18         0

        CLASS   ENTRY          

        CLASS   COMMON         
                cstackCOMMON                         70       70        7         1
                bssCOMMON                            77       77        5         1
                nvCOMMON                             7C       7C        2         1

        CLASS   BANK0          
                cstackBANK0                          20       20       4E         1

        CLASS   BANK1          
                cstackBANK1                          A0       A0       3A         1
                dataBANK1                            E8       E8        1         1
                bssBANK1                             DA       DA        E         1

        CLASS   BANK2          
                dataBANK2                           162      162        6         1
                bssBANK2                            120      120       42         1
                nvBANK2                             168      168        4         1

        CLASS   BANK3          
                cstackBANK3                         1D7      1D7        A         1
                bssBANK3                            1A0      1A0       37         1

        CLASS   BANK4          

        CLASS   BANK5          

        CLASS   BANK6          

        CLASS   BANK7          

        CLASS   BANK8          

        CLASS   BANK9          

        CLASS   BANK10         

        CLASS   BANK11         

        CLASS   BANK12         

        CLASS   BIGRAM         

        CLASS   RAM            

        CLASS   ABS1           
                abs_s1                               7E       7E        2         1

        CLASS   SFR0           

        CLASS   SFR1           

        CLASS   SFR2           

        CLASS   SFR3           

        CLASS   SFR4           

        CLASS   SFR5           

        CLASS   SFR6           

        CLASS   SFR7           

        CLASS   SFR8           

        CLASS   SFR9           

        CLASS   SFR10          

        CLASS   SFR11          

        CLASS   SFR12          

        CLASS   SFR13          

        CLASS   SFR14          

        CLASS   SFR15          

        CLASS   SFR16          

        CLASS   SFR17          

        CLASS   SFR18          

        CLASS   SFR19          

        CLASS   SFR20          

        CLASS   SFR21          

        CLASS   SFR22          

        CLASS   SFR23          

        CLASS   SFR24          

        CLASS   SFR25          

        CLASS   SFR26          

        CLASS   SFR27          

        CLASS   SFR28          

        CLASS   SFR29          

        CLASS   SFR30          

        CLASS   SFR31          

        CLASS   CONFIG         
                config                             8007     8007        2         0

        CLASS   IDLOC          

        CLASS   EEDATA         

        CLASS   BANK31         

        CLASS   BANK30         

        CLASS   BANK29         

        CLASS   BANK28         

        CLASS   BANK27         

        CLASS   BANK26         

        CLASS   BANK25         

        CLASS   BANK24         

        CLASS   BANK23         

        CLASS   BANK22         

        CLASS   BANK21         

        CLASS   BANK20         

        CLASS   BANK19         

        CLASS   BANK18         

        CLASS   BANK17         

        CLASS   BANK16         

        CLASS   BANK15         

        CLASS   BANK14         

        CLASS   BANK13         



SEGMENTS        Name                           Load    Length   Top    Selector   Space  Class     Delta

                reset_vec                      000000  000003  000003         0       0  CODE        2
                text100                        000003  000001  000004         6       0  CODE        2
                intentry                       000004  0007FC  000800         8       0  CODE        2
                cstackBANK0                    000020  00004E  00006E        20       1  BANK0       1
                cstackCOMMON                   000070  00000E  00007E        70       1  COMMON      1
                cstackBANK1                    0000A0  000049  0000E9        A0       1  BANK1       1
                bssBANK2                       000120  00004C  00016C       120       1  BANK2       1
                bssBANK3                       0001A0  000041  0001E1       1A0       1  BANK3       1
                text107                        000801  000001  000802      1002       0  CODE        2
                text94                         000802  00002C  00082E      1004       0  CODE        2
                text28                         00082E  00007B  0008A9      105C       0  CODE        2
                text81                         0008A9  000082  00092B      1152       0  CODE        2
                text48                         00092B  000086  0009B1      1256       0  CODE        2
                text53                         0009B1  00009C  000A4D      1362       0  CODE        2
                text73                         000A4D  00009F  000AEC      149A       0  CODE        2
                text76                         000AEC  0000A9  000B95      15D8       0  CODE        2
                text75                         000B95  0000B4  000C49      172A       0  CODE        2
                text77                         000C49  0000F6  000D3F      1892       0  CODE        2
                text104                        000D3F  000149  000E88      1A7E       0  CODE        2
                text55                         000E88  00017C  001004      1D10       0  CODE        2
                text45                         001004  00001B  00101F      2008       0  CODE        2
                text36                         00101F  00001B  00103A      203E       0  CODE        2
                text30                         00103A  00001B  001055      2074       0  CODE        2
                text7                          001055  00001B  001070      20AA       0  CODE        2
                text59                         001070  00001C  00108C      20E0       0  CODE        2
                text105                        00108C  00001D  0010A9      2118       0  CODE        2
                text29                         0010A9  00001D  0010C6      2152       0  CODE        2
                text14                         0010C6  00001D  0010E3      218C       0  CODE        2
                text12                         0010E3  00001D  001100      21C6       0  CODE        2
                text60                         001100  00001E  00111E      2200       0  CODE        2
                text2                          00111E  00001F  00113D      223C       0  CODE        2
                text31                         00113D  000020  00115D      227A       0  CODE        2
                text78                         00115D  000022  00117F      22BA       0  CODE        2
                text91                         00117F  000023  0011A2      22FE       0  CODE        2
                text69                         0011A2  000023  0011C5      2344       0  CODE        2
                text56                         0011C5  000023  0011E8      238A       0  CODE        2
                text92                         0011E8  000028  001210      23D0       0  CODE        2
                text90                         001210  00002A  00123A      2420       0  CODE        2
                text42                         00123A  00002B  001265      2474       0  CODE        2
                text10                         001265  000030  001295      24CA       0  CODE        2
                text86                         001295  00003C  0012D1      252A       0  CODE        2
                text57                         0012D1  00003C  00130D      25A2       0  CODE        2
                text79                         00130D  00003D  00134A      261A       0  CODE        2
                text19                         00134A  000045  00138F      2694       0  CODE        2
                text82                         00138F  000046  0013D5      271E       0  CODE        2
                text68                         0013D5  00004A  00141F      27AA       0  CODE        2
                text89                         00141F  00004D  00146C      283E       0  CODE        2
                text63                         00146C  000050  0014BC      28D8       0  CODE        2
                text1                          0014BC  000053  00150F      2978       0  CODE        2
                text93                         00150F  000055  001564      2A1E       0  CODE        2
                text87                         001564  00005E  0015C2      2AC8       0  CODE        2
                text80                         0015C2  000065  001627      2B84       0  CODE        2
                text85                         001627  000074  00169B      2C4E       0  CODE        2
                text58                         00169B  000074  00170F      2D36       0  CODE        2
                text61                         00170F  000077  001786      2E1E       0  CODE        2
                text9                          001786  00007A  001800      2F0C       0  CODE        2
                swtext1                        001800  000018  001818      3000       0  CONST       2
                stringtext1                    001818  000026  00183E      3030       0  STRCODE     2
                text84                         001D6A  000003  001D6D      3AD4       0  CODE        2
                text66                         001D6D  000003  001D70      3ADA       0  CODE        2
                text23                         001D70  000003  001D73      3AE0       0  CODE        2
                text46                         001D73  000004  001D77      3AE6       0  CODE        2
                text37                         001D77  000004  001D7B      3AEE       0  CODE        2
                text35                         001D7B  000004  001D7F      3AF6       0  CODE        2
                text21                         001D7F  000005  001D84      3AFE       0  CODE        2
                text20                         001D84  000005  001D89      3B08       0  CODE        2
                text101                        001D89  000006  001D8F      3B12       0  CODE        2
                text33                         001D8F  000006  001D95      3B1E       0  CODE        2
                text22                         001D95  000006  001D9B      3B2A       0  CODE        2
                clrtext                        001D9B  000006  001DA1      3B36       0  CODE        2
                idataBANK2                     001DA1  000006  001DA7      3B42       0  CODE        2
                text44                         001DA7  000007  001DAE      3B4E       0  CODE        2
                text41                         001DAE  000007  001DB5      3B5C       0  CODE        2
                text25                         001DB5  000007  001DBC      3B6A       0  CODE        2
                text95                         001DBC  000008  001DC4      3B78       0  CODE        2
                text65                         001DC4  000008  001DCC      3B88       0  CODE        2
                text47                         001DCC  000008  001DD4      3B98       0  CODE        2
                text38                         001DD4  000008  001DDC      3BA8       0  CODE        2
                text97                         001DDC  000009  001DE5      3BB8       0  CODE        2
                text74                         001DE5  000009  001DEE      3BCA       0  CODE        2
                text67                         001DEE  000009  001DF7      3BDC       0  CODE        2
                text43                         001DF7  000009  001E00      3BEE       0  CODE        2
                text40                         001E00  000009  001E09      3C00       0  CODE        2
                text26                         001E09  000009  001E12      3C12       0  CODE        2
                text99                         001E12  00000A  001E1C      3C24       0  CODE        2
                text34                         001E1C  00000C  001E28      3C38       0  CODE        2
                text102                        001E28  00000D  001E35      3C50       0  CODE        2
                text70                         001E35  00000D  001E42      3C6A       0  CODE        2
                text98                         001E42  00000E  001E50      3C84       0  CODE        2
                text64                         001E50  00000E  001E5E      3CA0       0  CODE        2
                text62                         001E5E  00000E  001E6C      3CBC       0  CODE        2
                text49                         001E6C  00000F  001E7B      3CD8       0  CODE        2
                text6                          001E7B  00000F  001E8A      3CF6       0  CODE        2
                text24                         001E8A  000010  001E9A      3D14       0  CODE        2
                text8                          001E9A  000010  001EAA      3D34       0  CODE        2
                text106                        001EAA  000011  001EBB      3D54       0  CODE        2
                text88                         001EBB  000011  001ECC      3D76       0  CODE        2
                text83                         001ECC  000012  001EDE      3D98       0  CODE        2
                text27                         001EDE  000012  001EF0      3DBC       0  CODE        2
                text5                          001EF0  000012  001F02      3DE0       0  CODE        2
                text11                         001F02  000013  001F15      3E04       0  CODE        2
                text72                         001F15  000015  001F2A      3E2A       0  CODE        2
                text50                         001F2A  000016  001F40      3E54       0  CODE        2
                text32                         001F40  000016  001F56      3E80       0  CODE        2
                text16                         001F56  000016  001F6C      3EAC       0  CODE        2
                text52                         001F6C  000017  001F83      3ED8       0  CODE        2
                text39                         001F83  000017  001F9A      3F06       0  CODE        2
                text3                          001F9A  000018  001FB2      3F34       0  CODE        2
                text51                         001FB2  00001A  001FCC      3F64       0  CODE        2
                text17                         001FCC  00001A  001FE6      3F98       0  CODE        2
                text15                         001FE6  00001A  002000      3FCC       0  CODE        2
                config                         008007  000002  008009     1000E       0  CONFIG      2


UNUSED ADDRESS RANGES

        Name                Unused          Largest block    Delta
        BANK0            0006E-0006F               2           1
        BANK1            000E9-000EF               7           1
        BANK10           00520-0056F              50           1
        BANK11           005A0-005EF              50           1
        BANK12           00620-0064F              30           1
        BANK2            0016C-0016F               4           1
        BANK3            001E1-001EF               F           1
        BANK4            00220-0026F              50           1
        BANK5            002A0-002EF              50           1
        BANK6            00320-0036F              50           1
        BANK7            003A0-003EF              50           1
        BANK8            00420-0046F              50           1
        BANK9            004A0-004EF              50           1
        BIGRAM           02000-023EF             3F0           1
        CODE             00800-00800               1           2
                         0183E-01D69             52C
        CONST            00800-00800               1           2
                         0183E-01D69             100
        EEDATA           0F000-0F0FF             100           2
        ENTRY            00800-00800               1           2
                         0183E-01D69             100
        IDLOC            08000-08003               4           2
        RAM              0006E-0006F               2           1
                         000E9-000EF               7
                         0016C-0016F               4
                         001E1-001EF               F
                         00220-0026F              50
                         002A0-002EF              50
                         00320-0036F              50
                         003A0-003EF              50
                         00420-0046F              50
                         004A0-004EF              50
                         00520-0056F              50
                         005A0-005EF              50
                         00620-0064F              30
        SFR0             00000-0001F              20           1
        SFR1             00080-0009F              20           1
        SFR10            00500-0051F              20           1
        SFR11            00580-0059F              20           1
        SFR12            00600-0061F              20           1
        SFR13            00680-006EF              70           1
        SFR14            00700-0076F              70           1
        SFR15            00780-007EF              70           1
        SFR16            00800-0086F              70           1
        SFR17            00880-008EF              70           1
        SFR18            00900-0096F              70           1
        SFR19            00980-009EF              70           1
        SFR2             00100-0011F              20           1
        SFR20            00A00-00A6F              70           1
        SFR21            00A80-00AEF              70           1
        SFR22            00B00-00B6F              70           1
        SFR23            00B80-00BEF              70           1
        SFR24            00C00-00C6F              70           1
        SFR25            00C80-00CEF              70           1
        SFR26            00D00-00D6F              70           1
        SFR27            00D80-00DEF              70           1
        SFR28            00E00-00E6F              70           1
        SFR29            00E80-00EEF              70           1
        SFR3             00180-0019F              20           1
        SFR30            00F00-00F6F              70           1
        SFR31            00F80-00FEF              70           1
        SFR4             00200-0021F              20           1
        SFR5             00280-0029F              20           1
        SFR6             00300-0031F              20           1
        SFR7             00380-0039F              20           1
        SFR8             00400-0041F              20           1
        SFR9             00480-0049F              20           1
        STACK            02131-023EF             2BF           1
        STRCODE          00800-00800               1           2
                         0183E-01D69             52C
        STRING           00800-00800               1           2
                         0183E-01D69             100

                                  Symbol Table

?_ADC_GetConversionResult                   cstackBANK0  00021
?_BMP_readTemperature                       cstackBANK1  000A6
?_HMC5883L_GetCompassDirection              cstackBANK1  000C8
?_Sensor_getSupplyVoltage                   cstackBANK0  00041
?___aldiv                                   cstackBANK0  00021
?___altoft                                  cstackBANK0  00029
?___awtoft                                  cstackBANK0  00029
?___ftadd                                   cstackBANK0  00059
?___ftdiv                                   cstackBANK0  00031
?___ftmul                                   cstackBANK0  00049
?___ftneg                                   cstackBANK0  00041
?___ftpack                                  cstackBANK0  00021
?___ftsub                                   cstackBANK0  00066
?___fttol                                   cstackBANK0  00066
?___lldiv                                   cstackBANK0  00021
?___lmul                                    cstackBANK0  00021
?___lwtoft                                  cstackBANK0  00029
?___wmul                                    cstackBANK0  00021
?_abs                                       cstackBANK0  00021
?_atan                                      cstackBANK1  000A3
?_atan2                                     cstackBANK1  000B3
?_eval_poly                                 cstackBANK0  00066
?_fabs                                      cstackBANK0  00044
ADC_SelectChannel@channel                   cstackBANK0  00022
BMP_init@t                                  cstackBANK0  0003F
BMP_readTemperature@status                  cstackBANK1  000B8
BMP_readTemperature@tmp                     cstackBANK1  000B9
DATAEE_ReadByte@bAdd                        cstackBANK0  00021
DATAEE_WriteByte@GIEBitValue                cstackBANK0  00023
DATAEE_WriteByte@bAdd                       cstackBANK0  00022
DATAEE_WriteByte@bData                      cstackBANK0  00021
DOOR_run@dir                                cstackBANK1  000D6
DOOR_update@closedAngle                     cstackBANK0  00027
DOOR_update@openAngle                       cstackBANK0  00029
Diag_getSensorHealth@var                    cstackBANK0  00022
Diag_setCompassHealth@health                cstackBANK0  00022
Diag_setTempSensorHealth@health             cstackBANK0  00022
HMC5883L_GetCompassDirection@h              cstackBANK1  000D0
HMC5883L_GetCompassDirection@rawSamples     cstackBANK1  000CA
HMC5883L_GetHeading@Mag                     cstackBANK0  00051
HMC5883L_GetHeading@i                       cstackBANK0  00054
HMC5883L_GetHeading@status                  cstackBANK0  00052
HMC5883L_GetHeading@tmp                     cstackBANK0  00053
HMC5883L_I2C_BufferRead@NumByteToRead       cstackBANK0  0003F
HMC5883L_I2C_BufferRead@ReadAddr            cstackBANK0  0003E
HMC5883L_I2C_BufferRead@pBuffer             cstackBANK0  0003C
HMC5883L_I2C_BufferRead@slaveAddr           cstackBANK0  00042
HMC5883L_I2C_ByteWrite@WriteAddr            cstackBANK0  0003A
HMC5883L_I2C_ByteWrite@pBuffer              cstackBANK0  00039
HMC5883L_I2C_ByteWrite@slaveAddr            cstackBANK0  0003D
HMC5883L_Initialize@tmp                     cstackBANK0  00043
HMC5883L_ReadBits@bitStart                  cstackBANK0  00044
HMC5883L_ReadBits@data                      cstackBANK0  00046
HMC5883L_ReadBits@length                    cstackBANK0  00045
HMC5883L_ReadBits@mask                      cstackBANK0  0004B
HMC5883L_ReadBits@regAddr                   cstackBANK0  00043
HMC5883L_ReadBits@slaveAddr                 cstackBANK0  0004A
HMC5883L_ReadBits@tmp                       cstackBANK0  0004C
HMC5883L_SetGain@gain                       cstackBANK0  00040
HMC5883L_SetGain@tmp                        cstackBANK0  00041
HMC5883L_SetMode@newMode                    cstackBANK0  00040
HMC5883L_SetMode@tmp                        cstackBANK0  00041
HMC5883L_TestConnection@F3560               bssBANK2     00135
HMC5883L_WriteBits@bitStart                 cstackBANK0  00044
HMC5883L_WriteBits@data                     cstackBANK0  00046
HMC5883L_WriteBits@length                   cstackBANK0  00045
HMC5883L_WriteBits@mask                     cstackBANK0  0004B
HMC5883L_WriteBits@regAddr                  cstackBANK0  00043
HMC5883L_WriteBits@slaveAddr                cstackBANK0  0004A
HMC5883L_WriteBits@tmp                      cstackBANK0  0004C
I2C2_ISR@i2c_10bit_address_restart          bssBANK1     000E3
I2C2_ISR@i2c_address                        bssCOMMON    0007A
I2C2_ISR@i2c_bytes_left                     bssBANK1     000E4
I2C2_ISR@pi2c_buf_ptr                       bssBANK1     000DF
I2C2_MasterRead@address                     cstackBANK0  0002C
I2C2_MasterRead@length                      cstackBANK0  0002B
I2C2_MasterRead@pdata                       cstackBANK0  00029
I2C2_MasterRead@pflag                       cstackBANK0  0002E
I2C2_MasterRead@trBlock                     bssBANK3     001D2
I2C2_MasterReadTRBBuild@address             cstackBANK0  00024
I2C2_MasterReadTRBBuild@length              cstackBANK0  00023
I2C2_MasterReadTRBBuild@pdata               cstackBANK0  00021
I2C2_MasterReadTRBBuild@ptrb                cstackBANK0  00028
I2C2_MasterTRBInsert@count                  cstackBANK0  00024
I2C2_MasterTRBInsert@pflag                  cstackBANK0  00022
I2C2_MasterTRBInsert@ptrb_list              cstackBANK0  00021
I2C2_MasterWrite@address                    cstackBANK0  00029
I2C2_MasterWrite@length                     cstackBANK0  00028
I2C2_MasterWrite@pdata                      cstackBANK0  0002E
I2C2_MasterWrite@pflag                      cstackBANK0  0002B
I2C2_MasterWrite@trBlock                    bssBANK2     00159
I2C2_MasterWriteTRBBuild@address            cstackBANK0  00023
I2C2_MasterWriteTRBBuild@length             cstackBANK0  00022
I2C2_MasterWriteTRBBuild@pdata              cstackBANK0  00021
I2C2_MasterWriteTRBBuild@ptrb               cstackBANK0  00027
I2C2_Stop@completion_code                   cstackCOMMON 00072
I2C_BufferRead@NumByteToRead                cstackBANK0  00034
I2C_BufferRead@ReadAddr                     cstackBANK0  00033
I2C_BufferRead@pBuffer                      cstackBANK0  00031
I2C_BufferRead@slaveAddr                    cstackBANK0  0003A
I2C_BufferRead@status                       cstackBANK0  0003B
I2C_ByteWrite@WriteAddr                     cstackBANK0  00030
I2C_ByteWrite@data                          cstackBANK0  00036
I2C_ByteWrite@pBuffer                       cstackBANK0  0002F
I2C_ByteWrite@slaveAddr                     cstackBANK0  00035
I2C_ByteWrite@status                        cstackBANK0  00038
IOCAF2_SetInterruptHandler@InterruptHandler cstackBANK0  00021
RF_DataIsReady@channel                      cstackBANK0  00027
RF_DataIsReady@status                       cstackBANK0  00028
RF_ReadRegister@reg                         cstackBANK0  00024
RF_ReadRegister@val                         cstackBANK0  00025
RF_ReadRegisterData@buf                     cstackBANK0  0002A
RF_ReadRegisterData@bufSize                 cstackBANK0  0002B
RF_ReadRegisterData@reg                     cstackBANK0  0002E
RF_ResetStatusIRQ@flags                     cstackBANK0  00026
RF_RxPayload@payload                        cstackBANK0  00032
RF_RxPayload@payloadSize                    cstackBANK0  0002F
RF_TxPayload@payload                        cstackBANK0  00030
RF_TxPayload@payloadSize                    cstackBANK0  0002E
RF_Write@val                                cstackBANK0  00023
RF_WriteRegister@reg                        cstackBANK0  00024
RF_WriteRegister@val                        cstackBANK0  00023
RF_WriteRegisterData@buf                    cstackBANK0  00029
RF_WriteRegisterData@bufSize                cstackBANK0  0002B
RF_WriteRegisterData@reg                    cstackBANK0  0002D
SPI1_Exchange8bit@data                      cstackBANK0  00021
SPI_WriteBuffer@bufOut                      cstackBANK0  00023
SPI_WriteBuffer@bufSize                     cstackBANK0  00025
SPI_WriteBuffer@i                           cstackBANK0  00028
SPI_WriteRead@val                           cstackBANK0  00022
SPI_WriteReadBuffer@bufIn                   cstackBANK0  00023
SPI_WriteReadBuffer@bufOut                  cstackBANK0  00028
SPI_WriteReadBuffer@bufSize                 cstackBANK0  00024
SPI_WriteReadBuffer@i                       cstackBANK0  00029
Sensor_getSupplyVoltage@res                 cstackBANK0  00047
Sensor_getSupplyVoltage@voltage             cstackBANK0  00044
Storage_load@byte                           cstackBANK0  00026
Storage_load@closeAngle                     cstackBANK0  00024
Storage_load@openAngle                      cstackBANK0  00027
Storage_save@closeAngle                     cstackBANK0  00024
Storage_save@openAngle                      cstackBANK0  00026
TMR1_SetInterruptHandler@InterruptHandler   cstackBANK0  00021
Timeout_setTimeout@val                      cstackBANK0  00021
Wireless_checkDataReceived@channel          cstackBANK0  0003B
Wireless_checkDataReceived@data             cstackBANK0  00037
Wireless_init@TADDR                         stringtext3  01839
Wireless_packageData@data                   cstackBANK1  000C0
Wireless_packageData@openTime               cstackBANK1  000BA
Wireless_packageData@status                 cstackBANK1  000C6
Wireless_packageData@t1                     cstackBANK1  000C9
Wireless_packageData@t2                     cstackBANK1  000C7
Wireless_packageData@tempC                  cstackBANK1  000BB
Wireless_packageData@var                    cstackBANK1  000C5
Wireless_sendData@payload                   cstackBANK0  00032
Wireless_sleep@reg                          cstackBANK0  00030
Wireless_wake@reg                           cstackBANK0  00030
_ADCON0                                     (abs)        0009D
_ADCON0bits                                 (abs)        0009D
_ADCON1                                     (abs)        0009E
_ADC_GetConversionResult                    text26       01E09
_ADC_Initialize                             text47       01DCC
_ADC_IsConversionDone                       text25       01DB5
_ADC_SelectChannel                          text24       01E8A
_ADC_StartConversion                        text23       01D70
_ADRESH                                     (abs)        0009C
_ADRESL                                     (abs)        0009B
_ANSELA                                     (abs)        0018C
_ANSELB                                     (abs)        0018D
_ANSELC                                     (abs)        0018E
_APFCON0                                    (abs)        0011D
_APFCON1                                    (abs)        0011E
_BMP_init                                   text85       01627
_BMP_readTemperature                        text71       0006F
_BMP_readTemperature$2611                   cstackBANK1  000B5
_BORCON                                     (abs)        00116
_DATAEE_ReadByte                            text70       01E35
_DATAEE_WriteByte                           text69       011A2
_DOOR_init                                  text67       01DEE
_DOOR_resetPos                              text18       01000
_DOOR_run                                   text48       0092B
_DOOR_update                                text16       01F56
_Diag_getCompassHealth                      text66       01D6D
_Diag_getSensorHealth                       text27       01EDE
_Diag_getTempSensorHealth                   text84       01D6A
_Diag_setCompassHealth                      text65       01DC4
_Diag_setTempSensorHealth                   text95       01DBC
_EEADRH                                     (abs)        00192
_EEADRL                                     (abs)        00191
_EECON1bits                                 (abs)        00195
_EECON2                                     (abs)        00196
_EEDATH                                     (abs)        00194
_EEDATL                                     (abs)        00193
_FVRCON                                     (abs)        00117
_FVRCONbits                                 (abs)        00117
_FVR_Initialize                             text46       01D73
_FVR_IsOutputReady                          text22       01D95
_HMC5883L_GetCompassDirection               text53       009B1
_HMC5883L_GetHeading                        text61       0170F
_HMC5883L_I2C_BufferRead                    text83       01ECC
_HMC5883L_I2C_ByteWrite                     text64       01E50
_HMC5883L_Initialize                        text50       01F2A
_HMC5883L_ReadBits                          text82       0138F
_HMC5883L_SetGain                           text52       01F6C
_HMC5883L_SetMode                           text51       01FB2
_HMC5883L_WakeUp                            text62       01E5E
_HMC5883L_WriteBits                         text63       0146C
_HMC5883Lmode                               bssBANK1     000E2
_I2C2_BusCollisionISR                       text107      00801
_I2C2_FunctionComplete                      text106      01EAA
_I2C2_ISR                                   text104      00D3F
_I2C2_Initialize                            text45       01004
_I2C2_MasterRead                            text92       011E8
_I2C2_MasterReadTRBBuild                    text94       00802
_I2C2_MasterTRBInsert                       text93       0150F
_I2C2_MasterWrite                           text90       01210
_I2C2_MasterWriteTRBBuild                   text91       0117F
_I2C2_Stop                                  text105      0108C
_I2C_BufferRead                             text87       01564
_I2C_ByteWrite                              text86       01295
_INTCONbits                                 (abs)        0000B
_INTERRUPT_InterruptManager                 intentry     00004
_IOCAF2_DefaultInterruptHandler             text103      00002
_IOCAF2_ISR                                 text102      01E28
_IOCAF2_InterruptHandler                    nvBANK2      0016A
_IOCAF2_SetInterruptHandler                 text43       01DF7
_IOCAFbits                                  (abs)        00393
_IOCANbits                                  (abs)        00392
_IOCAPbits                                  (abs)        00391
_LATA                                       (abs)        0010C
_LATB                                       (abs)        0010D
_LATC                                       (abs)        0010E
_LATCbits                                   (abs)        0010E
_OPTION_REGbits                             (abs)        00095
_OSCCON                                     (abs)        00099
_OSCILLATOR_Initialize                      text44       01DA7
_OSCTUNE                                    (abs)        00098
_PIE1bits                                   (abs)        00091
_PIE4bits                                   (abs)        00094
_PIN_MANAGER_IOC                            text101      01D89
_PIN_MANAGER_Initialize                     text42       0123A
_PIR1bits                                   (abs)        00011
_PIR4bits                                   (abs)        00014
_PORTCbits                                  (abs)        0000E
_PR2                                        (abs)        0001B
_RF_DataIsReady                             text14       010C6
_RF_Init                                    text35       01D7B
_RF_ReadRegister                            text15       01FE6
_RF_ReadRegisterData                        text12       010E3
_RF_ResetStatusIRQ                          text31       0113D
_RF_RxPayload                               text11       01F02
_RF_TxPayload                               text7        01055
_RF_Write                                   text8        01E9A
_RF_WriteRegister                           text32       01F40
_RF_WriteRegisterData                       text29       010A9
_SPI1_Exchange8bit                          text34       01E1C
_SPI1_Initialize                            text41       01DAE
_SPI_WriteBuffer                            text30       0103A
_SPI_WriteRead                              text33       01D8F
_SPI_WriteReadBuffer                        text13       007DF
_SSP1ADD                                    (abs)        00212
_SSP1BUF                                    (abs)        00211
_SSP1CON1                                   (abs)        00215
_SSP1CON1bits                               (abs)        00215
_SSP1STAT                                   (abs)        00214
_SSP1STATbits                               (abs)        00214
_SSP2ADD                                    (abs)        0021A
_SSP2BUF                                    (abs)        00219
_SSP2CON1                                   (abs)        0021D
_SSP2CON1bits                               (abs)        0021D
_SSP2CON2bits                               (abs)        0021E
_SSP2CON3                                   (abs)        0021F
_SSP2STAT                                   (abs)        0021C
_SYSTEM_Initialize                          text36       0101F
_Sensor_getSupplyVoltage                    text19       0134A
_Sensor_peripheralSleep                     text21       01D7F
_Sensor_peripheralWake                      text20       01D84
_Storage_load                               text68       013D5
_Storage_save                               text17       01FCC
_T1CON                                      (abs)        00018
_T1CONbits                                  (abs)        00018
_T1GCON                                     (abs)        00019
_T1GCONbits                                 (abs)        00019
_T2CON                                      (abs)        0001C
_T2CONbits                                  (abs)        0001C
_TMR1H                                      (abs)        00017
_TMR1L                                      (abs)        00016
_TMR1_CallBack                              text98       01E42
_TMR1_DefaultInterruptHandler               text100      00003
_TMR1_ISR                                   text97       01DDC
_TMR1_Initialize                            text39       01F83
_TMR1_InterruptHandler                      nvBANK2      00168
_TMR1_SetInterruptHandler                   text40       01E00
_TMR2                                       (abs)        0001A
_TMR2_Initialize                            text38       01DD4
_TRISA                                      (abs)        0008C
_TRISB                                      (abs)        0008D
_TRISC                                      (abs)        0008E
_Timeout_hasExpired                         text89       0141F
_Timeout_increment                          text99       01E12
_Timeout_setTimeout                         text88       01EBB
_WDTCON                                     (abs)        00097
_WDT_Initialize                             text37       01D77
_WPUA                                       (abs)        0020C
_WPUB                                       (abs)        0020D
_WPUC                                       (abs)        0020E
_WPUCbits                                   (abs)        0020E
_Wireless_checkDataReceived                 text9        01786
_Wireless_init                              text28       0082E
_Wireless_packageData                       text4        0071F
_Wireless_sendData                          text6        01E7B
_Wireless_sleep                             text3        01F9A
_Wireless_wake                              text2        0111E
__CFG_BOREN$ON                              (abs)        00000
__CFG_BORV$LO                               (abs)        00000
__CFG_CLKOUTEN$OFF                          (abs)        00000
__CFG_CP$OFF                                (abs)        00000
__CFG_CPD$OFF                               (abs)        00000
__CFG_FCMEN$ON                              (abs)        00000
__CFG_FOSC$INTOSC                           (abs)        00000
__CFG_IESO$ON                               (abs)        00000
__CFG_LVP$ON                                (abs)        00000
__CFG_MCLRE$ON                              (abs)        00000
__CFG_PLLEN$OFF                             (abs)        00000
__CFG_PWRTE$OFF                             (abs)        00000
__CFG_STVREN$ON                             (abs)        00000
__CFG_WDTE$NSLEEP                           (abs)        00000
__CFG_WRT$OFF                               (abs)        00000
__Habs1                                     abs1         00000
__Hbank0                                    bank0        00000
__Hbank1                                    bank1        00000
__Hbank10                                   bank10       00000
__Hbank11                                   bank11       00000
__Hbank12                                   bank12       00000
__Hbank13                                   bank13       00000
__Hbank14                                   bank14       00000
__Hbank15                                   bank15       00000
__Hbank16                                   bank16       00000
__Hbank17                                   bank17       00000
__Hbank18                                   bank18       00000
__Hbank19                                   bank19       00000
__Hbank2                                    bank2        00000
__Hbank20                                   bank20       00000
__Hbank21                                   bank21       00000
__Hbank22                                   bank22       00000
__Hbank23                                   bank23       00000
__Hbank24                                   bank24       00000
__Hbank25                                   bank25       00000
__Hbank26                                   bank26       00000
__Hbank27                                   bank27       00000
__Hbank28                                   bank28       00000
__Hbank29                                   bank29       00000
__Hbank3                                    bank3        00000
__Hbank30                                   bank30       00000
__Hbank31                                   bank31       00000
__Hbank4                                    bank4        00000
__Hbank5                                    bank5        00000
__Hbank6                                    bank6        00000
__Hbank7                                    bank7        00000
__Hbank8                                    bank8        00000
__Hbank9                                    bank9        00000
__Hbigram                                   bigram       00000
__HbssBANK1                                 bssBANK1     00000
__HbssBANK2                                 bssBANK2     00000
__HbssBANK3                                 bssBANK3     00000
__HbssCOMMON                                bssCOMMON    00000
__Hcinit                                    cinit        0006F
__Hclrtext                                  clrtext      00000
__Hcode                                     code         00000
__Hcommon                                   common       00000
__Hconfig                                   config       08009
__HcstackBANK0                              cstackBANK0  00000
__HcstackBANK1                              cstackBANK1  00000
__HcstackBANK3                              cstackBANK3  00000
__HcstackCOMMON                             cstackCOMMON 00000
__HdataBANK1                                dataBANK1    00000
__HdataBANK2                                dataBANK2    00000
__Heeprom_data                              eeprom_data  00000
__Hend_init                                 end_init     00039
__Hfunctab                                  functab      00000
__HidataBANK1                               idataBANK1   00000
__HidataBANK2                               idataBANK2   00000
__Hidloc                                    idloc        00000
__Hinit                                     init         00037
__Hintentry                                 intentry     00037
__Hmaintext                                 maintext     00000
__HnvBANK2                                  nvBANK2      00000
__HnvCOMMON                                 nvCOMMON     00000
__Hpowerup                                  powerup      00000
__Hram                                      ram          00000
__Hreset_vec                                reset_vec    00002
__Hsfr0                                     sfr0         00000
__Hsfr1                                     sfr1         00000
__Hsfr10                                    sfr10        00000
__Hsfr11                                    sfr11        00000
__Hsfr12                                    sfr12        00000
__Hsfr13                                    sfr13        00000
__Hsfr14                                    sfr14        00000
__Hsfr15                                    sfr15        00000
__Hsfr16                                    sfr16        00000
__Hsfr17                                    sfr17        00000
__Hsfr18                                    sfr18        00000
__Hsfr19                                    sfr19        00000
__Hsfr2                                     sfr2         00000
__Hsfr20                                    sfr20        00000
__Hsfr21                                    sfr21        00000
__Hsfr22                                    sfr22        00000
__Hsfr23                                    sfr23        00000
__Hsfr24                                    sfr24        00000
__Hsfr25                                    sfr25        00000
__Hsfr26                                    sfr26        00000
__Hsfr27                                    sfr27        00000
__Hsfr28                                    sfr28        00000
__Hsfr29                                    sfr29        00000
__Hsfr3                                     sfr3         00000
__Hsfr30                                    sfr30        00000
__Hsfr31                                    sfr31        00000
__Hsfr4                                     sfr4         00000
__Hsfr5                                     sfr5         00000
__Hsfr6                                     sfr6         00000
__Hsfr7                                     sfr7         00000
__Hsfr8                                     sfr8         00000
__Hsfr9                                     sfr9         00000
__Hspace_0                                  (abs)        08009
__Hspace_1                                  (abs)        001E1
__Hspace_2                                  (abs)        00000
__Hspace_3                                  (abs)        00000
__Hstack                                    stack        00000
__Hstrings                                  strings      00000
__Hstringtext1                              stringtext1  00000
__Hstringtext2                              stringtext2  00000
__Hstringtext3                              stringtext3  00000
__Htext                                     text         00000
__Labs1                                     abs1         00000
__Lbank0                                    bank0        00000
__Lbank1                                    bank1        00000
__Lbank10                                   bank10       00000
__Lbank11                                   bank11       00000
__Lbank12                                   bank12       00000
__Lbank13                                   bank13       00000
__Lbank14                                   bank14       00000
__Lbank15                                   bank15       00000
__Lbank16                                   bank16       00000
__Lbank17                                   bank17       00000
__Lbank18                                   bank18       00000
__Lbank19                                   bank19       00000
__Lbank2                                    bank2        00000
__Lbank20                                   bank20       00000
__Lbank21                                   bank21       00000
__Lbank22                                   bank22       00000
__Lbank23                                   bank23       00000
__Lbank24                                   bank24       00000
__Lbank25                                   bank25       00000
__Lbank26                                   bank26       00000
__Lbank27                                   bank27       00000
__Lbank28                                   bank28       00000
__Lbank29                                   bank29       00000
__Lbank3                                    bank3        00000
__Lbank30                                   bank30       00000
__Lbank31                                   bank31       00000
__Lbank4                                    bank4        00000
__Lbank5                                    bank5        00000
__Lbank6                                    bank6        00000
__Lbank7                                    bank7        00000
__Lbank8                                    bank8        00000
__Lbank9                                    bank9        00000
__Lbigram                                   bigram       00000
__LbssBANK1                                 bssBANK1     00000
__LbssBANK2                                 bssBANK2     00000
__LbssBANK3                                 bssBANK3     00000
__LbssCOMMON                                bssCOMMON    00000
__Lcinit                                    cinit        00039
__Lclrtext                                  clrtext      00000
__Lcode                                     code         00000
__Lcommon                                   common       00000
__Lconfig                                   config       08007
__LcstackBANK0                              cstackBANK0  00000
__LcstackBANK1                              cstackBANK1  00000
__LcstackBANK3                              cstackBANK3  00000
__LcstackCOMMON                             cstackCOMMON 00000
__LdataBANK1                                dataBANK1    00000
__LdataBANK2                                dataBANK2    00000
__Leeprom_data                              eeprom_data  00000
__Lend_init                                 end_init     00037
__Lfunctab                                  functab      00000
__LidataBANK1                               idataBANK1   00000
__LidataBANK2                               idataBANK2   00000
__Lidloc                                    idloc        00000
__Linit                                     init         00037
__Lintentry                                 intentry     00004
__Lmaintext                                 maintext     00000
__LnvBANK2                                  nvBANK2      00000
__LnvCOMMON                                 nvCOMMON     00000
__Lpowerup                                  powerup      00000
__Lram                                      ram          00000
__Lreset_vec                                reset_vec    00000
__Lsfr0                                     sfr0         00000
__Lsfr1                                     sfr1         00000
__Lsfr10                                    sfr10        00000
__Lsfr11                                    sfr11        00000
__Lsfr12                                    sfr12        00000
__Lsfr13                                    sfr13        00000
__Lsfr14                                    sfr14        00000
__Lsfr15                                    sfr15        00000
__Lsfr16                                    sfr16        00000
__Lsfr17                                    sfr17        00000
__Lsfr18                                    sfr18        00000
__Lsfr19                                    sfr19        00000
__Lsfr2                                     sfr2         00000
__Lsfr20                                    sfr20        00000
__Lsfr21                                    sfr21        00000
__Lsfr22                                    sfr22        00000
__Lsfr23                                    sfr23        00000
__Lsfr24                                    sfr24        00000
__Lsfr25                                    sfr25        00000
__Lsfr26                                    sfr26        00000
__Lsfr27                                    sfr27        00000
__Lsfr28                                    sfr28        00000
__Lsfr29                                    sfr29        00000
__Lsfr3                                     sfr3         00000
__Lsfr30                                    sfr30        00000
__Lsfr31                                    sfr31        00000
__Lsfr4                                     sfr4         00000
__Lsfr5                                     sfr5         00000
__Lsfr6                                     sfr6         00000
__Lsfr7                                     sfr7         00000
__Lsfr8                                     sfr8         00000
__Lsfr9                                     sfr9         00000
__Lspace_0                                  (abs)        00000
__Lspace_1                                  (abs)        00000
__Lspace_2                                  (abs)        00000
__Lspace_3                                  (abs)        00000
__Lstack                                    stack        00000
__Lstrings                                  strings      00000
__Lstringtext1                              stringtext1  00000
__Lstringtext2                              stringtext2  00000
__Lstringtext3                              stringtext3  00000
__Ltext                                     text         00000
__S0                                        (abs)        08009
__S1                                        (abs)        001E1
__S2                                        (abs)        00000
__S3                                        (abs)        00000
___aldiv                                    text81       008A9
___aldiv@counter                            cstackBANK0  0002A
___aldiv@dividend                           cstackBANK0  00025
___aldiv@divisor                            cstackBANK0  00021
___aldiv@quotient                           cstackBANK0  0002C
___aldiv@sign                               cstackBANK0  0002B
___altoft                                   text79       0130D
___altoft@c                                 cstackBANK0  00029
___altoft@exp                               cstackBANK0  0002F
___altoft@sign                              cstackBANK0  00030
___awtoft                                   text78       0115D
___awtoft@c                                 cstackBANK0  00029
___awtoft@sign                              cstackBANK0  0002E
___bmul                                     text5        01EF0
___bmul@multiplicand                        cstackBANK0  00021
___bmul@multiplier                          cstackBANK0  00024
___bmul@product                             cstackBANK0  00023
___ftadd                                    text77       00C49
___ftadd@exp1                               cstackBANK0  00065
___ftadd@exp2                               cstackBANK0  00064
___ftadd@f1                                 cstackBANK0  00059
___ftadd@f2                                 cstackBANK0  0005C
___ftadd@sign                               cstackBANK0  00063
[...]
      Locals:         0       0       0       0       0       0       0       0       0       0       0       0       0       0
      Temps:          0       0       0       0       0       0       0       0       0       0       0       0       0       0
      Totals:         0       0       0       0       0       0       0       0       0       0       0       0       0       0
Total ram usage:        0 bytes
 Hardware stack levels used:    1
 This function calls:
		Nothing
 This function is called by:
		_TMR1_Initialize
		_TMR1_CallBack
 This function uses a non-reentrant model


 *************** function _PIN_MANAGER_IOC *****************
 Defined at:
		line 110 in file "mcc_generated_files/pin_manager.c"
 Parameters:    Size  Location     Type
		None
 Auto vars:     Size  Location     Type
		None
 Return value:  Size  Location     Type
                  1    wreg      void 
 Registers used:
		wreg, status,2, status,0, pclath, cstack
 Tracked objects:
		On entry : 
		On exit  : 
		Unchanged: 
 Data sizes:     COMMON   BANK0   BANK1   BANK2   BANK3   BANK4   BANK5   BANK6   BANK7   BANK8   BANK9  BANK10  BANK11  BANK12
      Params:         0       0       0       0       0       0       0       0       0       0       0       0       0       0
      Locals:         0       0       0       0       0       0       0       0       0       0       0       0       0       0
      Temps:          0       0       0       0       0       0       0       0       0       0       0       0       0       0
      Totals:         0       0       0       0       0       0       0       0       0       0       0       0       0       0
Total ram usage:        0 bytes
 Hardware stack levels used:    1
 Hardware stack levels required when called:    2
 This function calls:
		_IOCAF2_ISR
 This function is called by:
		_INTERRUPT_InterruptManager
 This function uses a non-reentrant model


 *************** function _IOCAF2_ISR *****************
 Defined at:
		line 124 in file "mcc_generated_files/pin_manager.c"
 Parameters:    Size  Location     Type
		None
 Auto vars:     Size  Location     Type
		None
 Return value:  Size  Location     Type
                  1    wreg      void 
 Registers used:
		wreg, status,2, status,0, pclath, cstack
 Tracked objects:
		On entry : 
		On exit  : 
		Unchanged: 
 Data sizes:     COMMON   BANK0   BANK1   BANK2   BANK3   BANK4   BANK5   BANK6   BANK7   BANK8   BANK9  BANK10  BANK11  BANK12
      Params:         0       0       0       0       0       0       0       0       0       0       0       0       0       0
      Locals:         0       0       0       0       0       0       0       0       0       0       0       0       0       0
      Temps:          0       0       0       0       0       0       0       0       0       0       0       0       0       0
      Totals:         0       0       0       0       0       0       0       0       0       0       0       0       0       0
Total ram usage:        0 bytes
 Hardware stack levels used:    1
 Hardware stack levels required when called:    1
 This function calls:
		Absolute function
		_IOCAF2_DefaultInterruptHandler
 This function is called by:
		_PIN_MANAGER_IOC
 This function uses a non-reentrant model


 *************** function _IOCAF2_DefaultInterruptHandler *****************
 Defined at:
		line 146 in file "mcc_generated_files/pin_manager.c"
 Parameters:    Size  Location     Type
		None
 Auto vars:     Size  Location     Type
		None
 Return value:  Size  Location     Type
                  1    wreg      void 
 Registers used:
		None
 Tracked objects:
		On entry : 
		On exit  : 
		Unchanged: 
 Data sizes:     COMMON   BANK0   BANK1   BANK2   BANK3   BANK4   BANK5   BANK6   BANK7   BANK8   BANK9  BANK10  BANK11  BANK12
      Params:         0       0       0       0       0       0       0       0       0       0       0       0       0       0
      Locals:         0       0       0       0       0       0       0       0       0       0       0       0       0       0
      Temps:          0       0       0       0       0       0       0       0       0       0       0       0       0       0
      Totals:         0       0       0       0       0       0       0       0       0       0       0       0       0       0
Total ram usage:        0 bytes
 Hardware stack levels used:    1
 This function calls:
		Nothing
 This function is called by:
		_PIN_MANAGER_Initialize
		_IOCAF2_ISR
 This function uses a non-reentrant model


 *************** function _I2C2_ISR *****************
 Defined at:
		line 233 in file "mcc_generated_files/i2c2.c"
 Parameters:    Size  Location     Type
		None
 Auto vars:     Size  Location     Type
		None
 Return value:  Size  Location     Type
                  1    wreg      void 
 Registers used:
		wreg, fsr0l, fsr0h, fsr1l, fsr1h, status,2, status,0, pclath, cstack
 Tracked objects:
		On entry : 
		On exit  : 
		Unchanged: 
 Data sizes:     COMMON   BANK0   BANK1   BANK2   BANK3   BANK4   BANK5   BANK6   BANK7   BANK8   BANK9  BANK10  BANK11  BANK12
      Params:         0       0       0       0       0       0       0       0       0       0       0       0       0       0
      Locals:         0       0       0       0       0       0       0       0       0       0       0       0       0       0
      Temps:          4       0       0       0       0       0       0       0       0       0       0       0       0       0
      Totals:         4       0       0       0       0       0       0       0       0       0       0       0       0       0
Total ram usage:        4 bytes
 Hardware stack levels used:    1
 Hardware stack levels required when called:    1
 This function calls:
		_I2C2_FunctionComplete
		_I2C2_Stop
 This function is called by:
		_INTERRUPT_InterruptManager
 This function uses a non-reentrant model


 *************** function _I2C2_Stop *****************
 Defined at:
		line 581 in file "mcc_generated_files/i2c2.c"
 Parameters:    Size  Location     Type
  completion_c    1    wreg     enum E2993
 Auto vars:     Size  Location     Type
  completion_c    1    2[COMMON] enum E2993
 Return value:  Size  Location     Type
                  1    wreg      void 
 Registers used:
		wreg, fsr1l, fsr1h, status,2, status,0
 Tracked objects:
		On entry : 
		On exit  : 
		Unchanged: 
 Data sizes:     COMMON   BANK0   BANK1   BANK2   BANK3   BANK4   BANK5   BANK6   BANK7   BANK8   BANK9  BANK10  BANK11  BANK12
      Params:         0       0       0       0       0       0       0       0       0       0       0       0       0       0
      Locals:         1       0       0       0       0       0       0       0       0       0       0       0       0       0
      Temps:          2       0       0       0       0       0       0       0       0       0       0       0       0       0
      Totals:         3       0       0       0       0       0       0       0       0       0       0       0       0       0
Total ram usage:        3 bytes
 Hardware stack levels used:    1
 This function calls:
		Nothing
 This function is called by:
		_I2C2_ISR
 This function uses a non-reentrant model


 *************** function _I2C2_FunctionComplete *****************
 Defined at:
		line 563 in file "mcc_generated_files/i2c2.c"
 Parameters:    Size  Location     Type
		None
 Auto vars:     Size  Location     Type
		None
 Return value:  Size  Location     Type
                  1    wreg      void 
 Registers used:
		wreg, status,2, status,0
 Tracked objects:
		On entry : 
		On exit  : 
		Unchanged: 
 Data sizes:     COMMON   BANK0   BANK1   BANK2   BANK3   BANK4   BANK5   BANK6   BANK7   BANK8   BANK9  BANK10  BANK11  BANK12
      Params:         0       0       0       0       0       0       0       0       0       0       0       0       0       0
      Locals:         0       0       0       0       0       0       0       0       0       0       0       0       0       0
      Temps:          1       0       0       0       0       0       0       0       0       0       0       0       0       0
      Totals:         1       0       0       0       0       0       0       0       0       0       0       0       0       0
Total ram usage:        1 bytes
 Hardware stack levels used:    1
 This function calls:
		Nothing
 This function is called by:
		_I2C2_ISR
 This function uses a non-reentrant model


 *************** function _I2C2_BusCollisionISR *****************
 Defined at:
		line 729 in file "mcc_generated_files/i2c2.c"
 Parameters:    Size  Location     Type
		None
 Auto vars:     Size  Location     Type
		None
 Return value:  Size  Location     Type
                  1    wreg      void 
 Registers used:
		None
 Tracked objects:
		On entry : 
		On exit  : 
		Unchanged: 
 Data sizes:     COMMON   BANK0   BANK1   BANK2   BANK3   BANK4   BANK5   BANK6   BANK7   BANK8   BANK9  BANK10  BANK11  BANK12
      Params:         0       0       0       0       0       0       0       0       0       0       0       0       0       0
      Locals:         0       0       0       0       0       0       0       0       0       0       0       0       0       0
      Temps:          0       0       0       0       0       0       0       0       0       0       0       0       0       0
      Totals:         0       0       0       0       0       0       0       0       0       0       0       0       0       0
Total ram usage:        0 bytes
 Hardware stack levels used:    1
 This function calls:
		Nothing
 This function is called by:
		_INTERRUPT_InterruptManager
 This function uses a non-reentrant model



MODULE INFORMATION

Module		Function		Class		Link	Load	Size
doorlogic.c
		_DOOR_init     		CODE           	1DEE	0000	10
		_DOOR_resetPos 		CODE           	1000	0000	5
		_DOOR_update   		CODE           	1F56	0000	23
		_DOOR_run      		CODE           	092B	0000	135

doorlogic.c estimated size: 173

C:\Program Files (x86)\Microchip\xc8\v1.45\sources\common\ftneg.c
		___ftneg       		CODE           	1DE5	0000	10

C:\Program Files (x86)\Microchip\xc8\v1.45\sources\common\ftneg.c estimated size: 10

nrf24.c
		_SPI_WriteRead 		CODE           	1D8F	0000	7
		_RF_RxPayload  		CODE           	1F02	0000	20
		_RF_Write      		CODE           	1E9A	0000	17
		_SPI_WriteReadBuffer		CODE           	07DF	0000	33
		_RF_Init       		CODE           	1D7B	0000	5
		_RF_ReadRegister		CODE           	1FE6	0000	27
		_RF_TxPayload  		CODE           	1055	0000	28
		_RF_WriteRegister		CODE           	1F40	0000	23
		_RF_ReadRegisterData		CODE           	10E3	0000	30
		_RF_ResetStatusIRQ		CODE           	113D	0000	33
		_RF_WriteRegisterData		CODE           	10A9	0000	30
		_SPI_WriteBuffer		CODE           	103A	0000	28
		_RF_DataIsReady		CODE           	10C6	0000	30

nrf24.c estimated size: 311

C:\Program Files (x86)\Microchip\xc8\v1.45\sources\common\ftsub.c
		___ftsub       		CODE           	1100	0000	31

C:\Program Files (x86)\Microchip\xc8\v1.45\sources\common\ftsub.c estimated size: 31

C:\Program Files (x86)\Microchip\xc8\v1.45\sources\common\float.c
		___ftpack      		CODE           	15C2	0000	102

C:\Program Files (x86)\Microchip\xc8\v1.45\sources\common\float.c estimated size: 102

mcc_generated_files/fvr.c
		_FVR_IsOutputReady		CODE           	1D95	0000	7
		_FVR_Initialize		CODE           	1D73	0000	5

mcc_generated_files/fvr.c estimated size: 12

storage.c
		_Storage_load  		CODE           	13D5	0000	75
		_Storage_save  		CODE           	1FCC	0000	27

storage.c estimated size: 102

mcc_generated_files/tmr2.c
		_TMR2_Initialize		CODE           	1DD4	0000	9

mcc_generated_files/tmr2.c estimated size: 9

mcc_generated_files/interrupt_manager.c
		_INTERRUPT_InterruptManager		CODE           	0004	0000	52

mcc_generated_files/interrupt_manager.c estimated size: 52

C:\Program Files (x86)\Microchip\xc8\v1.45\sources\common\Umul16.c
		___wmul        		CODE           	1070	0000	29

C:\Program Files (x86)\Microchip\xc8\v1.45\sources\common\Umul16.c estimated size: 29

i2c_wrapper.c
		_I2C_BufferRead		CODE           	1564	0000	95
		_I2C_ByteWrite 		CODE           	1295	0000	61

i2c_wrapper.c estimated size: 156

bmp280.c
		_BMP_init      		CODE           	1627	0000	117
		_BMP_readTemperature		CODE           	006F	0000	718

bmp280.c estimated size: 835

sensors.c
		_Sensor_getSupplyVoltage		CODE           	134A	0000	70
		_Sensor_peripheralWake		CODE           	1D84	0000	6
		_Sensor_peripheralSleep		CODE           	1D7F	0000	6

sensors.c estimated size: 82

C:\Program Files (x86)\Microchip\xc8\v1.45\sources\common\ftge.c
		___ftge        		CODE           	12D1	0000	61

C:\Program Files (x86)\Microchip\xc8\v1.45\sources\common\ftge.c estimated size: 61

mcc_generated_files/pin_manager.c
		_PIN_MANAGER_Initialize		CODE           	123A	0000	44
		_IOCAF2_DefaultInterruptHandler		CODE           	0002	0000	2
		_IOCAF2_ISR    		CODE           	1E28	0000	14
		_PIN_MANAGER_IOC		CODE           	1D89	0000	7
		_IOCAF2_SetInterruptHandler		CODE           	1DF7	0000	10

mcc_generated_files/pin_manager.c estimated size: 77

C:\Program Files (x86)\Microchip\xc8\v1.45\sources\common\fabs.c
		_fabs          		CODE           	11C5	0000	36

C:\Program Files (x86)\Microchip\xc8\v1.45\sources\common\fabs.c estimated size: 36

mcc_generated_files/spi1.c
		_SPI1_Initialize		CODE           	1DAE	0000	8
		_SPI1_Exchange8bit		CODE           	1E1C	0000	13

mcc_generated_files/spi1.c estimated size: 21

C:\Program Files (x86)\Microchip\xc8\v1.45\sources\common\ftmul.c
		___ftmul       		CODE           	0B95	0000	181

C:\Program Files (x86)\Microchip\xc8\v1.45\sources\common\ftmul.c estimated size: 181

mcc_generated_files/adc.c
		_ADC_Initialize		CODE           	1DCC	0000	9
		_ADC_IsConversionDone		CODE           	1DB5	0000	8
		_ADC_GetConversionResult		CODE           	1E09	0000	10
		_ADC_StartConversion		CODE           	1D70	0000	4
		_ADC_SelectChannel		CODE           	1E8A	0000	17

mcc_generated_files/adc.c estimated size: 48

C:\Program Files (x86)\Microchip\xc8\v1.45\sources\common\ftdiv.c
		___ftdiv       		CODE           	0AEC	0000	170

C:\Program Files (x86)\Microchip\xc8\v1.45\sources\common\ftdiv.c estimated size: 170

timeout.c
		_Timeout_increment		CODE           	1E12	0000	11
		_Timeout_hasExpired		CODE           	141F	0000	78
		_Timeout_setTimeout		CODE           	1EBB	0000	18

timeout.c estimated size: 107

C:\Program Files (x86)\Microchip\xc8\v1.45\sources\common\Umul32.c
		___lmul        		CODE           	1265	0000	49

C:\Program Files (x86)\Microchip\xc8\v1.45\sources\common\Umul32.c estimated size: 49

hmc5883l.c
		_HMC5883L_SetGain		CODE           	1F6C	0000	24
		_HMC5883L_Initialize		CODE           	1F2A	0000	23
		_HMC5883L_GetCompassDirection		CODE           	09B1	0000	157
		_HMC5883L_ReadBits		CODE           	138F	0000	71
		_HMC5883L_WakeUp		CODE           	1E5E	0000	15
		_HMC5883L_I2C_ByteWrite		CODE           	1E50	0000	15
		_HMC5883L_WriteBits		CODE           	146C	0000	81
		_HMC5883L_I2C_BufferRead		CODE           	1ECC	0000	19
		_HMC5883L_GetHeading		CODE           	170F	0000	120
		_HMC5883L_SetMode		CODE           	1FB2	0000	27

hmc5883l.c estimated size: 552

C:\Program Files (x86)\Microchip\xc8\v1.45\sources\common\atan2.c
		_atan2         		CODE           	033C	0000	540

C:\Program Files (x86)\Microchip\xc8\v1.45\sources\common\atan2.c estimated size: 540

wireless.c
		_Wireless_wake 		CODE           	111E	0000	32
		_Wireless_init 		CODE           	082E	0000	124
		_Wireless_sendData		CODE           	1E7B	0000	16
		_Wireless_packageData		CODE           	071F	0000	193
		_Wireless_sleep		CODE           	1F9A	0000	25
		_Wireless_checkDataReceived		CODE           	1786	0000	123

wireless.c estimated size: 513

shared
		atan@coeff_a   		STRCODE        	1818	0000	19
		atan@coeff_b   		STRCODE        	182A	0000	16
		__initialization		CODE           	0039	0000	51
		Wireless_init@TADDR		STRCODE        	1839	0000	6

shared estimated size: 92

mcc_generated_files/mcc.c
		_WDT_Initialize		CODE           	1D77	0000	5
		_OSCILLATOR_Initialize		CODE           	1DA7	0000	8
		_SYSTEM_Initialize		CODE           	101F	0000	28

mcc_generated_files/mcc.c estimated size: 41

C:\Program Files (x86)\Microchip\xc8\v1.45\sources\common\fttol.c
		___fttol       		CODE           	0A4D	0000	160

C:\Program Files (x86)\Microchip\xc8\v1.45\sources\common\fttol.c estimated size: 160

C:\Program Files (x86)\Microchip\xc8\v1.45\sources\common\atan.c
		_atan          		CODE           	0E88	0000	377

C:\Program Files (x86)\Microchip\xc8\v1.45\sources\common\atan.c estimated size: 377

C:\Program Files (x86)\Microchip\xc8\v1.45\sources\common\awtoft.c
		___awtoft      		CODE           	115D	0000	35

C:\Program Files (x86)\Microchip\xc8\v1.45\sources\common\awtoft.c estimated size: 35

mcc_generated_files/tmr1.c
		_TMR1_Initialize		CODE           	1F83	0000	24
		_TMR1_SetInterruptHandler		CODE           	1E00	0000	10
		_TMR1_DefaultInterruptHandler		CODE           	0003	0000	2
		_TMR1_CallBack 		CODE           	1E42	0000	15
		_TMR1_ISR      		CODE           	1DDC	0000	10

mcc_generated_files/tmr1.c estimated size: 61

mcc_generated_files/i2c2.c
		_I2C2_BusCollisionISR		CODE           	0801	0000	2
		_I2C2_MasterRead		CODE           	11E8	0000	41
		_I2C2_FunctionComplete		CODE           	1EAA	0000	18
		_I2C2_MasterWriteTRBBuild		CODE           	117F	0000	36
		_I2C2_ISR      		CODE           	0D3F	0000	330
		_I2C2_MasterWrite		CODE           	1210	0000	43
		_I2C2_Initialize		CODE           	1004	0000	28
		_I2C2_Stop     		CODE           	108C	0000	30
		_I2C2_MasterReadTRBBuild		CODE           	0802	0000	45
		_I2C2_MasterTRBInsert		CODE           	150F	0000	86

mcc_generated_files/i2c2.c estimated size: 659

C:\Program Files (x86)\Microchip\xc8\v1.45\sources\common\evalpoly.c
		_eval_poly     		CODE           	169B	0000	117

C:\Program Files (x86)\Microchip\xc8\v1.45\sources\common\evalpoly.c estimated size: 117

mcc_generated_files/memory.c
		_DATAEE_WriteByte		CODE           	11A2	0000	36
		_DATAEE_ReadByte		CODE           	1E35	0000	14

mcc_generated_files/memory.c estimated size: 50

C:\Program Files (x86)\Microchip\xc8\v1.45\sources\common\ftadd.c
		___ftadd       		CODE           	0C49	0000	247

C:\Program Files (x86)\Microchip\xc8\v1.45\sources\common\ftadd.c estimated size: 247

C:\Program Files (x86)\Microchip\xc8\v1.45\sources\common\abs.c
		_abs           		CODE           	1E6C	0000	16

C:\Program Files (x86)\Microchip\xc8\v1.45\sources\common\abs.c estimated size: 16

C:\Program Files (x86)\Microchip\xc8\v1.45\sources\common\lldiv.c
		___lldiv       		CODE           	14BC	0000	84

C:\Program Files (x86)\Microchip\xc8\v1.45\sources\common\lldiv.c estimated size: 84

C:\Program Files (x86)\Microchip\xc8\v1.45\sources\common\aldiv.c
		___aldiv       		CODE           	08A9	0000	131

C:\Program Files (x86)\Microchip\xc8\v1.45\sources\common\aldiv.c estimated size: 131

C:\Program Files (x86)\Microchip\xc8\v1.45\sources\common\Umul8.c
		___bmul        		CODE           	1EF0	0000	19

C:\Program Files (x86)\Microchip\xc8\v1.45\sources\common\Umul8.c estimated size: 19

diagnostics.c
		_Diag_getCompassHealth		CODE           	1D6D	0000	4
		_Diag_setCompassHealth		CODE           	1DC4	0000	9
		_Diag_getTempSensorHealth		CODE           	1D6A	0000	4
		_Diag_getSensorHealth		CODE           	1EDE	0000	19
		_Diag_setTempSensorHealth		CODE           	1DBC	0000	9

diagnostics.c estimated size: 45

main.c
		_main          		CODE           	0557	0000	457

main.c estimated size: 457

C:\Program Files (x86)\Microchip\xc8\v1.45\sources\common\lwtoft.c
		___lwtoft      		CODE           	1F15	0000	22

C:\Program Files (x86)\Microchip\xc8\v1.45\sources\common\lwtoft.c estimated size: 22

C:\Program Files (x86)\Microchip\xc8\v1.45\sources\common\altoft.c
		___altoft      		CODE           	130D	0000	62

C:\Program Files (x86)\Microchip\xc8\v1.45\sources\common\altoft.c estimated size: 62

